Archive member included to satisfy reference by file (symbol)

/home/lithium/Descargas/gcc-arm-none-eabi-5_3-2016q1/bin/../lib/gcc/arm-none-eabi/5.3.1/armv6-m/libgcc.a(_udivsi3.o)
                              build/obj/gpt_lld.o (__aeabi_uidiv)
/home/lithium/Descargas/gcc-arm-none-eabi-5_3-2016q1/bin/../lib/gcc/arm-none-eabi/5.3.1/armv6-m/libgcc.a(_dvmd_tls.o)
                              /home/lithium/Descargas/gcc-arm-none-eabi-5_3-2016q1/bin/../lib/gcc/arm-none-eabi/5.3.1/armv6-m/libgcc.a(_udivsi3.o) (__aeabi_idiv0)

Discarded input sections

 .text          0x00000000        0x0 build/obj/crt0.o
 .data          0x00000000        0x0 build/obj/crt0.o
 .bss           0x00000000        0x0 build/obj/crt0.o
 .text.__early_init
                0x00000000        0x4 build/obj/crt0.o
 .text          0x00000000        0x0 build/obj/vectors.o
 .data          0x00000000        0x0 build/obj/vectors.o
 .bss           0x00000000        0x0 build/obj/vectors.o
 .text          0x00000000        0x0 build/obj/chcore.o
 .data          0x00000000        0x0 build/obj/chcore.o
 .bss           0x00000000        0x0 build/obj/chcore.o
 .text          0x00000000        0x0 build/obj/chcore_v6m.o
 .data          0x00000000        0x0 build/obj/chcore_v6m.o
 .bss           0x00000000        0x0 build/obj/chcore_v6m.o
 .text          0x00000000        0x0 build/obj/nvic.o
 .data          0x00000000        0x0 build/obj/nvic.o
 .bss           0x00000000        0x0 build/obj/nvic.o
 .text.nvicDisableVector
                0x00000000       0x38 build/obj/nvic.o
 .text          0x00000000        0x0 build/obj/chsys.o
 .data          0x00000000        0x0 build/obj/chsys.o
 .bss           0x00000000        0x0 build/obj/chsys.o
 .text          0x00000000        0x0 build/obj/chdebug.o
 .data          0x00000000        0x0 build/obj/chdebug.o
 .bss           0x00000000        0x0 build/obj/chdebug.o
 .debug_info    0x00000000       0x80 build/obj/chdebug.o
 .debug_abbrev  0x00000000       0x26 build/obj/chdebug.o
 .debug_aranges
                0x00000000       0x18 build/obj/chdebug.o
 .debug_line    0x00000000       0x1d build/obj/chdebug.o
 .debug_str     0x00000000      0x1e1 build/obj/chdebug.o
 .comment       0x00000000       0x6f build/obj/chdebug.o
 .ARM.attributes
                0x00000000       0x31 build/obj/chdebug.o
 .text          0x00000000        0x0 build/obj/chlists.o
 .data          0x00000000        0x0 build/obj/chlists.o
 .bss           0x00000000        0x0 build/obj/chlists.o
 .debug_info    0x00000000       0x80 build/obj/chlists.o
 .debug_abbrev  0x00000000       0x26 build/obj/chlists.o
 .debug_aranges
                0x00000000       0x18 build/obj/chlists.o
 .debug_line    0x00000000       0x1d build/obj/chlists.o
 .debug_str     0x00000000      0x1e1 build/obj/chlists.o
 .comment       0x00000000       0x6f build/obj/chlists.o
 .ARM.attributes
                0x00000000       0x31 build/obj/chlists.o
 .text          0x00000000        0x0 build/obj/chvt.o
 .data          0x00000000        0x0 build/obj/chvt.o
 .bss           0x00000000        0x0 build/obj/chvt.o
 .text          0x00000000        0x0 build/obj/chschd.o
 .data          0x00000000        0x0 build/obj/chschd.o
 .bss           0x00000000        0x0 build/obj/chschd.o
 .text.chSchRescheduleS
                0x00000000       0x1c build/obj/chschd.o
 .text          0x00000000        0x0 build/obj/chthreads.o
 .data          0x00000000        0x0 build/obj/chthreads.o
 .bss           0x00000000        0x0 build/obj/chthreads.o
 .text.chThdCreateI
                0x00000000       0x50 build/obj/chthreads.o
 .text.chThdSetPriority
                0x00000000       0x28 build/obj/chthreads.o
 .text.chThdResume
                0x00000000       0x14 build/obj/chthreads.o
 .text.chThdTerminate
                0x00000000       0x10 build/obj/chthreads.o
 .text.chThdSleepUntil
                0x00000000       0x1c build/obj/chthreads.o
 .text.chThdYield
                0x00000000       0x20 build/obj/chthreads.o
 .text.chThdWait
                0x00000000       0x30 build/obj/chthreads.o
 .text          0x00000000        0x0 build/obj/chdynamic.o
 .data          0x00000000        0x0 build/obj/chdynamic.o
 .bss           0x00000000        0x0 build/obj/chdynamic.o
 .text.chThdAddRef
                0x00000000        0xc build/obj/chdynamic.o
 .text.chThdRelease
                0x00000000       0x50 build/obj/chdynamic.o
 .text.chThdCreateFromHeap
                0x00000000       0x3c build/obj/chdynamic.o
 .text.chThdCreateFromMemoryPool
                0x00000000       0x3c build/obj/chdynamic.o
 .debug_info    0x00000000      0x76c build/obj/chdynamic.o
 .debug_abbrev  0x00000000      0x19e build/obj/chdynamic.o
 .debug_loc     0x00000000      0x2af build/obj/chdynamic.o
 .debug_aranges
                0x00000000       0x38 build/obj/chdynamic.o
 .debug_ranges  0x00000000       0x28 build/obj/chdynamic.o
[...]
Memory Configuration

Name             Origin             Length             Attributes
flash            0x08000000         0x00008000
ram              0x20000000         0x00001000
*default*        0x00000000         0xffffffff

Linker script and memory map

LOAD build/obj/crt0.o
LOAD build/obj/vectors.o
LOAD build/obj/chcore.o
LOAD build/obj/chcore_v6m.o
LOAD build/obj/nvic.o
LOAD build/obj/chsys.o
LOAD build/obj/chdebug.o
LOAD build/obj/chlists.o
LOAD build/obj/chvt.o
LOAD build/obj/chschd.o
LOAD build/obj/chthreads.o
LOAD build/obj/chdynamic.o
LOAD build/obj/chregistry.o
LOAD build/obj/chsem.o
LOAD build/obj/chmtx.o
LOAD build/obj/chcond.o
LOAD build/obj/chevents.o
LOAD build/obj/chmsg.o
LOAD build/obj/chmboxes.o
LOAD build/obj/chqueues.o
LOAD build/obj/chmemcore.o
LOAD build/obj/chheap.o
LOAD build/obj/chmempools.o
LOAD build/obj/hal.o
LOAD build/obj/adc.o
LOAD build/obj/can.o
LOAD build/obj/ext.o
LOAD build/obj/gpt.o
LOAD build/obj/i2c.o
LOAD build/obj/icu.o
LOAD build/obj/mac.o
LOAD build/obj/mmc_spi.o
LOAD build/obj/mmcsd.o
LOAD build/obj/pal.o
LOAD build/obj/pwm.o
LOAD build/obj/rtc.o
LOAD build/obj/sdc.o
LOAD build/obj/serial.o
LOAD build/obj/serial_usb.o
LOAD build/obj/spi.o
LOAD build/obj/tm.o
LOAD build/obj/uart.o
LOAD build/obj/usb.o
LOAD build/obj/stm32_dma.o
LOAD build/obj/hal_lld.o
LOAD build/obj/adc_lld.o
LOAD build/obj/ext_lld_isr.o
LOAD build/obj/ext_lld.o
LOAD build/obj/pal_lld.o
LOAD build/obj/i2c_lld.o
LOAD build/obj/rtc_lld.o
LOAD build/obj/spi_lld.o
LOAD build/obj/gpt_lld.o
LOAD build/obj/icu_lld.o
LOAD build/obj/pwm_lld.o
LOAD build/obj/serial_lld.o
LOAD build/obj/uart_lld.o
LOAD build/obj/board.o
LOAD build/obj/chprintf.o
LOAD build/obj/AcelerometroV2.o
                0x00000400                __main_stack_size__ = 0x400
                0x00000400                __process_stack_size__ = 0x400
                0x20000000                __ram_start__ = ORIGIN (ram)
                0x00001000                __ram_size__ = LENGTH (ram)
                0x20001000                __ram_end__ = (__ram_start__ + __ram_size__)
                0x00000000                . = 0x0
                0x00000000                _text = .

startup         0x08000000       0xc0
 *(vectors)
 vectors        0x08000000       0xc0 build/obj/vectors.o
                0x08000000                _vectors

constructors    0x080000c0        0x0
                0x080000c0                PROVIDE (__init_array_start, .)
 *(SORT(.init_array.*))
 *(.init_array)
                0x080000c0                PROVIDE (__init_array_end, .)

destructors     0x080000c0        0x0
                0x080000c0                PROVIDE (__fini_array_start, .)
 *(.fini_array)
 *(SORT(.fini_array.*))
                0x080000c0                PROVIDE (__fini_array_end, .)

.text           0x080000c0     0x17ac
 *(.text.startup.*)
 .text.startup.main
                0x080000c0       0xbc build/obj/AcelerometroV2.o
                0x080000c0                main
 *(.text)
 *fill*         0x0800017c        0x4 
 .text          0x08000180      0x114 /home/lithium/Descargas/gcc-arm-none-eabi-5_3-2016q1/bin/../lib/gcc/arm-none-eabi/5.3.1/armv6-m/libgcc.a(_udivsi3.o)
                0x08000180                __udivsi3
                0x08000180                __aeabi_uidiv
                0x0800028c                __aeabi_uidivmod
 *fill*         0x08000294        0xc 
 .text          0x080002a0        0x4 /home/lithium/Descargas/gcc-arm-none-eabi-5_3-2016q1/bin/../lib/gcc/arm-none-eabi/5.3.1/armv6-m/libgcc.a(_dvmd_tls.o)
                0x080002a0                __aeabi_ldiv0
                0x080002a0                __aeabi_idiv0
 *(.text.*)
 *fill*         0x080002a4        0xc 
 .text.__late_init
                0x080002b0        0x4 build/obj/crt0.o
                0x080002b0                __late_init
 *fill*         0x080002b4        0xc 
 .text._default_exit
                0x080002c0        0x4 build/obj/crt0.o
                0x080002c0                _default_exit
 *fill*         0x080002c4        0xc 
 .text.ResetHandler
                0x080002d0      0x114 build/obj/crt0.o
                0x080002d0                ResetHandler
 *fill*         0x080003e4        0xc 
 .text._unhandled_exception
                0x080003f0        0x4 build/obj/vectors.o
                0x080003f0                Vector58
                0x080003f0                Vector5C
                0x080003f0                Vector8C
                0x080003f0                Vector94
                0x080003f0                VectorA8
                0x080003f0                VectorB4
                0x080003f0                Vector74
                0x080003f0                UsageFaultVector
                0x080003f0                DebugMonitorVector
                0x080003f0                Vector40
                0x080003f0                VectorBC
                0x080003f0                PendSVVector
                0x080003f0                Vector54
                0x080003f0                Vector98
                0x080003f0                Vector24
                0x080003f0                Vector84
                0x080003f0                BusFaultVector
                0x080003f0                SVCallVector
                0x080003f0                HardFaultVector
                0x080003f0                MemManageVector
                0x080003f0                VectorA0
                0x080003f0                Vector7C
                0x080003f0                VectorB0
                0x080003f0                Vector90
                0x080003f0                Vector60
                0x080003f0                Vector1C
                0x080003f0                Vector48
                0x080003f0                Vector70
                0x080003f0                Vector4C
                0x080003f0                Vector78
                0x080003f0                _unhandled_exception
                0x080003f0                Vector88
                0x080003f0                Vector50
                0x080003f0                Vector44
                0x080003f0                Vector28
                0x080003f0                VectorB8
                0x080003f0                Vector34
                0x080003f0                VectorA4
                0x080003f0                Vector20
 *fill*         0x080003f4        0xc 
 .text.port_halt
                0x08000400        0x4 build/obj/chcore.o
                0x08000400                port_halt
 *fill*         0x08000404        0xc 
 .text._port_switch_from_isr
                0x08000410       0x14 build/obj/chcore_v6m.o
                0x08000410                _port_switch_from_isr
 *fill*         0x08000424        0xc 
 .text.NMIVector
                0x08000430       0x10 build/obj/chcore_v6m.o
                0x08000430                NMIVector
 .text._port_irq_epilogue
                0x08000440       0x58 build/obj/chcore_v6m.o
                0x08000440                _port_irq_epilogue
 *fill*         0x08000498        0x8 
 .text.SysTickVector
                0x080004a0       0x14 build/obj/chcore_v6m.o
                0x080004a0                SysTickVector
 *fill*         0x080004b4        0xc 
 .text._port_switch
                0x080004c0       0x20 build/obj/chcore_v6m.o
                0x080004c0                _port_switch
 .text._port_thread_start
                0x080004e0        0xc build/obj/chcore_v6m.o
                0x080004e0                _port_thread_start
 *fill*         0x080004ec        0x4 
 .text.nvicEnableVector
                0x080004f0       0x40 build/obj/nvic.o
                0x080004f0                nvicEnableVector
 .text.nvicSetSystemHandlerPriority
                0x08000530       0x28 build/obj/nvic.o
                0x08000530                nvicSetSystemHandlerPriority
 *fill*         0x08000558        0x8 
 .text._idle_thread
                0x08000560       0x14 build/obj/chsys.o
                0x08000560                _idle_thread
 *fill*         0x08000574        0xc 
 .text.chSysInit
                0x08000580       0x74 build/obj/chsys.o
                0x08000580                chSysInit
 *fill*         0x080005f4        0xc 
 .text.chSysTimerHandlerI
                0x08000600       0x54 build/obj/chsys.o
                0x08000600                chSysTimerHandlerI
 *fill*         0x08000654        0xc 
 .text._vt_init
                0x08000660       0x18 build/obj/chvt.o
                0x08000660                _vt_init
 *fill*         0x08000678        0x8 
 .text.chVTSetI
                0x08000680       0x38 build/obj/chvt.o
                0x08000680                chVTSetI
 *fill*         0x080006b8        0x8 
 .text.chVTResetI
                0x080006c0       0x24 build/obj/chvt.o
                0x080006c0                chVTResetI
 *fill*         0x080006e4        0xc 
 .text.wakeup   0x080006f0       0x54 build/obj/chschd.o
 *fill*         0x08000744        0xc 
 .text._scheduler_init
                0x08000750       0x14 build/obj/chschd.o
                0x08000750                _scheduler_init
 *fill*         0x08000764        0xc 
 .text.chSchReadyI
                0x08000770       0x20 build/obj/chschd.o
                0x08000770                chSchReadyI
 .text.chSchGoSleepS
                0x08000790       0x24 build/obj/chschd.o
                0x08000790                chSchGoSleepS
 *fill*         0x080007b4        0xc 
 .text.chSchGoSleepTimeoutS
                0x080007c0       0x44 build/obj/chschd.o
                0x080007c0                chSchGoSleepTimeoutS
 *fill*         0x08000804        0xc 
 .text.chSchWakeupS
                0x08000810       0x50 build/obj/chschd.o
                0x08000810                chSchWakeupS
 .text.chSchDoRescheduleBehind
                0x08000860       0x40 build/obj/chschd.o
                0x08000860                chSchDoRescheduleBehind
 .text.chSchDoRescheduleAhead
                0x080008a0       0x3c build/obj/chschd.o
                0x080008a0                chSchDoRescheduleAhead
 *fill*         0x080008dc        0x4 
 .text.chSchDoReschedule
                0x080008e0       0x1c build/obj/chschd.o
                0x080008e0                chSchDoReschedule
 *fill*         0x080008fc        0x4 
 .text._thread_init
                0x08000900       0x3c build/obj/chthreads.o
                0x08000900                _thread_init
 *fill*         0x0800093c        0x4 
 .text.chThdCreateStatic
                0x08000940       0x60 build/obj/chthreads.o
                0x08000940                chThdCreateStatic
 .text.chThdSleep
                0x080009a0       0x10 build/obj/chthreads.o
                0x080009a0                chThdSleep
 .text.chThdExitS
                0x080009b0       0x3c build/obj/chthreads.o
                0x080009b0                chThdExitS
 *fill*         0x080009ec        0x4 
 .text.chThdExit
                0x080009f0        0xc build/obj/chthreads.o
                0x080009f0                chThdExit
 *fill*         0x080009fc        0x4 
 .text.chMtxInit
                0x08000a00        0xc build/obj/chmtx.o
                0x08000a00                chMtxInit
 *fill*         0x08000a0c        0x4 
 .text._core_init
                0x08000a10       0x28 build/obj/chmemcore.o
                0x08000a10                _core_init
 *fill*         0x08000a38        0x8 
 .text.chCoreAlloc
                0x08000a40       0x2c build/obj/chmemcore.o
                0x08000a40                chCoreAlloc
 *fill*         0x08000a6c        0x4 
 .text._heap_init
                0x08000a70       0x20 build/obj/chheap.o
                0x08000a70                _heap_init
 .text.halInit  0x08000a90       0x24 build/obj/hal.o
                0x08000a90                halInit
 *fill*         0x08000ab4        0xc 
 .text.gptInit  0x08000ac0        0x8 build/obj/gpt.o
                0x08000ac0                gptInit
 *fill*         0x08000ac8        0x8 
 .text.gptObjectInit
                0x08000ad0        0xc build/obj/gpt.o
                0x08000ad0                gptObjectInit
 *fill*         0x08000adc        0x4 
 .text.gptStart
                0x08000ae0       0x14 build/obj/gpt.o
                0x08000ae0                gptStart
 *fill*         0x08000af4        0xc 
 .text.gptStartOneShot
                0x08000b00       0x10 build/obj/gpt.o
                0x08000b00                gptStartOneShot
 .text.i2cInit  0x08000b10        0x8 build/obj/i2c.o
                0x08000b10                i2cInit
 *fill*         0x08000b18        0x8 
 .text.i2cObjectInit
                0x08000b20       0x14 build/obj/i2c.o
                0x08000b20                i2cObjectInit
 *fill*         0x08000b34        0xc 
 .text.i2cStart
                0x08000b40       0x14 build/obj/i2c.o
                0x08000b40                i2cStart
 *fill*         0x08000b54        0xc 
 .text.i2cMasterTransmitTimeout
                0x08000b60       0x38 build/obj/i2c.o
                0x08000b60                i2cMasterTransmitTimeout
 *fill*         0x08000b98        0x8 
 .text.uartInit
                0x08000ba0        0x8 build/obj/uart.o
                0x08000ba0                uartInit
 *fill*         0x08000ba8        0x8 
 .text.uartObjectInit
                0x08000bb0       0x10 build/obj/uart.o
                0x08000bb0                uartObjectInit
 .text.Vector64
                0x08000bc0       0x2c build/obj/stm32_dma.o
                0x08000bc0                Vector64
 *fill*         0x08000bec        0x4 
 .text.Vector68
                0x08000bf0       0x48 build/obj/stm32_dma.o
                0x08000bf0                Vector68
 *fill*         0x08000c38        0x8 
 .text.Vector6C
                0x08000c40       0x48 build/obj/stm32_dma.o
                0x08000c40                Vector6C
 *fill*         0x08000c88        0x8 
 .text.dmaInit  0x08000c90       0x50 build/obj/stm32_dma.o
                0x08000c90                dmaInit
 .text.dmaStreamAllocate
                0x08000ce0       0x80 build/obj/stm32_dma.o
                0x08000ce0                dmaStreamAllocate
 .text.hal_lld_init
                0x08000d60       0x90 build/obj/hal_lld.o
                0x08000d60                hal_lld_init
 .text.stm32_clock_init
                0x08000df0       0x98 build/obj/hal_lld.o
                0x08000df0                stm32_clock_init
 *fill*         0x08000e88        0x8 
 .text._pal_lld_init
                0x08000e90       0x98 build/obj/pal_lld.o
                0x08000e90                _pal_lld_init
 *fill*         0x08000f28        0x8 
 .text._pal_lld_setgroupmode
                0x08000f30       0xbc build/obj/pal_lld.o
                0x08000f30                _pal_lld_setgroupmode
 *fill*         0x08000fec        0x4 
 .text.i2c_lld_abort_operation
                0x08000ff0       0x58 build/obj/i2c_lld.o
 *fill*         0x08001048        0x8 
 .text.i2c_lld_safety_timeout
                0x08001050       0x24 build/obj/i2c_lld.o
 *fill*         0x08001074        0xc 
 .text.i2c_lld_serve_tx_end_irq
                0x08001080       0x24 build/obj/i2c_lld.o
 *fill*         0x080010a4        0xc 
 .text.i2c_lld_serve_rx_end_irq
                0x080010b0       0x44 build/obj/i2c_lld.o
 *fill*         0x080010f4        0xc 
 .text.Vector9C
                0x08001100      0x15c build/obj/i2c_lld.o
                0x08001100                Vector9C
 *fill*         0x0800125c        0x4 
 .text.i2c_lld_init
                0x08001260       0x28 build/obj/i2c_lld.o
                0x08001260                i2c_lld_init
 *fill*         0x08001288        0x8 
 .text.i2c_lld_start
                0x08001290       0xb0 build/obj/i2c_lld.o
                0x08001290                i2c_lld_start
 .text.i2c_lld_master_transmit_timeout
                0x08001340      0x12c build/obj/i2c_lld.o
                0x08001340                i2c_lld_master_transmit_timeout
 *fill*         0x0800146c        0x4 
 .text.Vector80
                0x08001470       0x34 build/obj/gpt_lld.o
                0x08001470                Vector80
 *fill*         0x080014a4        0xc 
 .text.gpt_lld_init
                0x080014b0       0x18 build/obj/gpt_lld.o
                0x080014b0                gpt_lld_init
 *fill*         0x080014c8        0x8 
 .text.gpt_lld_start
                0x080014d0       0x60 build/obj/gpt_lld.o
                0x080014d0                gpt_lld_start
 .text.gpt_lld_start_timer
                0x08001530       0x1c build/obj/gpt_lld.o
                0x08001530                gpt_lld_start_timer
 *fill*         0x0800154c        0x4 
 .text.VectorAC
                0x08001550       0x78 build/obj/uart_lld.o
                0x08001550                VectorAC
 *fill*         0x080015c8        0x8 
 .text.uart_lld_init
                0x080015d0       0x28 build/obj/uart_lld.o
                0x080015d0                uart_lld_init
 *fill*         0x080015f8        0x8 
 .text.__early_init
                0x08001600        0x8 build/obj/board.o
                0x08001600                __early_init
 *fill*         0x08001608        0x8 
 .text.boardInit
                0x08001610        0x4 build/obj/board.o
                0x08001610                boardInit
 *fill*         0x08001614        0xc 
 .text.gpt3cb   0x08001620        0xc build/obj/AcelerometroV2.o
 *fill*         0x0800162c        0x4 
 .text.MMA8451Standby
                0x08001630       0x3c build/obj/AcelerometroV2.o
                0x08001630                MMA8451Standby
 *fill*         0x0800166c        0x4 
 .text.MMA8451Active
                0x08001670       0x44 build/obj/AcelerometroV2.o
                0x08001670                MMA8451Active
 *fill*         0x080016b4        0xc 
 .text.init_MMA8451Q
                0x080016c0       0xb0 build/obj/AcelerometroV2.o
                0x080016c0                init_MMA8451Q
 *(.rodata)
 *(.rodata.*)
 .rodata.str1.4
                0x08001770        0x8 build/obj/chsys.o
                                  0x5 (size before relaxing)
 *fill*         0x08001778        0x8 
 .rodata.ch_debug
                0x08001780       0x16 build/obj/chregistry.o
                0x08001780                ch_debug
 *fill*         0x08001796        0xa 
 .rodata._stm32_dma_streams
                0x080017a0       0x3c build/obj/stm32_dma.o
                0x080017a0                _stm32_dma_streams
 *fill*         0x080017dc        0x4 
 .rodata.pal_default_config
                0x080017e0       0x70 build/obj/board.o
                0x080017e0                pal_default_config
 .rodata.gpt3cfg
                0x08001850        0xc build/obj/AcelerometroV2.o
 *fill*         0x0800185c        0x4 
 .rodata.i2cconfig
                0x08001860        0xc build/obj/AcelerometroV2.o
 *(.glue_7t)
 .glue_7t       0x0800186c        0x0 linker stubs
 *(.glue_7)
 .glue_7        0x0800186c        0x0 linker stubs
 *(.gcc*)

.vfp11_veneer   0x0800186c        0x0
 .vfp11_veneer  0x0800186c        0x0 linker stubs

.v4_bx          0x0800186c        0x0
 .v4_bx         0x0800186c        0x0 linker stubs

.iplt           0x0800186c        0x0
 .iplt          0x0800186c        0x0 build/obj/crt0.o

.rel.dyn        0x0800186c        0x0
 .rel.iplt      0x0800186c        0x0 build/obj/crt0.o

.ARM.extab
 *(.ARM.extab* .gnu.linkonce.armextab.*)

.ARM.exidx      0x0800186c        0x0
                [!provide]                PROVIDE (__exidx_start, .)
 *(.ARM.exidx* .gnu.linkonce.armexidx.*)
                [!provide]                PROVIDE (__exidx_end, .)

.eh_frame_hdr
 *(.eh_frame_hdr)

.eh_frame
 *(.eh_frame)

.textalign      0x0800186c        0x4
                0x08001870                . = ALIGN (0x8)
 *fill*         0x0800186c        0x4 
                0x08001870                . = ALIGN (0x4)
                0x08001870                _etext = .
                0x08001870                _textdata = _etext

.stacks         0x20000000      0x800
                0x20000000                . = ALIGN (0x8)
                0x20000000                __main_stack_base__ = .
                0x20000400                . = (. + __main_stack_size__)
 *fill*         0x20000000      0x400 
                0x20000400                . = ALIGN (0x8)
                0x20000400                __main_stack_end__ = .
                0x20000400                __process_stack_base__ = .
                0x20000400                __main_thread_stack_base__ = .
                0x20000800                . = (. + __process_stack_size__)
 *fill*         0x20000400      0x400 
                0x20000800                . = ALIGN (0x8)
                0x20000800                __process_stack_end__ = .
                0x20000800                __main_thread_stack_end__ = .

.data           0x20000800        0x0 load address 0x08001870
                0x20000800                . = ALIGN (0x4)
                0x20000800                PROVIDE (_data, .)
 *(.data)
 *(.data.*)
 *(.ramtext)
                0x20000800                . = ALIGN (0x4)
                0x20000800                PROVIDE (_edata, .)

.igot.plt       0x20000800        0x0 load address 0x08001870
 .igot.plt      0x20000800        0x0 build/obj/crt0.o

.bss            0x20000800      0x220
                0x20000800                . = ALIGN (0x4)
                0x20000800                PROVIDE (_bss_start, .)
 *(.bss)
 *(.bss.*)
 .bss.mainthread.4902
                0x20000800       0x48 build/obj/chsys.o
 .bss._idle_thread_wa
                0x20000848       0xe0 build/obj/chsys.o
                0x20000848                _idle_thread_wa
 .bss.vtlist    0x20000928       0x10 build/obj/chvt.o
                0x20000928                vtlist
 .bss.rlist     0x20000938       0x1c build/obj/chschd.o
                0x20000938                rlist
 .bss.endmem    0x20000954        0x4 build/obj/chmemcore.o
 .bss.nextmem   0x20000958        0x4 build/obj/chmemcore.o
 *fill*         0x2000095c        0x4 
 .bss.default_heap
                0x20000960       0x20 build/obj/chheap.o
 .bss.dma_isr_redir
                0x20000980       0x28 build/obj/stm32_dma.o
 .bss.dma_streams_mask
                0x200009a8        0x4 build/obj/stm32_dma.o
 .bss.I2CD1     0x200009ac       0x38 build/obj/i2c_lld.o
                0x200009ac                I2CD1
 .bss.GPTD3     0x200009e4       0x10 build/obj/gpt_lld.o
                0x200009e4                GPTD3
 .bss.UARTD1    0x200009f4       0x1c build/obj/uart_lld.o
                0x200009f4                UARTD1
 .bss.rxbuf     0x20000a10        0x6 build/obj/AcelerometroV2.o
 *fill*         0x20000a16        0x2 
 .bss.txbuf     0x20000a18        0x2 build/obj/AcelerometroV2.o
 *fill*         0x20000a1a        0x2 
 .bss.status    0x20000a1c        0x4 build/obj/AcelerometroV2.o
                0x20000a1c                status
 *(COMMON)
                0x20000a20                . = ALIGN (0x4)
                0x20000a20                PROVIDE (_bss_end, .)
                [!provide]                PROVIDE (end, .)
                0x20000a20                _end = .
                0x20000a20                __heap_base__ = _end
                0x20001000                __heap_end__ = __ram_end__
LOAD /home/lithium/Descargas/gcc-arm-none-eabi-5_3-2016q1/bin/../lib/gcc/arm-none-eabi/5.3.1/../../../../arm-none-eabi/lib/armv6-m/libstdc++.a
LOAD /home/lithium/Descargas/gcc-arm-none-eabi-5_3-2016q1/bin/../lib/gcc/arm-none-eabi/5.3.1/../../../../arm-none-eabi/lib/armv6-m/libm.a
START GROUP
LOAD /home/lithium/Descargas/gcc-arm-none-eabi-5_3-2016q1/bin/../lib/gcc/arm-none-eabi/5.3.1/armv6-m/libgcc.a
LOAD /home/lithium/Descargas/gcc-arm-none-eabi-5_3-2016q1/bin/../lib/gcc/arm-none-eabi/5.3.1/../../../../arm-none-eabi/lib/armv6-m/libg.a
LOAD /home/lithium/Descargas/gcc-arm-none-eabi-5_3-2016q1/bin/../lib/gcc/arm-none-eabi/5.3.1/../../../../arm-none-eabi/lib/armv6-m/libc.a
END GROUP
OUTPUT(build/BikeTracker.elf elf32-littlearm)

.debug_info     0x00000000     0x9d08
 .debug_info    0x00000000      0x29c build/obj/crt0.o
 .debug_info    0x0000029c      0x1d3 build/obj/vectors.o
 .debug_info    0x0000046f       0x99 build/obj/chcore.o
 .debug_info    0x00000508      0x714 build/obj/chcore_v6m.o
 .debug_info    0x00000c1c      0x40b build/obj/nvic.o
 .debug_info    0x00001027      0x94e build/obj/chsys.o
 .debug_info    0x00001975      0x20c build/obj/chvt.o
 .debug_info    0x00001b81      0x960 build/obj/chschd.o
 .debug_info    0x000024e1      0xa01 build/obj/chthreads.o
 .debug_info    0x00002ee2      0x5b2 build/obj/chregistry.o
 .debug_info    0x00003494      0x8f9 build/obj/chmtx.o
 .debug_info    0x00003d8d      0x1da build/obj/chmemcore.o
 .debug_info    0x00003f67      0x6e0 build/obj/chheap.o
 .debug_info    0x00004647      0x1ec build/obj/hal.o
 .debug_info    0x00004833      0x69e build/obj/gpt.o
 .debug_info    0x00004ed1      0x992 build/obj/i2c.o
 .debug_info    0x00005863      0x84e build/obj/uart.o
 .debug_info    0x000060b1      0x58d build/obj/stm32_dma.o
 .debug_info    0x0000663e      0x2dd build/obj/hal_lld.o
 .debug_info    0x0000691b      0x4ea build/obj/pal_lld.o
 .debug_info    0x00006e05      0xeff build/obj/i2c_lld.o
 .debug_info    0x00007d04      0x5e4 build/obj/gpt_lld.o
 .debug_info    0x000082e8      0xb48 build/obj/uart_lld.o
 .debug_info    0x00008e30      0x19c build/obj/board.o
 .debug_info    0x00008fcc      0xd3c build/obj/AcelerometroV2.o

.debug_abbrev   0x00000000     0x2a1d
 .debug_abbrev  0x00000000      0x106 build/obj/crt0.o
 .debug_abbrev  0x00000106       0xb2 build/obj/vectors.o
 .debug_abbrev  0x000001b8       0x42 build/obj/chcore.o
 .debug_abbrev  0x000001fa      0x191 build/obj/chcore_v6m.o
 .debug_abbrev  0x0000038b      0x11d build/obj/nvic.o
 .debug_abbrev  0x000004a8      0x1d0 build/obj/chsys.o
 .debug_abbrev  0x00000678      0x108 build/obj/chvt.o
 .debug_abbrev  0x00000780      0x2dc build/obj/chschd.o
 .debug_abbrev  0x00000a5c      0x2c0 build/obj/chthreads.o
 .debug_abbrev  0x00000d1c      0x142 build/obj/chregistry.o
 .debug_abbrev  0x00000e5e      0x2a8 build/obj/chmtx.o
 .debug_abbrev  0x00001106      0x13d build/obj/chmemcore.o
 .debug_abbrev  0x00001243      0x1a3 build/obj/chheap.o
 .debug_abbrev  0x000013e6       0xc1 build/obj/hal.o
 .debug_abbrev  0x000014a7      0x1ad build/obj/gpt.o
 .debug_abbrev  0x00001654      0x1c9 build/obj/i2c.o
 .debug_abbrev  0x0000181d      0x214 build/obj/uart.o
 .debug_abbrev  0x00001a31      0x1e7 build/obj/stm32_dma.o
 .debug_abbrev  0x00001c18       0xe9 build/obj/hal_lld.o
 .debug_abbrev  0x00001d01      0x187 build/obj/pal_lld.o
 .debug_abbrev  0x00001e88      0x33b build/obj/i2c_lld.o
 .debug_abbrev  0x000021c3      0x22c build/obj/gpt_lld.o
 .debug_abbrev  0x000023ef      0x340 build/obj/uart_lld.o
 .debug_abbrev  0x0000272f       0xc8 build/obj/board.o
 .debug_abbrev  0x000027f7      0x226 build/obj/AcelerometroV2.o

.debug_loc      0x00000000     0x2a3b
 .debug_loc     0x00000000       0x1e build/obj/crt0.o
 .debug_loc     0x0000001e       0x7f build/obj/chcore_v6m.o
 .debug_loc     0x0000009d      0x111 build/obj/nvic.o
 .debug_loc     0x000001ae       0x31 build/obj/chsys.o
 .debug_loc     0x000001df       0x86 build/obj/chvt.o
 .debug_loc     0x00000265      0x2ef build/obj/chschd.o
 .debug_loc     0x00000554      0x413 build/obj/chthreads.o
 .debug_loc     0x00000967       0x61 build/obj/chregistry.o
 .debug_loc     0x000009c8      0x372 build/obj/chmtx.o
 .debug_loc     0x00000d3a       0xbf build/obj/chmemcore.o
 .debug_loc     0x00000df9      0x357 build/obj/chheap.o
 .debug_loc     0x00001150      0x2d5 build/obj/gpt.o
 .debug_loc     0x00001425      0x24b build/obj/i2c.o
 .debug_loc     0x00001670      0x35f build/obj/uart.o
 .debug_loc     0x000019cf      0x1bf build/obj/stm32_dma.o
 .debug_loc     0x00001b8e      0x283 build/obj/pal_lld.o
 .debug_loc     0x00001e11      0x604 build/obj/i2c_lld.o
 .debug_loc     0x00002415      0x13e build/obj/gpt_lld.o
 .debug_loc     0x00002553      0x4e8 build/obj/uart_lld.o

.debug_aranges  0x00000000      0x6b8
 .debug_aranges
                0x00000000       0x30 build/obj/crt0.o
 .debug_aranges
                0x00000030       0x20 build/obj/vectors.o
 .debug_aranges
                0x00000050       0x20 build/obj/chcore.o
 .debug_aranges
                0x00000070       0x48 build/obj/chcore_v6m.o
 .debug_aranges
                0x000000b8       0x30 build/obj/nvic.o
 .debug_aranges
                0x000000e8       0x30 build/obj/chsys.o
 .debug_aranges
                0x00000118       0x30 build/obj/chvt.o
 .debug_aranges
                0x00000148       0x68 build/obj/chschd.o
 .debug_aranges
                0x000001b0       0x78 build/obj/chthreads.o
 .debug_aranges
                0x00000228       0x28 build/obj/chregistry.o
 .debug_aranges
                0x00000250       0x58 build/obj/chmtx.o
 .debug_aranges
                0x000002a8       0x38 build/obj/chmemcore.o
 .debug_aranges
                0x000002e0       0x40 build/obj/chheap.o
 .debug_aranges
                0x00000320       0x20 build/obj/hal.o
 .debug_aranges
                0x00000340       0x78 build/obj/gpt.o
 .debug_aranges
                0x000003b8       0x60 build/obj/i2c.o
 .debug_aranges
                0x00000418       0x78 build/obj/uart.o
 .debug_aranges
                0x00000490       0x48 build/obj/stm32_dma.o
 .debug_aranges
                0x000004d8       0x28 build/obj/hal_lld.o
 .debug_aranges
                0x00000500       0x28 build/obj/pal_lld.o
 .debug_aranges
                0x00000528       0x68 build/obj/i2c_lld.o
 .debug_aranges
                0x00000590       0x50 build/obj/gpt_lld.o
 .debug_aranges
                0x000005e0       0x70 build/obj/uart_lld.o
 .debug_aranges
                0x00000650       0x28 build/obj/board.o
 .debug_aranges
                0x00000678       0x40 build/obj/AcelerometroV2.o

.debug_ranges   0x00000000      0x7c8
 .debug_ranges  0x00000000       0x20 build/obj/crt0.o
 .debug_ranges  0x00000020       0x10 build/obj/vectors.o
 .debug_ranges  0x00000030       0x10 build/obj/chcore.o
 .debug_ranges  0x00000040       0x50 build/obj/chcore_v6m.o
 .debug_ranges  0x00000090       0x20 build/obj/nvic.o
 .debug_ranges  0x000000b0       0x20 build/obj/chsys.o
 .debug_ranges  0x000000d0       0x20 build/obj/chvt.o
 .debug_ranges  0x000000f0       0xb8 build/obj/chschd.o
 .debug_ranges  0x000001a8       0x80 build/obj/chthreads.o
 .debug_ranges  0x00000228       0x18 build/obj/chregistry.o
 .debug_ranges  0x00000240       0xd8 build/obj/chmtx.o
 .debug_ranges  0x00000318       0x40 build/obj/chmemcore.o
 .debug_ranges  0x00000358       0x30 build/obj/chheap.o
 .debug_ranges  0x00000388       0x10 build/obj/hal.o
 .debug_ranges  0x00000398       0x68 build/obj/gpt.o
 .debug_ranges  0x00000400       0x50 build/obj/i2c.o
 .debug_ranges  0x00000450       0x68 build/obj/uart.o
 .debug_ranges  0x000004b8       0x38 build/obj/stm32_dma.o
 .debug_ranges  0x000004f0       0x38 build/obj/hal_lld.o
 .debug_ranges  0x00000528       0x38 build/obj/pal_lld.o
 .debug_ranges  0x00000560       0x90 build/obj/i2c_lld.o
 .debug_ranges  0x000005f0       0x58 build/obj/gpt_lld.o
 .debug_ranges  0x00000648      0x138 build/obj/uart_lld.o
 .debug_ranges  0x00000780       0x18 build/obj/board.o
 .debug_ranges  0x00000798       0x30 build/obj/AcelerometroV2.o

.debug_line     0x00000000     0x3c12
 .debug_line    0x00000000      0x163 build/obj/crt0.o
 .debug_line    0x00000163      0x121 build/obj/vectors.o
 .debug_line    0x00000284       0x53 build/obj/chcore.o
 .debug_line    0x000002d7      0x232 build/obj/chcore_v6m.o
 .debug_line    0x00000509      0x15b build/obj/nvic.o
 .debug_line    0x00000664      0x235 build/obj/chsys.o
 .debug_line    0x00000899      0x195 build/obj/chvt.o
 .debug_line    0x00000a2e      0x335 build/obj/chschd.o
 .debug_line    0x00000d63      0x3b7 build/obj/chthreads.o
 .debug_line    0x0000111a      0x23a build/obj/chregistry.o
 .debug_line    0x00001354      0x342 build/obj/chmtx.o
 .debug_line    0x00001696      0x1c5 build/obj/chmemcore.o
 .debug_line    0x0000185b      0x2e1 build/obj/chheap.o
 .debug_line    0x00001b3c      0x1ce build/obj/hal.o
 .debug_line    0x00001d0a      0x268 build/obj/gpt.o
 .debug_line    0x00001f72      0x325 build/obj/i2c.o
 .debug_line    0x00002297      0x315 build/obj/uart.o
 .debug_line    0x000025ac      0x23a build/obj/stm32_dma.o
 .debug_line    0x000027e6      0x1ea build/obj/hal_lld.o
 .debug_line    0x000029d0      0x1d7 build/obj/pal_lld.o
 .debug_line    0x00002ba7      0x4ad build/obj/i2c_lld.o
 .debug_line    0x00003054      0x2ba build/obj/gpt_lld.o
 .debug_line    0x0000330e      0x426 build/obj/uart_lld.o
 .debug_line    0x00003734      0x185 build/obj/board.o
 .debug_line    0x000038b9      0x359 build/obj/AcelerometroV2.o

.debug_str      0x00000000     0x1c50
 .debug_str     0x00000000      0x2a9 build/obj/crt0.o
                                0x2ee (size before relaxing)
 .debug_str     0x000002a9      0x151 build/obj/vectors.o
                                0x328 (size before relaxing)
 .debug_str     0x000003fa       0x2d build/obj/chcore.o
                                0x1f0 (size before relaxing)
 .debug_str     0x00000427      0x2c2 build/obj/chcore_v6m.o
                                0x4c3 (size before relaxing)
 .debug_str     0x000006e9       0xbb build/obj/nvic.o
                                0x2fa (size before relaxing)
 .debug_str     0x000007a4      0x202 build/obj/chsys.o
                                0x640 (size before relaxing)
 .debug_str     0x000009a6       0x36 build/obj/chvt.o
                                0x27b (size before relaxing)
 .debug_str     0x000009dc       0xd5 build/obj/chschd.o
                                0x4f1 (size before relaxing)
 .debug_str     0x00000ab1       0xda build/obj/chthreads.o
                                0x55c (size before relaxing)
 .debug_str     0x00000b8b       0x42 build/obj/chregistry.o
                                0x4ea (size before relaxing)
 .debug_str     0x00000bcd       0x91 build/obj/chmtx.o
                                0x476 (size before relaxing)
 .debug_str     0x00000c5e       0x70 build/obj/chmemcore.o
                                0x25c (size before relaxing)
 .debug_str     0x00000cce       0xb3 build/obj/chheap.o
                                0x465 (size before relaxing)
 .debug_str     0x00000d81       0xce build/obj/hal.o
                                0x2a5 (size before relaxing)
 .debug_str     0x00000e4f      0x204 build/obj/gpt.o
                                0x3f0 (size before relaxing)
 .debug_str     0x00001053      0x24f build/obj/i2c.o
                                0x60e (size before relaxing)
 .debug_str     0x000012a2      0x2b3 build/obj/uart.o
                                0x549 (size before relaxing)
 .debug_str     0x00001555      0x2c2 build/obj/stm32_dma.o
                                0x56d (size before relaxing)
 .debug_str     0x00001817       0xa4 build/obj/hal_lld.o
                                0x2fc (size before relaxing)
 .debug_str     0x000018bb       0xc9 build/obj/pal_lld.o
                                0x384 (size before relaxing)
 .debug_str     0x00001984       0xdc build/obj/i2c_lld.o
                                0x7d9 (size before relaxing)
 .debug_str     0x00001a60       0x54 build/obj/gpt_lld.o
                                0x440 (size before relaxing)
 .debug_str     0x00001ab4       0xbd build/obj/uart_lld.o
                                0x653 (size before relaxing)
 .debug_str     0x00001b71       0x2e build/obj/board.o
                                0x291 (size before relaxing)
 .debug_str     0x00001b9f       0xb1 build/obj/AcelerometroV2.o
                                0x71e (size before relaxing)

.comment        0x00000000       0x6e
 .comment       0x00000000       0x6e build/obj/crt0.o
                                 0x6f (size before relaxing)
 .comment       0x0000006e       0x6f build/obj/vectors.o
 .comment       0x0000006e       0x6f build/obj/chcore.o
 .comment       0x0000006e       0x6f build/obj/chcore_v6m.o
 .comment       0x0000006e       0x6f build/obj/nvic.o
 .comment       0x0000006e       0x6f build/obj/chsys.o
 .comment       0x0000006e       0x6f build/obj/chvt.o
 .comment       0x0000006e       0x6f build/obj/chschd.o
 .comment       0x0000006e       0x6f build/obj/chthreads.o
 .comment       0x0000006e       0x6f build/obj/chregistry.o
 .comment       0x0000006e       0x6f build/obj/chmtx.o
 .comment       0x0000006e       0x6f build/obj/chmemcore.o
 .comment       0x0000006e       0x6f build/obj/chheap.o
 .comment       0x0000006e       0x6f build/obj/hal.o
 .comment       0x0000006e       0x6f build/obj/gpt.o
 .comment       0x0000006e       0x6f build/obj/i2c.o
 .comment       0x0000006e       0x6f build/obj/uart.o
 .comment       0x0000006e       0x6f build/obj/stm32_dma.o
 .comment       0x0000006e       0x6f build/obj/hal_lld.o
 .comment       0x0000006e       0x6f build/obj/pal_lld.o
 .comment       0x0000006e       0x6f build/obj/i2c_lld.o
 .comment       0x0000006e       0x6f build/obj/gpt_lld.o
 .comment       0x0000006e       0x6f build/obj/uart_lld.o
 .comment       0x0000006e       0x6f build/obj/board.o
 .comment       0x0000006e       0x6f build/obj/AcelerometroV2.o

.ARM.attributes
                0x00000000       0x31
 .ARM.attributes
                0x00000000       0x31 build/obj/crt0.o
 .ARM.attributes
                0x00000031       0x31 build/obj/vectors.o
 .ARM.attributes
                0x00000062       0x31 build/obj/chcore.o
 .ARM.attributes
                0x00000093       0x31 build/obj/chcore_v6m.o
 .ARM.attributes
                0x000000c4       0x31 build/obj/nvic.o
 .ARM.attributes
                0x000000f5       0x31 build/obj/chsys.o
 .ARM.attributes
                0x00000126       0x31 build/obj/chvt.o
 .ARM.attributes
                0x00000157       0x31 build/obj/chschd.o
 .ARM.attributes
                0x00000188       0x31 build/obj/chthreads.o
 .ARM.attributes
                0x000001b9       0x31 build/obj/chregistry.o
 .ARM.attributes
                0x000001ea       0x31 build/obj/chmtx.o
 .ARM.attributes
                0x0000021b       0x31 build/obj/chmemcore.o
 .ARM.attributes
                0x0000024c       0x31 build/obj/chheap.o
 .ARM.attributes
                0x0000027d       0x31 build/obj/hal.o
 .ARM.attributes
                0x000002ae       0x31 build/obj/gpt.o
 .ARM.attributes
                0x000002df       0x31 build/obj/i2c.o
 .ARM.attributes
                0x00000310       0x31 build/obj/uart.o
 .ARM.attributes
                0x00000341       0x31 build/obj/stm32_dma.o
 .ARM.attributes
                0x00000372       0x31 build/obj/hal_lld.o
 .ARM.attributes
                0x000003a3       0x31 build/obj/pal_lld.o
 .ARM.attributes
                0x000003d4       0x31 build/obj/i2c_lld.o
 .ARM.attributes
                0x00000405       0x31 build/obj/gpt_lld.o
 .ARM.attributes
                0x00000436       0x31 build/obj/uart_lld.o
 .ARM.attributes
                0x00000467       0x31 build/obj/board.o
 .ARM.attributes
                0x00000498       0x31 build/obj/AcelerometroV2.o
 .ARM.attributes
                0x000004c9       0x1e /home/lithium/Descargas/gcc-arm-none-eabi-5_3-2016q1/bin/../lib/gcc/arm-none-eabi/5.3.1/armv6-m/libgcc.a(_udivsi3.o)
 .ARM.attributes
                0x000004e7       0x1e /home/lithium/Descargas/gcc-arm-none-eabi-5_3-2016q1/bin/../lib/gcc/arm-none-eabi/5.3.1/armv6-m/libgcc.a(_dvmd_tls.o)

.debug_frame    0x00000000     0x1020
 .debug_frame   0x00000000       0x50 build/obj/crt0.o
 .debug_frame   0x00000050       0x20 build/obj/vectors.o
 .debug_frame   0x00000070       0x20 build/obj/chcore.o
 .debug_frame   0x00000090       0x7c build/obj/chcore_v6m.o
 .debug_frame   0x0000010c       0x68 build/obj/nvic.o
 .debug_frame   0x00000174       0x5c build/obj/chsys.o
 .debug_frame   0x000001d0       0x4c build/obj/chvt.o
 .debug_frame   0x0000021c      0x10c build/obj/chschd.o
 .debug_frame   0x00000328      0x144 build/obj/chthreads.o
 .debug_frame   0x0000046c       0x3c build/obj/chregistry.o
 .debug_frame   0x000004a8       0xdc build/obj/chmtx.o
 .debug_frame   0x00000584       0x50 build/obj/chmemcore.o
 .debug_frame   0x000005d4       0xb0 build/obj/chheap.o
 .debug_frame   0x00000684       0x2c build/obj/hal.o
 .debug_frame   0x000006b0      0x148 build/obj/gpt.o
 .debug_frame   0x000007f8      0x100 build/obj/i2c.o
 .debug_frame   0x000008f8      0x15c build/obj/uart.o
 .debug_frame   0x00000a54       0xc0 build/obj/stm32_dma.o
 .debug_frame   0x00000b14       0x3c build/obj/hal_lld.o
 .debug_frame   0x00000b50       0x54 build/obj/pal_lld.o
 .debug_frame   0x00000ba4      0x170 build/obj/i2c_lld.o
 .debug_frame   0x00000d14       0xb4 build/obj/gpt_lld.o
 .debug_frame   0x00000dc8      0x140 build/obj/uart_lld.o
 .debug_frame   0x00000f08       0x3c build/obj/board.o
 .debug_frame   0x00000f44       0xbc build/obj/AcelerometroV2.o
 .debug_frame   0x00001000       0x20 /home/lithium/Descargas/gcc-arm-none-eabi-5_3-2016q1/bin/../lib/gcc/arm-none-eabi/5.3.1/armv6-m/libgcc.a(_udivsi3.o)

Cross Reference Table

Symbol                                            File
BusFaultVector                                    build/obj/vectors.o
DebugMonitorVector                                build/obj/vectors.o
GPTD3                                             build/obj/gpt_lld.o
                                                  build/obj/AcelerometroV2.o
HardFaultVector                                   build/obj/vectors.o
I2CD1                                             build/obj/i2c_lld.o
                                                  build/obj/AcelerometroV2.o
MMA8451Active                                     build/obj/AcelerometroV2.o
MMA8451Standby                                    build/obj/AcelerometroV2.o
MemManageVector                                   build/obj/vectors.o
NMIVector                                         build/obj/chcore_v6m.o
                                                  build/obj/vectors.o
PendSVVector                                      build/obj/vectors.o
ResetHandler                                      build/obj/crt0.o
                                                  build/obj/vectors.o
SVCallVector                                      build/obj/vectors.o
SysTickVector                                     build/obj/chcore_v6m.o
                                                  build/obj/vectors.o
UARTD1                                            build/obj/uart_lld.o
UsageFaultVector                                  build/obj/vectors.o
Vector1C                                          build/obj/vectors.o
Vector20                                          build/obj/vectors.o
Vector24                                          build/obj/vectors.o
Vector28                                          build/obj/vectors.o
Vector34                                          build/obj/vectors.o
Vector40                                          build/obj/vectors.o
Vector44                                          build/obj/vectors.o
Vector48                                          build/obj/vectors.o
Vector4C                                          build/obj/vectors.o
Vector50                                          build/obj/vectors.o
Vector54                                          build/obj/vectors.o
Vector58                                          build/obj/vectors.o
Vector5C                                          build/obj/vectors.o
Vector60                                          build/obj/vectors.o
Vector64                                          build/obj/stm32_dma.o
                                                  build/obj/vectors.o
Vector68                                          build/obj/stm32_dma.o
                                                  build/obj/vectors.o
Vector6C                                          build/obj/stm32_dma.o
                                                  build/obj/vectors.o
Vector70                                          build/obj/vectors.o
Vector74                                          build/obj/vectors.o
Vector78                                          build/obj/vectors.o
Vector7C                                          build/obj/vectors.o
Vector80                                          build/obj/gpt_lld.o
                                                  build/obj/vectors.o
Vector84                                          build/obj/vectors.o
Vector88                                          build/obj/vectors.o
Vector8C                                          build/obj/vectors.o
Vector90                                          build/obj/vectors.o
Vector94                                          build/obj/vectors.o
Vector98                                          build/obj/vectors.o
Vector9C                                          build/obj/i2c_lld.o
                                                  build/obj/vectors.o
VectorA0                                          build/obj/vectors.o
VectorA4                                          build/obj/vectors.o
VectorA8                                          build/obj/vectors.o
VectorAC                                          build/obj/uart_lld.o
                                                  build/obj/vectors.o
VectorB0                                          build/obj/vectors.o
VectorB4                                          build/obj/vectors.o
VectorB8                                          build/obj/vectors.o
VectorBC                                          build/obj/vectors.o
__aeabi_idiv0                                     /home/lithium/Descargas/gcc-arm-none-eabi-5_3-2016q1/bin/../lib/gcc/arm-none-eabi/5.3.1/armv6-m/libgcc.a(_dvmd_tls.o)
                                                  /home/lithium/Descargas/gcc-arm-none-eabi-5_3-2016q1/bin/../lib/gcc/arm-none-eabi/5.3.1/armv6-m/libgcc.a(_udivsi3.o)
__aeabi_ldiv0                                     /home/lithium/Descargas/gcc-arm-none-eabi-5_3-2016q1/bin/../lib/gcc/arm-none-eabi/5.3.1/armv6-m/libgcc.a(_dvmd_tls.o)
__aeabi_uidiv                                     /home/lithium/Descargas/gcc-arm-none-eabi-5_3-2016q1/bin/../lib/gcc/arm-none-eabi/5.3.1/armv6-m/libgcc.a(_udivsi3.o)
                                                  build/obj/chprintf.o
                                                  build/obj/uart_lld.o
                                                  build/obj/gpt_lld.o
__aeabi_uidivmod                                  /home/lithium/Descargas/gcc-arm-none-eabi-5_3-2016q1/bin/../lib/gcc/arm-none-eabi/5.3.1/armv6-m/libgcc.a(_udivsi3.o)
                                                  build/obj/chprintf.o
__early_init                                      build/obj/board.o
                                                  build/obj/crt0.o
__fini_array_end                                  build/obj/crt0.o
__fini_array_start                                build/obj/crt0.o
__heap_base__                                     build/obj/chmemcore.o
__heap_end__                                      build/obj/chmemcore.o
__init_array_end                                  build/obj/crt0.o
__init_array_start                                build/obj/crt0.o
__late_init                                       build/obj/crt0.o
__main_stack_base__                               build/obj/crt0.o
__main_stack_end__                                build/obj/vectors.o
                                                  build/obj/crt0.o
__process_stack_base__                            build/obj/crt0.o
__process_stack_end__                             build/obj/crt0.o
__udivsi3                                         /home/lithium/Descargas/gcc-arm-none-eabi-5_3-2016q1/bin/../lib/gcc/arm-none-eabi/5.3.1/armv6-m/libgcc.a(_udivsi3.o)
_bss_end                                          build/obj/crt0.o
_bss_start                                        build/obj/crt0.o
_core_init                                        build/obj/chmemcore.o
                                                  build/obj/chsys.o
_data                                             build/obj/crt0.o
_default_exit                                     build/obj/crt0.o
_edata                                            build/obj/crt0.o
_heap_init                                        build/obj/chheap.o
                                                  build/obj/chsys.o
_idle_thread                                      build/obj/chsys.o
_idle_thread_wa                                   build/obj/chsys.o
_pal_lld_init                                     build/obj/pal_lld.o
                                                  build/obj/hal.o
_pal_lld_setgroupmode                             build/obj/pal_lld.o
                                                  build/obj/AcelerometroV2.o
                                                  build/obj/pal.o
_port_irq_epilogue                                build/obj/chcore_v6m.o
                                                  build/obj/uart_lld.o
                                                  build/obj/gpt_lld.o
                                                  build/obj/i2c_lld.o
                                                  build/obj/stm32_dma.o
_port_switch                                      build/obj/chcore_v6m.o
                                                  build/obj/chschd.o
_port_switch_from_isr                             build/obj/chcore_v6m.o
_port_thread_start                                build/obj/chcore_v6m.o
                                                  build/obj/chthreads.o
_scheduler_init                                   build/obj/chschd.o
                                                  build/obj/chsys.o
_stm32_dma_streams                                build/obj/stm32_dma.o
                                                  build/obj/uart_lld.o
                                                  build/obj/i2c_lld.o
_textdata                                         build/obj/crt0.o
_thread_init                                      build/obj/chthreads.o
                                                  build/obj/chsys.o
_unhandled_exception                              build/obj/vectors.o
_vectors                                          build/obj/vectors.o
_vt_init                                          build/obj/chvt.o
                                                  build/obj/chsys.o
boardInit                                         build/obj/board.o
                                                  build/obj/hal.o
chCondBroadcast                                   build/obj/chcond.o
chCondBroadcastI                                  build/obj/chcond.o
chCondInit                                        build/obj/chcond.o
chCondSignal                                      build/obj/chcond.o
chCondSignalI                                     build/obj/chcond.o
chCondWait                                        build/obj/chcond.o
chCondWaitS                                       build/obj/chcond.o
chCondWaitTimeout                                 build/obj/chcond.o
chCondWaitTimeoutS                                build/obj/chcond.o
chCoreAlloc                                       build/obj/chmemcore.o
                                                  build/obj/chheap.o
chCoreAllocI                                      build/obj/chmemcore.o
chCoreStatus                                      build/obj/chmemcore.o
chEvtAddEvents                                    build/obj/chevents.o
chEvtBroadcastFlags                               build/obj/chevents.o
chEvtBroadcastFlagsI                              build/obj/chevents.o
chEvtDispatch                                     build/obj/chevents.o
chEvtGetAndClearEvents                            build/obj/chevents.o
chEvtGetAndClearFlags                             build/obj/chevents.o
chEvtGetAndClearFlagsI                            build/obj/chevents.o
chEvtRegisterMask                                 build/obj/chevents.o
chEvtSignal                                       build/obj/chevents.o
chEvtSignalI                                      build/obj/chevents.o
chEvtUnregister                                   build/obj/chevents.o
chEvtWaitAll                                      build/obj/chevents.o
chEvtWaitAllTimeout                               build/obj/chevents.o
chEvtWaitAny                                      build/obj/chevents.o
chEvtWaitAnyTimeout                               build/obj/chevents.o
chEvtWaitOne                                      build/obj/chevents.o
chEvtWaitOneTimeout                               build/obj/chevents.o
chHeapAlloc                                       build/obj/chheap.o
                                                  build/obj/chdynamic.o
chHeapFree                                        build/obj/chheap.o
                                                  build/obj/chdynamic.o
chHeapInit                                        build/obj/chheap.o
chHeapStatus                                      build/obj/chheap.o
chIQGetTimeout                                    build/obj/chqueues.o
chIQInit                                          build/obj/chqueues.o
chIQPutI                                          build/obj/chqueues.o
chIQReadTimeout                                   build/obj/chqueues.o
chIQResetI                                        build/obj/chqueues.o
chMBFetch                                         build/obj/chmboxes.o
chMBFetchI                                        build/obj/chmboxes.o
chMBFetchS                                        build/obj/chmboxes.o
chMBInit                                          build/obj/chmboxes.o
chMBPost                                          build/obj/chmboxes.o
chMBPostAhead                                     build/obj/chmboxes.o
chMBPostAheadI                                    build/obj/chmboxes.o
chMBPostAheadS                                    build/obj/chmboxes.o
chMBPostI                                         build/obj/chmboxes.o
chMBPostS                                         build/obj/chmboxes.o
chMBReset                                         build/obj/chmboxes.o
chMsgRelease                                      build/obj/chmsg.o
chMsgSend                                         build/obj/chmsg.o
chMsgWait                                         build/obj/chmsg.o
chMtxInit                                         build/obj/chmtx.o
                                                  build/obj/i2c.o
                                                  build/obj/chheap.o
chMtxLock                                         build/obj/chmtx.o
                                                  build/obj/i2c.o
                                                  build/obj/chheap.o
chMtxLockS                                        build/obj/chmtx.o
                                                  build/obj/chcond.o
chMtxTryLock                                      build/obj/chmtx.o
chMtxTryLockS                                     build/obj/chmtx.o
chMtxUnlock                                       build/obj/chmtx.o
                                                  build/obj/i2c.o
                                                  build/obj/chheap.o
chMtxUnlockAll                                    build/obj/chmtx.o
chMtxUnlockS                                      build/obj/chmtx.o
                                                  build/obj/chcond.o
chOQGetI                                          build/obj/chqueues.o
chOQInit                                          build/obj/chqueues.o
chOQPutTimeout                                    build/obj/chqueues.o
chOQResetI                                        build/obj/chqueues.o
chOQWriteTimeout                                  build/obj/chqueues.o
chPoolAlloc                                       build/obj/chmempools.o
                                                  build/obj/chdynamic.o
chPoolAllocI                                      build/obj/chmempools.o
chPoolFree                                        build/obj/chmempools.o
                                                  build/obj/chdynamic.o
chPoolFreeI                                       build/obj/chmempools.o
chPoolInit                                        build/obj/chmempools.o
chPoolLoadArray                                   build/obj/chmempools.o
chRegFirstThread                                  build/obj/chregistry.o
chRegNextThread                                   build/obj/chregistry.o
chSchDoReschedule                                 build/obj/chschd.o
                                                  build/obj/chcore_v6m.o
chSchDoRescheduleAhead                            build/obj/chschd.o
chSchDoRescheduleBehind                           build/obj/chschd.o
                                                  build/obj/chthreads.o
chSchGoSleepS                                     build/obj/chschd.o
                                                  build/obj/i2c_lld.o
                                                  build/obj/chmsg.o
                                                  build/obj/chevents.o
                                                  build/obj/chcond.o
                                                  build/obj/chmtx.o
                                                  build/obj/chsem.o
                                                  build/obj/chthreads.o
chSchGoSleepTimeoutS                              build/obj/chschd.o
                                                  build/obj/chqueues.o
                                                  build/obj/chevents.o
                                                  build/obj/chcond.o
                                                  build/obj/chsem.o
                                                  build/obj/chthreads.o
chSchReadyI                                       build/obj/chschd.o
                                                  build/obj/i2c_lld.o
                                                  build/obj/chqueues.o
                                                  build/obj/chmsg.o
                                                  build/obj/chevents.o
                                                  build/obj/chcond.o
                                                  build/obj/chmtx.o
                                                  build/obj/chsem.o
                                                  build/obj/chthreads.o
chSchRescheduleS                                  build/obj/chschd.o
                                                  build/obj/chmboxes.o
                                                  build/obj/chevents.o
                                                  build/obj/chcond.o
                                                  build/obj/chmtx.o
                                                  build/obj/chsem.o
                                                  build/obj/chthreads.o
chSchWakeupS                                      build/obj/chschd.o
                                                  build/obj/chmsg.o
                                                  build/obj/chcond.o
                                                  build/obj/chmtx.o
                                                  build/obj/chsem.o
                                                  build/obj/chdynamic.o
                                                  build/obj/chthreads.o
chSemAddCounterI                                  build/obj/chsem.o
chSemInit                                         build/obj/chsem.o
                                                  build/obj/chmboxes.o
chSemReset                                        build/obj/chsem.o
chSemResetI                                       build/obj/chsem.o
                                                  build/obj/chmboxes.o
chSemSignal                                       build/obj/chsem.o
chSemSignalI                                      build/obj/chsem.o
                                                  build/obj/chmboxes.o
chSemSignalWait                                   build/obj/chsem.o
chSemWait                                         build/obj/chsem.o
chSemWaitS                                        build/obj/chsem.o
chSemWaitTimeout                                  build/obj/chsem.o
chSemWaitTimeoutS                                 build/obj/chsem.o
                                                  build/obj/chmboxes.o
chSysInit                                         build/obj/chsys.o
                                                  build/obj/AcelerometroV2.o
chSysTimerHandlerI                                build/obj/chsys.o
                                                  build/obj/chcore_v6m.o
chThdAddRef                                       build/obj/chdynamic.o
chThdCreateFromHeap                               build/obj/chdynamic.o
chThdCreateFromMemoryPool                         build/obj/chdynamic.o
chThdCreateI                                      build/obj/chthreads.o
                                                  build/obj/chdynamic.o
chThdCreateStatic                                 build/obj/chthreads.o
                                                  build/obj/chsys.o
chThdExit                                         build/obj/chthreads.o
                                                  build/obj/chcore_v6m.o
chThdExitS                                        build/obj/chthreads.o
chThdRelease                                      build/obj/chdynamic.o
                                                  build/obj/chregistry.o
                                                  build/obj/chthreads.o
chThdResume                                       build/obj/chthreads.o
chThdSetPriority                                  build/obj/chthreads.o
chThdSleep                                        build/obj/chthreads.o
                                                  build/obj/AcelerometroV2.o
chThdSleepUntil                                   build/obj/chthreads.o
chThdTerminate                                    build/obj/chthreads.o
chThdWait                                         build/obj/chthreads.o
chThdYield                                        build/obj/chthreads.o
chVTResetI                                        build/obj/chvt.o
                                                  build/obj/i2c_lld.o
                                                  build/obj/chschd.o
chVTSetI                                          build/obj/chvt.o
                                                  build/obj/i2c_lld.o
                                                  build/obj/chschd.o
ch_debug                                          build/obj/chregistry.o
                                                  build/obj/chsys.o
chsnprintf                                        build/obj/chprintf.o
chvprintf                                         build/obj/chprintf.o
dmaInit                                           build/obj/stm32_dma.o
                                                  build/obj/hal_lld.o
dmaStreamAllocate                                 build/obj/stm32_dma.o
                                                  build/obj/uart_lld.o
                                                  build/obj/i2c_lld.o
dmaStreamRelease                                  build/obj/stm32_dma.o
                                                  build/obj/uart_lld.o
                                                  build/obj/i2c_lld.o
gptChangeInterval                                 build/obj/gpt.o
gptInit                                           build/obj/gpt.o
                                                  build/obj/hal.o
gptObjectInit                                     build/obj/gpt.o
                                                  build/obj/gpt_lld.o
gptPolledDelay                                    build/obj/gpt.o
gptStart                                          build/obj/gpt.o
                                                  build/obj/AcelerometroV2.o
gptStartContinuous                                build/obj/gpt.o
gptStartContinuousI                               build/obj/gpt.o
gptStartOneShot                                   build/obj/gpt.o
                                                  build/obj/AcelerometroV2.o
gptStartOneShotI                                  build/obj/gpt.o
gptStop                                           build/obj/gpt.o
gptStopTimer                                      build/obj/gpt.o
gptStopTimerI                                     build/obj/gpt.o
gpt_lld_init                                      build/obj/gpt_lld.o
                                                  build/obj/gpt.o
gpt_lld_polled_delay                              build/obj/gpt_lld.o
                                                  build/obj/gpt.o
gpt_lld_start                                     build/obj/gpt_lld.o
                                                  build/obj/gpt.o
gpt_lld_start_timer                               build/obj/gpt_lld.o
                                                  build/obj/gpt.o
gpt_lld_stop                                      build/obj/gpt_lld.o
                                                  build/obj/gpt.o
gpt_lld_stop_timer                                build/obj/gpt_lld.o
                                                  build/obj/gpt.o
halInit                                           build/obj/hal.o
                                                  build/obj/AcelerometroV2.o
hal_lld_init                                      build/obj/hal_lld.o
                                                  build/obj/hal.o
i2cAcquireBus                                     build/obj/i2c.o
i2cGetErrors                                      build/obj/i2c.o
i2cInit                                           build/obj/i2c.o
                                                  build/obj/hal.o
i2cMasterReceiveTimeout                           build/obj/i2c.o
i2cMasterTransmitTimeout                          build/obj/i2c.o
                                                  build/obj/AcelerometroV2.o
i2cObjectInit                                     build/obj/i2c.o
                                                  build/obj/i2c_lld.o
i2cReleaseBus                                     build/obj/i2c.o
i2cStart                                          build/obj/i2c.o
                                                  build/obj/AcelerometroV2.o
i2cStop                                           build/obj/i2c.o
i2c_lld_init                                      build/obj/i2c_lld.o
                                                  build/obj/i2c.o
i2c_lld_master_receive_timeout                    build/obj/i2c_lld.o
                                                  build/obj/i2c.o
i2c_lld_master_transmit_timeout                   build/obj/i2c_lld.o
                                                  build/obj/i2c.o
i2c_lld_start                                     build/obj/i2c_lld.o
                                                  build/obj/i2c.o
i2c_lld_stop                                      build/obj/i2c_lld.o
                                                  build/obj/i2c.o
init_MMA8451Q                                     build/obj/AcelerometroV2.o
main                                              build/obj/AcelerometroV2.o
                                                  build/obj/crt0.o
msObjectInit                                      build/obj/chprintf.o
nvicDisableVector                                 build/obj/nvic.o
                                                  build/obj/uart_lld.o
                                                  build/obj/gpt_lld.o
                                                  build/obj/i2c_lld.o
                                                  build/obj/stm32_dma.o
nvicEnableVector                                  build/obj/nvic.o
                                                  build/obj/uart_lld.o
                                                  build/obj/gpt_lld.o
                                                  build/obj/i2c_lld.o
                                                  build/obj/stm32_dma.o
nvicSetSystemHandlerPriority                      build/obj/nvic.o
                                                  build/obj/chsys.o
palReadBus                                        build/obj/pal.o
palSetBusMode                                     build/obj/pal.o
palWriteBus                                       build/obj/pal.o
pal_default_config                                build/obj/board.o
                                                  build/obj/hal.o
port_halt                                         build/obj/chcore.o
                                                  build/obj/uart_lld.o
                                                  build/obj/i2c_lld.o
rlist                                             build/obj/chschd.o
                                                  build/obj/i2c_lld.o
                                                  build/obj/chqueues.o
                                                  build/obj/chmsg.o
                                                  build/obj/chevents.o
                                                  build/obj/chcond.o
                                                  build/obj/chmtx.o
                                                  build/obj/chsem.o
                                                  build/obj/chregistry.o
                                                  build/obj/chthreads.o
                                                  build/obj/chsys.o
                                                  build/obj/chcore_v6m.o
status                                            build/obj/AcelerometroV2.o
stm32_clock_init                                  build/obj/hal_lld.o
                                                  build/obj/board.o
uartInit                                          build/obj/uart.o
                                                  build/obj/hal.o
uartObjectInit                                    build/obj/uart.o
                                                  build/obj/uart_lld.o
uartStart                                         build/obj/uart.o
uartStartReceive                                  build/obj/uart.o
uartStartReceiveI                                 build/obj/uart.o
uartStartSend                                     build/obj/uart.o
uartStartSendI                                    build/obj/uart.o
uartStop                                          build/obj/uart.o
uartStopReceive                                   build/obj/uart.o
uartStopReceiveI                                  build/obj/uart.o
uartStopSend                                      build/obj/uart.o
uartStopSendI                                     build/obj/uart.o
uart_lld_init                                     build/obj/uart_lld.o
                                                  build/obj/uart.o
uart_lld_start                                    build/obj/uart_lld.o
                                                  build/obj/uart.o
uart_lld_start_receive                            build/obj/uart_lld.o
                                                  build/obj/uart.o
uart_lld_start_send                               build/obj/uart_lld.o
                                                  build/obj/uart.o
uart_lld_stop                                     build/obj/uart_lld.o
                                                  build/obj/uart.o
uart_lld_stop_receive                             build/obj/uart_lld.o
                                                  build/obj/uart.o
uart_lld_stop_send                                build/obj/uart_lld.o
                                                  build/obj/uart.o
vtlist                                            build/obj/chvt.o
                                                  build/obj/chthreads.o
                                                  build/obj/chsys.o
