Archive member included to satisfy reference by file (symbol)

/home/lithium/Descargas/gcc-arm-none-eabi-5_3-2016q1/bin/../lib/gcc/arm-none-eabi/5.3.1/armv7e-m/libgcc.a(_arm_addsubdf3.o)
                              build/obj/PodioVirtualTrayectoria.o (__aeabi_i2d)
/home/lithium/Descargas/gcc-arm-none-eabi-5_3-2016q1/bin/../lib/gcc/arm-none-eabi/5.3.1/armv7e-m/libgcc.a(_arm_muldivdf3.o)
                              build/obj/PodioVirtualTrayectoria.o (__aeabi_dmul)
/home/lithium/Descargas/gcc-arm-none-eabi-5_3-2016q1/bin/../lib/gcc/arm-none-eabi/5.3.1/armv7e-m/libgcc.a(_arm_fixdfsi.o)
                              build/obj/PodioVirtualTrayectoria.o (__aeabi_d2iz)

Discarded input sections

 .text          0x00000000        0x0 build/obj/crt0.o
 .data          0x00000000        0x0 build/obj/crt0.o
 .bss           0x00000000        0x0 build/obj/crt0.o
 .text.__early_init
                0x00000000        0x4 build/obj/crt0.o
 .text          0x00000000        0x0 build/obj/vectors.o
 .data          0x00000000        0x0 build/obj/vectors.o
 .bss           0x00000000        0x0 build/obj/vectors.o
 .text          0x00000000        0x0 build/obj/chcore.o
 .data          0x00000000        0x0 build/obj/chcore.o
 .bss           0x00000000        0x0 build/obj/chcore.o
 .text          0x00000000        0x0 build/obj/chcore_v7m.o
 .data          0x00000000        0x0 build/obj/chcore_v7m.o
 .bss           0x00000000        0x0 build/obj/chcore_v7m.o
 .text          0x00000000        0x0 build/obj/nvic.o
 .data          0x00000000        0x0 build/obj/nvic.o
 .bss           0x00000000        0x0 build/obj/nvic.o
 .text.nvicDisableVector
                0x00000000       0x40 build/obj/nvic.o
 .text          0x00000000        0x0 build/obj/chsys.o
 .data          0x00000000        0x0 build/obj/chsys.o
 .bss           0x00000000        0x0 build/obj/chsys.o
 .text          0x00000000        0x0 build/obj/chdebug.o
 .data          0x00000000        0x0 build/obj/chdebug.o
 .bss           0x00000000        0x0 build/obj/chdebug.o
 .debug_info    0x00000000       0x80 build/obj/chdebug.o
 .debug_abbrev  0x00000000       0x26 build/obj/chdebug.o
 .debug_aranges
                0x00000000       0x18 build/obj/chdebug.o
 .debug_line    0x00000000       0x1d build/obj/chdebug.o
 .debug_str     0x00000000      0x1d6 build/obj/chdebug.o
 .comment       0x00000000       0x6f build/obj/chdebug.o
 .ARM.attributes
                0x00000000       0x33 build/obj/chdebug.o
 .text          0x00000000        0x0 build/obj/chlists.o
 .data          0x00000000        0x0 build/obj/chlists.o
 .bss           0x00000000        0x0 build/obj/chlists.o
 .debug_info    0x00000000       0x80 build/obj/chlists.o
 .debug_abbrev  0x00000000       0x26 build/obj/chlists.o
 .debug_aranges
                0x00000000       0x18 build/obj/chlists.o
 .debug_line    0x00000000       0x1d build/obj/chlists.o
 .debug_str     0x00000000      0x1d6 build/obj/chlists.o
 .comment       0x00000000       0x6f build/obj/chlists.o
 .ARM.attributes
                0x00000000       0x33 build/obj/chlists.o
 .text          0x00000000        0x0 build/obj/chvt.o
 .data          0x00000000        0x0 build/obj/chvt.o
 .bss           0x00000000        0x0 build/obj/chvt.o
 .text          0x00000000        0x0 build/obj/chschd.o
 .data          0x00000000        0x0 build/obj/chschd.o
 .bss           0x00000000        0x0 build/obj/chschd.o
 .text          0x00000000        0x0 build/obj/chthreads.o
 .data          0x00000000        0x0 build/obj/chthreads.o
 .bss           0x00000000        0x0 build/obj/chthreads.o
 .text.chThdCreateI
                0x00000000       0x5c build/obj/chthreads.o
 .text.chThdSetPriority
                0x00000000       0x30 build/obj/chthreads.o
 .text.chThdResume
                0x00000000       0x1c build/obj/chthreads.o
 .text.chThdTerminate
                0x00000000       0x18 build/obj/chthreads.o
 .text.chThdSleepUntil
                0x00000000       0x24 build/obj/chthreads.o
 .text.chThdYield
                0x00000000       0x28 build/obj/chthreads.o
 .text.chThdWait
                0x00000000       0x38 build/obj/chthreads.o
 .text          0x00000000        0x0 build/obj/chdynamic.o
 .data          0x00000000        0x0 build/obj/chdynamic.o
 .bss           0x00000000        0x0 build/obj/chdynamic.o
 .text.chThdAddRef
                0x00000000       0x14 build/obj/chdynamic.o
 .text.chThdRelease
                0x00000000       0x50 build/obj/chdynamic.o
 .text.chThdCreateFromHeap
                0x00000000       0x3c build/obj/chdynamic.o
 .text.chThdCreateFromMemoryPool
                0x00000000       0x44 build/obj/chdynamic.o
 .debug_info    0x00000000      0x844 build/obj/chdynamic.o
 .debug_abbrev  0x00000000      0x1fd build/obj/chdynamic.o
 .debug_loc     0x00000000      0x1d0 build/obj/chdynamic.o
 .debug_aranges
                0x00000000       0x38 build/obj/chdynamic.o
[...]
Memory Configuration

Name             Origin             Length             Attributes
flash            0x08000000         0x00100000
ram              0x20000000         0x0001c000
ethram           0x2001c000         0x00004000
ccmram           0x10000000         0x00010000
*default*        0x00000000         0xffffffff

Linker script and memory map

LOAD build/obj/crt0.o
LOAD build/obj/vectors.o
LOAD build/obj/chcore.o
LOAD build/obj/chcore_v7m.o
LOAD build/obj/nvic.o
LOAD build/obj/chsys.o
LOAD build/obj/chdebug.o
LOAD build/obj/chlists.o
LOAD build/obj/chvt.o
LOAD build/obj/chschd.o
LOAD build/obj/chthreads.o
LOAD build/obj/chdynamic.o
LOAD build/obj/chregistry.o
LOAD build/obj/chsem.o
LOAD build/obj/chmtx.o
LOAD build/obj/chcond.o
LOAD build/obj/chevents.o
LOAD build/obj/chmsg.o
LOAD build/obj/chmboxes.o
LOAD build/obj/chqueues.o
LOAD build/obj/chmemcore.o
LOAD build/obj/chheap.o
LOAD build/obj/chmempools.o
LOAD build/obj/hal.o
LOAD build/obj/adc.o
LOAD build/obj/can.o
LOAD build/obj/ext.o
LOAD build/obj/gpt.o
LOAD build/obj/i2c.o
LOAD build/obj/icu.o
LOAD build/obj/mac.o
LOAD build/obj/mmc_spi.o
LOAD build/obj/mmcsd.o
LOAD build/obj/pal.o
LOAD build/obj/pwm.o
LOAD build/obj/rtc.o
LOAD build/obj/sdc.o
LOAD build/obj/serial.o
LOAD build/obj/serial_usb.o
LOAD build/obj/spi.o
LOAD build/obj/tm.o
LOAD build/obj/uart.o
LOAD build/obj/usb.o
LOAD build/obj/stm32_dma.o
LOAD build/obj/hal_lld.o
LOAD build/obj/adc_lld.o
LOAD build/obj/ext_lld_isr.o
LOAD build/obj/can_lld.o
LOAD build/obj/ext_lld.o
LOAD build/obj/mac_lld.o
LOAD build/obj/sdc_lld.o
LOAD build/obj/pal_lld.o
LOAD build/obj/i2c_lld.o
LOAD build/obj/usb_lld.o
LOAD build/obj/rtc_lld.o
LOAD build/obj/spi_lld.o
LOAD build/obj/gpt_lld.o
LOAD build/obj/icu_lld.o
LOAD build/obj/pwm_lld.o
LOAD build/obj/serial_lld.o
LOAD build/obj/uart_lld.o
LOAD build/obj/board.o
LOAD build/obj/lis302dl.o
LOAD build/obj/chprintf.o
LOAD build/obj/PodioVirtualTrayectoria.o
                0x00000400                __main_stack_size__ = 0x400
                0x00000400                __process_stack_size__ = 0x400
                0x20000000                __ram_start__ = ORIGIN (ram)
                0x0001c000                __ram_size__ = LENGTH (ram)
                0x2001c000                __ram_end__ = (__ram_start__ + __ram_size__)
                0x00000000                . = 0x0
                0x00000000                _text = .

startup         0x08000000      0x1ac
 *(vectors)
 vectors        0x08000000      0x1ac build/obj/vectors.o
                0x08000000                _vectors

constructors    0x080001ac        0x0
                0x080001ac                PROVIDE (__init_array_start, .)
 *(SORT(.init_array.*))
 *(.init_array)
                0x080001ac                PROVIDE (__init_array_end, .)

destructors     0x080001ac        0x0
                0x080001ac                PROVIDE (__fini_array_start, .)
 *(.fini_array)
 *(SORT(.fini_array.*))
                0x080001ac                PROVIDE (__fini_array_end, .)

.text           0x080001b0     0x2bec
 *(.text.startup.*)
 .text.startup.main
                0x080001b0      0x2b8 build/obj/PodioVirtualTrayectoria.o
                0x080001b0                main
 *(.text)
 *fill*         0x08000468        0x8 
 .text          0x08000470      0x370 /home/lithium/Descargas/gcc-arm-none-eabi-5_3-2016q1/bin/../lib/gcc/arm-none-eabi/5.3.1/armv7e-m/libgcc.a(_arm_addsubdf3.o)
                0x08000470                __aeabi_drsub
                0x08000478                __aeabi_dsub
                0x08000478                __subdf3
                0x0800047c                __adddf3
                0x0800047c                __aeabi_dadd
                0x080006f4                __aeabi_ui2d
                0x080006f4                __floatunsidf
                0x08000714                __floatsidf
                0x08000714                __aeabi_i2d
                0x08000738                __extendsfdf2
                0x08000738                __aeabi_f2d
                0x08000774                __aeabi_ul2d
                0x08000774                __floatundidf
                0x08000784                __floatdidf
                0x08000784                __aeabi_l2d
 .text          0x080007e0      0x424 /home/lithium/Descargas/gcc-arm-none-eabi-5_3-2016q1/bin/../lib/gcc/arm-none-eabi/5.3.1/armv7e-m/libgcc.a(_arm_muldivdf3.o)
                0x080007e0                __aeabi_dmul
                0x080007e0                __muldf3
                0x08000a34                __aeabi_ddiv
                0x08000a34                __divdf3
 *fill*         0x08000c04        0xc 
 .text          0x08000c10       0x50 /home/lithium/Descargas/gcc-arm-none-eabi-5_3-2016q1/bin/../lib/gcc/arm-none-eabi/5.3.1/armv7e-m/libgcc.a(_arm_fixdfsi.o)
                0x08000c10                __fixdfsi
                0x08000c10                __aeabi_d2iz
 *(.text.*)
 .text.__late_init
                0x08000c60        0x4 build/obj/crt0.o
                0x08000c60                __late_init
 *fill*         0x08000c64        0xc 
 .text._default_exit
                0x08000c70        0x4 build/obj/crt0.o
                0x08000c70                _default_exit
 *fill*         0x08000c74        0xc 
 .text.ResetHandler
                0x08000c80       0xfc build/obj/crt0.o
                0x08000c80                ResetHandler
 *fill*         0x08000d7c        0x4 
 .text._unhandled_exception
                0x08000d80        0x4 build/obj/vectors.o
                0x08000d80                Vector58
                0x08000d80                Vector9C
                0x08000d80                VectorE8
                0x08000d80                Vector1A0
                0x08000d80                Vector5C
                0x08000d80                NMIVector
                0x08000d80                Vector11C
                0x08000d80                Vector19C
                0x08000d80                Vector8C
                0x08000d80                VectorDC
                0x08000d80                Vector168
                0x08000d80                Vector110
                0x08000d80                VectorC8
                0x08000d80                Vector94
                0x08000d80                VectorA8
                0x08000d80                VectorB4
                0x08000d80                Vector160
                0x08000d80                VectorEC
                0x08000d80                UsageFaultVector
                0x08000d80                DebugMonitorVector
                0x08000d80                Vector40
                0x08000d80                VectorF8
                0x08000d80                Vector108
                0x08000d80                VectorBC
                0x08000d80                Vector190
                0x08000d80                Vector148
                0x08000d80                Vector188
                0x08000d80                PendSVVector
                0x08000d80                Vector198
                0x08000d80                Vector118
                0x08000d80                Vector64
                0x08000d80                VectorCC
                0x08000d80                Vector54
                0x08000d80                Vector98
                0x08000d80                Vector138
                0x08000d80                Vector24
                0x08000d80                Vector178
                0x08000d80                Vector1A4
                0x08000d80                BusFaultVector
                0x08000d80                VectorD0
                0x08000d80                Vector140
                0x08000d80                VectorE4
                0x08000d80                VectorC0
                0x08000d80                HardFaultVector
                0x08000d80                Vector134
                0x08000d80                VectorF0
                0x08000d80                Vector13C
                0x08000d80                Vector100
                0x08000d80                VectorE0
                0x08000d80                VectorF4
                0x08000d80                MemManageVector
                0x08000d80                VectorA0
                0x08000d80                VectorC4
                0x08000d80                Vector180
                0x08000d80                VectorB0
                0x08000d80                Vector90
                0x08000d80                Vector114
                0x08000d80                Vector60
                0x08000d80                Vector164
                0x08000d80                Vector1C
                0x08000d80                Vector17C
                0x08000d80                Vector48
                0x08000d80                Vector1A8
                0x08000d80                Vector16C
                0x08000d80                VectorD4
                0x08000d80                Vector4C
                0x08000d80                Vector144
                0x08000d80                Vector68
                0x08000d80                _unhandled_exception
                0x08000d80                Vector170
                0x08000d80                Vector88
                0x08000d80                Vector104
                0x08000d80                Vector184
                0x08000d80                Vector10C
                0x08000d80                Vector14C
                0x08000d80                Vector50
                0x08000d80                Vector194
                0x08000d80                Vector44
                0x08000d80                Vector28
                0x08000d80                VectorB8
                0x08000d80                Vector34
                0x08000d80                Vector20
                0x08000d80                Vector18C
                0x08000d80                Vector174
 *fill*         0x08000d84        0xc 
 .text.port_halt
                0x08000d90        0x4 build/obj/chcore.o
                0x08000d90                port_halt
 *fill*         0x08000d94        0xc 
 .text._port_switch_from_isr
                0x08000da0        0x8 build/obj/chcore_v7m.o
                0x08000da0                _port_switch_from_isr
 *fill*         0x08000da8        0x8 
 .text.SVCallVector
                0x08000db0       0x14 build/obj/chcore_v7m.o
                0x08000db0                SVCallVector
 *fill*         0x08000dc4        0xc 
 .text._port_init
                0x08000dd0       0x30 build/obj/chcore_v7m.o
                0x08000dd0                _port_init
 .text._port_irq_epilogue
                0x08000e00       0x74 build/obj/chcore_v7m.o
                0x08000e00                _port_irq_epilogue
 *fill*         0x08000e74        0xc 
 .text.SysTickVector
                0x08000e80       0x1c build/obj/chcore_v7m.o
                0x08000e80                SysTickVector
 *fill*         0x08000e9c        0x4 
 .text._port_switch
                0x08000ea0       0x10 build/obj/chcore_v7m.o
                0x08000ea0                _port_switch
 .text._port_thread_start
                0x08000eb0       0x10 build/obj/chcore_v7m.o
                0x08000eb0                _port_thread_start
 .text.nvicEnableVector
                0x08000ec0       0x48 build/obj/nvic.o
                0x08000ec0                nvicEnableVector
 *fill*         0x08000f08        0x8 
 .text.nvicSetSystemHandlerPriority
                0x08000f10       0x28 build/obj/nvic.o
                0x08000f10                nvicSetSystemHandlerPriority
 *fill*         0x08000f38        0x8 
 .text._idle_thread
                0x08000f40       0x14 build/obj/chsys.o
                0x08000f40                _idle_thread
 *fill*         0x08000f54        0xc 
 .text.chSysInit
                0x08000f60       0x5c build/obj/chsys.o
                0x08000f60                chSysInit
 *fill*         0x08000fbc        0x4 
 .text.chSysTimerHandlerI
                0x08000fc0       0x58 build/obj/chsys.o
                0x08000fc0                chSysTimerHandlerI
 *fill*         0x08001018        0x8 
 .text._vt_init
                0x08001020       0x18 build/obj/chvt.o
                0x08001020                _vt_init
 *fill*         0x08001038        0x8 
 .text.chVTSetI
                0x08001040       0x38 build/obj/chvt.o
                0x08001040                chVTSetI
 *fill*         0x08001078        0x8 
 .text.chVTResetI
                0x08001080       0x24 build/obj/chvt.o
                0x08001080                chVTResetI
 *fill*         0x080010a4        0xc 
 .text.wakeup   0x080010b0       0x6c build/obj/chschd.o
 *fill*         0x0800111c        0x4 
 .text._scheduler_init
                0x08001120       0x14 build/obj/chschd.o
                0x08001120                _scheduler_init
 *fill*         0x08001134        0xc 
 .text.chSchReadyI
                0x08001140       0x28 build/obj/chschd.o
                0x08001140                chSchReadyI
 *fill*         0x08001168        0x8 
 .text.chSchGoSleepS
                0x08001170       0x28 build/obj/chschd.o
                0x08001170                chSchGoSleepS
 *fill*         0x08001198        0x8 
 .text.chSchGoSleepTimeoutS
                0x080011a0       0x44 build/obj/chschd.o
                0x080011a0                chSchGoSleepTimeoutS
 *fill*         0x080011e4        0xc 
 .text.chSchWakeupS
                0x080011f0       0x58 build/obj/chschd.o
                0x080011f0                chSchWakeupS
 *fill*         0x08001248        0x8 
 .text.chSchDoRescheduleBehind
                0x08001250       0x40 build/obj/chschd.o
                0x08001250                chSchDoRescheduleBehind
 .text.chSchDoRescheduleAhead
                0x08001290       0x3c build/obj/chschd.o
                0x08001290                chSchDoRescheduleAhead
 *fill*         0x080012cc        0x4 
 .text.chSchRescheduleS
                0x080012d0       0x18 build/obj/chschd.o
                0x080012d0                chSchRescheduleS
 *fill*         0x080012e8        0x8 
 .text.chSchDoReschedule
                0x080012f0       0x14 build/obj/chschd.o
                0x080012f0                chSchDoReschedule
 *fill*         0x08001304        0xc 
 .text._thread_init
                0x08001310       0x44 build/obj/chthreads.o
                0x08001310                _thread_init
 *fill*         0x08001354        0xc 
 .text.chThdCreateStatic
                0x08001360       0x74 build/obj/chthreads.o
                0x08001360                chThdCreateStatic
 *fill*         0x080013d4        0xc 
 .text.chThdSleep
                0x080013e0       0x18 build/obj/chthreads.o
                0x080013e0                chThdSleep
 *fill*         0x080013f8        0x8 
 .text.chThdExitS
                0x08001400       0x40 build/obj/chthreads.o
                0x08001400                chThdExitS
 .text.chThdExit
                0x08001440        0xc build/obj/chthreads.o
                0x08001440                chThdExit
 *fill*         0x0800144c        0x4 
 .text.chSemInit
                0x08001450        0x8 build/obj/chsem.o
                0x08001450                chSemInit
 *fill*         0x08001458        0x8 
 .text.chSemWaitTimeoutS
                0x08001460       0x3c build/obj/chsem.o
                0x08001460                chSemWaitTimeoutS
 *fill*         0x0800149c        0x4 
 .text.chSemSignalI
                0x080014a0       0x20 build/obj/chsem.o
                0x080014a0                chSemSignalI
 .text.chMtxInit
                0x080014c0        0xc build/obj/chmtx.o
                0x080014c0                chMtxInit
 *fill*         0x080014cc        0x4 
 .text.chMBInit
                0x080014d0       0x28 build/obj/chmboxes.o
                0x080014d0                chMBInit
 *fill*         0x080014f8        0x8 
 .text.chMBPostI
                0x08001500       0x34 build/obj/chmboxes.o
                0x08001500                chMBPostI
 *fill*         0x08001534        0xc 
 .text.chMBFetch
                0x08001540       0x44 build/obj/chmboxes.o
                0x08001540                chMBFetch
 *fill*         0x08001584        0xc 
 .text._core_init
                0x08001590       0x28 build/obj/chmemcore.o
                0x08001590                _core_init
 *fill*         0x080015b8        0x8 
 .text.chCoreAlloc
                0x080015c0       0x38 build/obj/chmemcore.o
                0x080015c0                chCoreAlloc
 *fill*         0x080015f8        0x8 
 .text._heap_init
                0x08001600       0x1c build/obj/chheap.o
                0x08001600                _heap_init
 *fill*         0x0800161c        0x4 
 .text.halInit  0x08001620       0x24 build/obj/hal.o
                0x08001620                halInit
 *fill*         0x08001644        0xc 
 .text.pwmInit  0x08001650        0x4 build/obj/pwm.o
                0x08001650                pwmInit
 *fill*         0x08001654        0xc 
 .text.pwmObjectInit
                0x08001660        0xc build/obj/pwm.o
                0x08001660                pwmObjectInit
 *fill*         0x0800166c        0x4 
 .text.pwmStart
                0x08001670       0x20 build/obj/pwm.o
                0x08001670                pwmStart
 .text.pwmEnableChannel
                0x08001690       0x14 build/obj/pwm.o
                0x08001690                pwmEnableChannel
 *fill*         0x080016a4        0xc 
 .text.spiInit  0x080016b0        0x4 build/obj/spi.o
                0x080016b0                spiInit
 *fill*         0x080016b4        0xc 
 .text.spiObjectInit
                0x080016c0       0x10 build/obj/spi.o
                0x080016c0                spiObjectInit
 .text.uartInit
                0x080016d0        0x4 build/obj/uart.o
                0x080016d0                uartInit
 *fill*         0x080016d4        0xc 
 .text.uartObjectInit
                0x080016e0       0x10 build/obj/uart.o
                0x080016e0                uartObjectInit
 .text.uartStart
                0x080016f0       0x1c build/obj/uart.o
                0x080016f0                uartStart
 *fill*         0x0800170c        0x4 
 .text.uartStartSend
                0x08001710       0x1c build/obj/uart.o
                0x08001710                uartStartSend
 *fill*         0x0800172c        0x4 
 .text.uartStopSend
                0x08001730       0x2c build/obj/uart.o
                0x08001730                uartStopSend
 *fill*         0x0800175c        0x4 
 .text.uartStartReceive
                0x08001760       0x1c build/obj/uart.o
                0x08001760                uartStartReceive
 *fill*         0x0800177c        0x4 
 .text.uartStopReceive
                0x08001780       0x2c build/obj/uart.o
                0x08001780                uartStopReceive
 *fill*         0x080017ac        0x4 
 .text.Vector6C
                0x080017b0       0x28 build/obj/stm32_dma.o
                0x080017b0                Vector6C
 *fill*         0x080017d8        0x8 
 .text.Vector70
                0x080017e0       0x2c build/obj/stm32_dma.o
                0x080017e0                Vector70
 *fill*         0x0800180c        0x4 
 .text.Vector74
                0x08001810       0x2c build/obj/stm32_dma.o
                0x08001810                Vector74
 *fill*         0x0800183c        0x4 
 .text.Vector78
                0x08001840       0x2c build/obj/stm32_dma.o
                0x08001840                Vector78
 *fill*         0x0800186c        0x4 
 .text.Vector7C
                0x08001870       0x28 build/obj/stm32_dma.o
                0x08001870                Vector7C
 *fill*         0x08001898        0x8 
 .text.Vector80
                0x080018a0       0x2c build/obj/stm32_dma.o
                0x080018a0                Vector80
 *fill*         0x080018cc        0x4 
 .text.Vector84
                0x080018d0       0x2c build/obj/stm32_dma.o
                0x080018d0                Vector84
 *fill*         0x080018fc        0x4 
 .text.VectorFC
                0x08001900       0x2c build/obj/stm32_dma.o
                0x08001900                VectorFC
 *fill*         0x0800192c        0x4 
 .text.Vector120
                0x08001930       0x28 build/obj/stm32_dma.o
                0x08001930                Vector120
 *fill*         0x08001958        0x8 
 .text.Vector124
                0x08001960       0x2c build/obj/stm32_dma.o
                0x08001960                Vector124
 *fill*         0x0800198c        0x4 
 .text.Vector128
                0x08001990       0x2c build/obj/stm32_dma.o
                0x08001990                Vector128
 *fill*         0x080019bc        0x4 
 .text.Vector12C
                0x080019c0       0x2c build/obj/stm32_dma.o
                0x080019c0                Vector12C
 *fill*         0x080019ec        0x4 
 .text.Vector130
                0x080019f0       0x28 build/obj/stm32_dma.o
                0x080019f0                Vector130
 *fill*         0x08001a18        0x8 
 .text.Vector150
                0x08001a20       0x2c build/obj/stm32_dma.o
                0x08001a20                Vector150
 *fill*         0x08001a4c        0x4 
 .text.Vector154
                0x08001a50       0x2c build/obj/stm32_dma.o
                0x08001a50                Vector154
 *fill*         0x08001a7c        0x4 
 .text.Vector158
                0x08001a80       0x2c build/obj/stm32_dma.o
                0x08001a80                Vector158
 *fill*         0x08001aac        0x4 
 .text.dmaInit  0x08001ab0       0x54 build/obj/stm32_dma.o
                0x08001ab0                dmaInit
 *fill*         0x08001b04        0xc 
 .text.dmaStreamAllocate
                0x08001b10       0x90 build/obj/stm32_dma.o
                0x08001b10                dmaStreamAllocate
 .text.hal_lld_init
                0x08001ba0       0x98 build/obj/hal_lld.o
                0x08001ba0                hal_lld_init
 *fill*         0x08001c38        0x8 
 .text.stm32_clock_init
                0x08001c40       0xc8 build/obj/hal_lld.o
                0x08001c40                stm32_clock_init
 *fill*         0x08001d08        0x8 
 .text._pal_lld_init
                0x08001d10      0x1ac build/obj/pal_lld.o
                0x08001d10                _pal_lld_init
 *fill*         0x08001ebc        0x4 
 .text._pal_lld_setgroupmode
                0x08001ec0       0xb8 build/obj/pal_lld.o
                0x08001ec0                _pal_lld_setgroupmode
 *fill*         0x08001f78        0x8 
 .text.spi_lld_init
                0x08001f80       0x44 build/obj/spi_lld.o
                0x08001f80                spi_lld_init
 *fill*         0x08001fc4        0xc 
 .text.VectorA4
                0x08001fd0       0x24 build/obj/pwm_lld.o
                0x08001fd0                VectorA4
 *fill*         0x08001ff4        0xc 
 .text.VectorAC
                0x08002000       0x58 build/obj/pwm_lld.o
                0x08002000                VectorAC
 *fill*         0x08002058        0x8 
 .text.pwm_lld_init
                0x08002060       0x18 build/obj/pwm_lld.o
                0x08002060                pwm_lld_init
 *fill*         0x08002078        0x8 
 .text.pwm_lld_start
                0x08002080      0x100 build/obj/pwm_lld.o
                0x08002080                pwm_lld_start
 .text.pwm_lld_enable_channel
                0x08002180       0x30 build/obj/pwm_lld.o
                0x08002180                pwm_lld_enable_channel
 .text.usart_stop
                0x080021b0       0x48 build/obj/uart_lld.o
 *fill*         0x080021f8        0x8 
 .text.serve_usart_irq
                0x08002200       0x7c build/obj/uart_lld.o
 *fill*         0x0800227c        0x4 
 .text.uart_lld_serve_tx_end_irq
                0x08002280       0x58 build/obj/uart_lld.o
 *fill*         0x080022d8        0x8 
 .text.uart_lld_serve_rx_end_irq
                0x080022e0       0x88 build/obj/uart_lld.o
 *fill*         0x08002368        0x8 
 .text.VectorD8
                0x08002370       0x14 build/obj/uart_lld.o
                0x08002370                VectorD8
 *fill*         0x08002384        0xc 
 .text.Vector15C
                0x08002390       0x14 build/obj/uart_lld.o
                0x08002390                Vector15C
 *fill*         0x080023a4        0xc 
 .text.uart_lld_init
                0x080023b0       0x48 build/obj/uart_lld.o
                0x080023b0                uart_lld_init
 *fill*         0x080023f8        0x8 
 .text.uart_lld_start
                0x08002400      0x15c build/obj/uart_lld.o
                0x08002400                uart_lld_start
 *fill*         0x0800255c        0x4 
 .text.uart_lld_start_send
                0x08002560       0x1c build/obj/uart_lld.o
                0x08002560                uart_lld_start_send
 *fill*         0x0800257c        0x4 
 .text.uart_lld_stop_send
                0x08002580       0x20 build/obj/uart_lld.o
                0x08002580                uart_lld_stop_send
 .text.uart_lld_start_receive
                0x080025a0       0x38 build/obj/uart_lld.o
                0x080025a0                uart_lld_start_receive
 *fill*         0x080025d8        0x8 
 .text.uart_lld_stop_receive
                0x080025e0       0x4c build/obj/uart_lld.o
                0x080025e0                uart_lld_stop_receive
 *fill*         0x0800262c        0x4 
 .text.__early_init
                0x08002630        0x4 build/obj/board.o
                0x08002630                __early_init
 *fill*         0x08002634        0xc 
 .text.boardInit
                0x08002640        0x4 build/obj/board.o
                0x08002640                boardInit
 *fill*         0x08002644        0xc 
 .text.txend2   0x08002650        0x4 build/obj/PodioVirtualTrayectoria.o
 *fill*         0x08002654        0xc 
 .text.rxerr    0x08002660        0x4 build/obj/PodioVirtualTrayectoria.o
 *fill*         0x08002664        0xc 
 .text.rxchar   0x08002670        0x4 build/obj/PodioVirtualTrayectoria.o
 *fill*         0x08002674        0xc 
 .text.Thread1  0x08002680       0x30 build/obj/PodioVirtualTrayectoria.o
 .text.Thread5  0x080026b0       0x58 build/obj/PodioVirtualTrayectoria.o
 *fill*         0x08002708        0x8 
 .text.Thread4  0x08002710       0x64 build/obj/PodioVirtualTrayectoria.o
 *fill*         0x08002774        0xc 
 .text.Thread3  0x08002780       0x58 build/obj/PodioVirtualTrayectoria.o
 *fill*         0x080027d8        0x8 
 .text.Thread2  0x080027e0       0x58 build/obj/PodioVirtualTrayectoria.o
 *fill*         0x08002838        0x8 
 .text.txend1   0x08002840        0x4 build/obj/PodioVirtualTrayectoria.o
 *fill*         0x08002844        0xc 
 .text.ControlPWM
                0x08002850      0x2ec build/obj/PodioVirtualTrayectoria.o
                0x08002850                ControlPWM
 *fill*         0x08002b3c        0x4 
 .text.rxend    0x08002b40       0x68 build/obj/PodioVirtualTrayectoria.o
 *(.rodata)
 *(.rodata.*)
 *fill*         0x08002ba8        0x8 
 .rodata.str1.4
                0x08002bb0        0x8 build/obj/chsys.o
                                  0x5 (size before relaxing)
 *fill*         0x08002bb8        0x8 
 .rodata.ch_debug
                0x08002bc0       0x16 build/obj/chregistry.o
                0x08002bc0                ch_debug
 *fill*         0x08002bd6        0xa 
 .rodata._stm32_dma_streams
                0x08002be0       0xc0 build/obj/stm32_dma.o
                0x08002be0                _stm32_dma_streams
 .rodata.pal_default_config
                0x08002ca0       0xfc build/obj/board.o
                0x08002ca0                pal_default_config
 *(.glue_7t)
 .glue_7t       0x08002d9c        0x0 linker stubs
 *(.glue_7)
 .glue_7        0x08002d9c        0x0 linker stubs
 *(.gcc*)

.vfp11_veneer   0x08002d9c        0x0
 .vfp11_veneer  0x08002d9c        0x0 linker stubs

.v4_bx          0x08002d9c        0x0
 .v4_bx         0x08002d9c        0x0 linker stubs

.iplt           0x08002d9c        0x0
 .iplt          0x08002d9c        0x0 build/obj/crt0.o

.rel.dyn        0x08002d9c        0x0
 .rel.iplt      0x08002d9c        0x0 build/obj/crt0.o

.ARM.extab
 *(.ARM.extab* .gnu.linkonce.armextab.*)

.ARM.exidx      0x08002d9c        0x0
                [!provide]                PROVIDE (__exidx_start, .)
 *(.ARM.exidx* .gnu.linkonce.armexidx.*)
                [!provide]                PROVIDE (__exidx_end, .)

.eh_frame_hdr
 *(.eh_frame_hdr)

.eh_frame
 *(.eh_frame)

.textalign      0x08002d9c        0x4
                0x08002da0                . = ALIGN (0x8)
 *fill*         0x08002d9c        0x4 
                0x08002da0                . = ALIGN (0x4)
                0x08002da0                _etext = .
                0x08002da0                _textdata = _etext

.stacks         0x20000000      0x800
                0x20000000                . = ALIGN (0x8)
                0x20000000                __main_stack_base__ = .
                0x20000400                . = (. + __main_stack_size__)
 *fill*         0x20000000      0x400 
                0x20000400                . = ALIGN (0x8)
                0x20000400                __main_stack_end__ = .
                0x20000400                __process_stack_base__ = .
                0x20000400                __main_thread_stack_base__ = .
                0x20000800                . = (. + __process_stack_size__)
 *fill*         0x20000400      0x400 
                0x20000800                . = ALIGN (0x8)
                0x20000800                __process_stack_end__ = .
                0x20000800                __main_thread_stack_end__ = .

.data           0x20000800       0x74 load address 0x08002da0
                0x20000800                . = ALIGN (0x4)
                0x20000800                PROVIDE (_data, .)
 *(.data)
 *(.data.*)
 .data.uart_cfg_1
                0x20000800       0x20 build/obj/PodioVirtualTrayectoria.o
 .data.uart_cfg_2
                0x20000820       0x20 build/obj/PodioVirtualTrayectoria.o
 .data.pwmcfg   0x20000840       0x34 build/obj/PodioVirtualTrayectoria.o
 *(.ramtext)
                0x20000874                . = ALIGN (0x4)
                0x20000874                PROVIDE (_edata, .)

.igot.plt       0x20000874        0x0 load address 0x08002e14
 .igot.plt      0x20000874        0x0 build/obj/crt0.o

.bss            0x20000874     0x197c
                0x20000874                . = ALIGN (0x4)
                0x20000874                PROVIDE (_bss_start, .)
 *(.bss)
 *(.bss.*)
 .bss.mainthread.4904
                0x20000874       0x48 build/obj/chsys.o
 *fill*         0x200008bc        0x4 
 .bss._idle_thread_wa
                0x200008c0       0xe0 build/obj/chsys.o
                0x200008c0                _idle_thread_wa
 .bss.vtlist    0x200009a0       0x10 build/obj/chvt.o
                0x200009a0                vtlist
 .bss.rlist     0x200009b0       0x1c build/obj/chschd.o
                0x200009b0                rlist
 .bss.endmem    0x200009cc        0x4 build/obj/chmemcore.o
 .bss.nextmem   0x200009d0        0x4 build/obj/chmemcore.o
 *fill*         0x200009d4        0x4 
 .bss.default_heap
                0x200009d8       0x20 build/obj/chheap.o
 .bss.dma_isr_redir
                0x200009f8       0x80 build/obj/stm32_dma.o
 .bss.dma_streams_mask
                0x20000a78        0x4 build/obj/stm32_dma.o
 .bss.dummytx   0x20000a7c        0x2 build/obj/spi_lld.o
 *fill*         0x20000a7e        0x2 
 .bss.SPID2     0x20000a80       0x30 build/obj/spi_lld.o
                0x20000a80                SPID2
 .bss.PWMD1     0x20000ab0       0x14 build/obj/pwm_lld.o
                0x20000ab0                PWMD1
 .bss.UARTD2    0x20000ac4       0x1c build/obj/uart_lld.o
                0x20000ac4                UARTD2
 .bss.UARTD6    0x20000ae0       0x1c build/obj/uart_lld.o
                0x20000ae0                UARTD6
 .bss.mb4       0x20000afc       0x28 build/obj/PodioVirtualTrayectoria.o
 *fill*         0x20000b24        0x4 
 .bss.waThread1
                0x20000b28      0x150 build/obj/PodioVirtualTrayectoria.o
 .bss.waThread2
                0x20000c78      0x4e8 build/obj/PodioVirtualTrayectoria.o
 .bss.waThread4
                0x20001160      0x4e8 build/obj/PodioVirtualTrayectoria.o
 .bss.waThread5
                0x20001648      0x4e8 build/obj/PodioVirtualTrayectoria.o
 .bss.b1        0x20001b30       0x50 build/obj/PodioVirtualTrayectoria.o
 .bss.b2        0x20001b80       0x50 build/obj/PodioVirtualTrayectoria.o
 .bss.b3        0x20001bd0       0x50 build/obj/PodioVirtualTrayectoria.o
 .bss.b4        0x20001c20       0x50 build/obj/PodioVirtualTrayectoria.o
 .bss.buffer    0x20001c70       0x14 build/obj/PodioVirtualTrayectoria.o
 .bss.message   0x20001c84        0x8 build/obj/PodioVirtualTrayectoria.o
 *fill*         0x20001c8c        0x4 
 .bss.waThread3
                0x20001c90      0x4e8 build/obj/PodioVirtualTrayectoria.o
 .bss.mb1       0x20002178       0x28 build/obj/PodioVirtualTrayectoria.o
 .bss.mb2       0x200021a0       0x28 build/obj/PodioVirtualTrayectoria.o
 .bss.mb3       0x200021c8       0x28 build/obj/PodioVirtualTrayectoria.o
 *(COMMON)
                0x200021f0                . = ALIGN (0x4)
                0x200021f0                PROVIDE (_bss_end, .)
                [!provide]                PROVIDE (end, .)
                0x200021f0                _end = .
                0x200021f0                __heap_base__ = _end
                0x2001c000                __heap_end__ = __ram_end__
START GROUP
LOAD /home/lithium/Descargas/gcc-arm-none-eabi-5_3-2016q1/bin/../lib/gcc/arm-none-eabi/5.3.1/armv7e-m/libgcc.a
LOAD /home/lithium/Descargas/gcc-arm-none-eabi-5_3-2016q1/bin/../lib/gcc/arm-none-eabi/5.3.1/../../../../arm-none-eabi/lib/armv7e-m/libg.a
LOAD /home/lithium/Descargas/gcc-arm-none-eabi-5_3-2016q1/bin/../lib/gcc/arm-none-eabi/5.3.1/../../../../arm-none-eabi/lib/armv7e-m/libc.a
END GROUP
OUTPUT(build/ch.elf elf32-littlearm)

.debug_info     0x00000000     0xded1
 .debug_info    0x00000000      0x2a8 build/obj/crt0.o
 .debug_info    0x000002a8      0x1d4 build/obj/vectors.o
 .debug_info    0x0000047c       0x99 build/obj/chcore.o
 .debug_info    0x00000515      0x81e build/obj/chcore_v7m.o
 .debug_info    0x00000d33      0x40d build/obj/nvic.o
 .debug_info    0x00001140      0x80e build/obj/chsys.o
 .debug_info    0x0000194e      0x20a build/obj/chvt.o
 .debug_info    0x00001b58      0x9c0 build/obj/chschd.o
 .debug_info    0x00002518      0xbdd build/obj/chthreads.o
 .debug_info    0x000030f5      0x62e build/obj/chregistry.o
 .debug_info    0x00003723      0xb7d build/obj/chsem.o
 .debug_info    0x000042a0      0x9de build/obj/chmtx.o
 .debug_info    0x00004c7e      0xca2 build/obj/chmboxes.o
 .debug_info    0x00005920      0x226 build/obj/chmemcore.o
 .debug_info    0x00005b46      0x6f5 build/obj/chheap.o
 .debug_info    0x0000623b      0x3c2 build/obj/hal.o
 .debug_info    0x000065fd      0x671 build/obj/pwm.o
 .debug_info    0x00006c6e     0x1070 build/obj/spi.o
 .debug_info    0x00007cde      0x9b0 build/obj/uart.o
 .debug_info    0x0000868e      0xa6f build/obj/stm32_dma.o
 .debug_info    0x000090fd      0x49c build/obj/hal_lld.o
 .debug_info    0x00009599      0x6ff build/obj/pal_lld.o
 .debug_info    0x00009c98      0xdb8 build/obj/spi_lld.o
 .debug_info    0x0000aa50      0x7d8 build/obj/pwm_lld.o
 .debug_info    0x0000b228      0xd26 build/obj/uart_lld.o
 .debug_info    0x0000bf4e      0x1ff build/obj/board.o
 .debug_info    0x0000c14d     0x1d84 build/obj/PodioVirtualTrayectoria.o

.debug_abbrev   0x00000000     0x343b
 .debug_abbrev  0x00000000      0x10f build/obj/crt0.o
 .debug_abbrev  0x0000010f       0xb2 build/obj/vectors.o
 .debug_abbrev  0x000001c1       0x42 build/obj/chcore.o
 .debug_abbrev  0x00000203      0x20d build/obj/chcore_v7m.o
 .debug_abbrev  0x00000410      0x10e build/obj/nvic.o
 .debug_abbrev  0x0000051e      0x203 build/obj/chsys.o
 .debug_abbrev  0x00000721      0x117 build/obj/chvt.o
 .debug_abbrev  0x00000838      0x302 build/obj/chschd.o
 .debug_abbrev  0x00000b3a      0x316 build/obj/chthreads.o
 .debug_abbrev  0x00000e50      0x180 build/obj/chregistry.o
 .debug_abbrev  0x00000fd0      0x30b build/obj/chsem.o
 .debug_abbrev  0x000012db      0x2d2 build/obj/chmtx.o
 .debug_abbrev  0x000015ad      0x2e2 build/obj/chmboxes.o
 .debug_abbrev  0x0000188f      0x15b build/obj/chmemcore.o
 .debug_abbrev  0x000019ea      0x1d2 build/obj/chheap.o
 .debug_abbrev  0x00001bbc      0x1a5 build/obj/hal.o
 .debug_abbrev  0x00001d61      0x17a build/obj/pwm.o
 .debug_abbrev  0x00001edb      0x250 build/obj/spi.o
 .debug_abbrev  0x0000212b      0x23c build/obj/uart.o
 .debug_abbrev  0x00002367      0x206 build/obj/stm32_dma.o
 .debug_abbrev  0x0000256d      0x12b build/obj/hal_lld.o
 .debug_abbrev  0x00002698      0x1b2 build/obj/pal_lld.o
 .debug_abbrev  0x0000284a      0x2c9 build/obj/spi_lld.o
 .debug_abbrev  0x00002b13      0x1d2 build/obj/pwm_lld.o
 .debug_abbrev  0x00002ce5      0x353 build/obj/uart_lld.o
 .debug_abbrev  0x00003038       0xe3 build/obj/board.o
 .debug_abbrev  0x0000311b      0x320 build/obj/PodioVirtualTrayectoria.o

.debug_loc      0x00000000     0x3f56
 .debug_loc     0x00000000       0xba build/obj/crt0.o
 .debug_loc     0x000000ba       0x5a build/obj/chcore_v7m.o
 .debug_loc     0x00000114      0x148 build/obj/nvic.o
 .debug_loc     0x0000025c       0x31 build/obj/chsys.o
 .debug_loc     0x0000028d       0x67 build/obj/chvt.o
 .debug_loc     0x000002f4      0x33e build/obj/chschd.o
 .debug_loc     0x00000632      0x49d build/obj/chthreads.o
 .debug_loc     0x00000acf       0x3f build/obj/chregistry.o
 .debug_loc     0x00000b0e      0x653 build/obj/chsem.o
 .debug_loc     0x00001161      0x39e build/obj/chmtx.o
 .debug_loc     0x000014ff      0x780 build/obj/chmboxes.o
 .debug_loc     0x00001c7f       0xb0 build/obj/chmemcore.o
 .debug_loc     0x00001d2f      0x3a1 build/obj/chheap.o
 .debug_loc     0x000020d0       0xce build/obj/hal.o
 .debug_loc     0x0000219e      0x102 build/obj/pwm.o
 .debug_loc     0x000022a0      0x468 build/obj/spi.o
 .debug_loc     0x00002708      0x2f5 build/obj/uart.o
 .debug_loc     0x000029fd      0x276 build/obj/stm32_dma.o
 .debug_loc     0x00002c73      0x2c2 build/obj/pal_lld.o
 .debug_loc     0x00002f35      0x254 build/obj/spi_lld.o
 .debug_loc     0x00003189      0x20f build/obj/pwm_lld.o
 .debug_loc     0x00003398      0x3fb build/obj/uart_lld.o
 .debug_loc     0x00003793      0x7c3 build/obj/PodioVirtualTrayectoria.o

.debug_aranges  0x00000000      0x878
 .debug_aranges
                0x00000000       0x30 build/obj/crt0.o
 .debug_aranges
                0x00000030       0x20 build/obj/vectors.o
 .debug_aranges
                0x00000050       0x20 build/obj/chcore.o
 .debug_aranges
                0x00000070       0x50 build/obj/chcore_v7m.o
 .debug_aranges
                0x000000c0       0x30 build/obj/nvic.o
 .debug_aranges
                0x000000f0       0x30 build/obj/chsys.o
 .debug_aranges
                0x00000120       0x30 build/obj/chvt.o
 .debug_aranges
                0x00000150       0x68 build/obj/chschd.o
 .debug_aranges
                0x000001b8       0x78 build/obj/chthreads.o
 .debug_aranges
                0x00000230       0x28 build/obj/chregistry.o
 .debug_aranges
                0x00000258       0x70 build/obj/chsem.o
 .debug_aranges
                0x000002c8       0x58 build/obj/chmtx.o
 .debug_aranges
                0x00000320       0x70 build/obj/chmboxes.o
 .debug_aranges
                0x00000390       0x38 build/obj/chmemcore.o
 .debug_aranges
                0x000003c8       0x40 build/obj/chheap.o
 .debug_aranges
                0x00000408       0x30 build/obj/hal.o
 .debug_aranges
                0x00000438       0x50 build/obj/pwm.o
 .debug_aranges
                0x00000488       0x98 build/obj/spi.o
 .debug_aranges
                0x00000520       0x78 build/obj/uart.o
 .debug_aranges
                0x00000598       0xb0 build/obj/stm32_dma.o
 .debug_aranges
                0x00000648       0x28 build/obj/hal_lld.o
 .debug_aranges
                0x00000670       0x28 build/obj/pal_lld.o
 .debug_aranges
                0x00000698       0x78 build/obj/spi_lld.o
 .debug_aranges
                0x00000710       0x50 build/obj/pwm_lld.o
 .debug_aranges
                0x00000760       0x80 build/obj/uart_lld.o
 .debug_aranges
                0x000007e0       0x28 build/obj/board.o
 .debug_aranges
                0x00000808       0x70 build/obj/PodioVirtualTrayectoria.o

.debug_ranges   0x00000000      0xeb0
 .debug_ranges  0x00000000       0x50 build/obj/crt0.o
 .debug_ranges  0x00000050       0x10 build/obj/vectors.o
 .debug_ranges  0x00000060       0x10 build/obj/chcore.o
 .debug_ranges  0x00000070       0x58 build/obj/chcore_v7m.o
 .debug_ranges  0x000000c8       0x20 build/obj/nvic.o
 .debug_ranges  0x000000e8       0x38 build/obj/chsys.o
 .debug_ranges  0x00000120       0x20 build/obj/chvt.o
 .debug_ranges  0x00000140      0x178 build/obj/chschd.o
 .debug_ranges  0x000002b8      0x100 build/obj/chthreads.o
 .debug_ranges  0x000003b8       0x18 build/obj/chregistry.o
 .debug_ranges  0x000003d0      0x1d0 build/obj/chsem.o
 .debug_ranges  0x000005a0      0x160 build/obj/chmtx.o
 .debug_ranges  0x00000700      0x108 build/obj/chmboxes.o
 .debug_ranges  0x00000808       0x28 build/obj/chmemcore.o
 .debug_ranges  0x00000830       0x30 build/obj/chheap.o
 .debug_ranges  0x00000860       0x38 build/obj/hal.o
 .debug_ranges  0x00000898       0x70 build/obj/pwm.o
 .debug_ranges  0x00000908      0x100 build/obj/spi.o
 .debug_ranges  0x00000a08       0xf8 build/obj/uart.o
 .debug_ranges  0x00000b00       0xa0 build/obj/stm32_dma.o
 .debug_ranges  0x00000ba0       0x30 build/obj/hal_lld.o
 .debug_ranges  0x00000bd0       0xa8 build/obj/pal_lld.o
 .debug_ranges  0x00000c78       0x68 build/obj/spi_lld.o
 .debug_ranges  0x00000ce0       0x40 build/obj/pwm_lld.o
 .debug_ranges  0x00000d20      0x118 build/obj/uart_lld.o
 .debug_ranges  0x00000e38       0x18 build/obj/board.o
 .debug_ranges  0x00000e50       0x60 build/obj/PodioVirtualTrayectoria.o

.debug_line     0x00000000     0x4bda
 .debug_line    0x00000000      0x16c build/obj/crt0.o
 .debug_line    0x0000016c      0x121 build/obj/vectors.o
 .debug_line    0x0000028d       0x53 build/obj/chcore.o
 .debug_line    0x000002e0      0x244 build/obj/chcore_v7m.o
 .debug_line    0x00000524      0x155 build/obj/nvic.o
 .debug_line    0x00000679      0x204 build/obj/chsys.o
 .debug_line    0x0000087d      0x196 build/obj/chvt.o
 .debug_line    0x00000a13      0x370 build/obj/chschd.o
 .debug_line    0x00000d83      0x3ed build/obj/chthreads.o
 .debug_line    0x00001170      0x238 build/obj/chregistry.o
 .debug_line    0x000013a8      0x3a4 build/obj/chsem.o
 .debug_line    0x0000174c      0x360 build/obj/chmtx.o
 .debug_line    0x00001aac      0x302 build/obj/chmboxes.o
 .debug_line    0x00001dae      0x1c6 build/obj/chmemcore.o
 .debug_line    0x00001f74      0x2da build/obj/chheap.o
 .debug_line    0x0000224e      0x2a5 build/obj/hal.o
 .debug_line    0x000024f3      0x21c build/obj/pwm.o
 .debug_line    0x0000270f      0x418 build/obj/spi.o
 .debug_line    0x00002b27      0x342 build/obj/uart.o
 .debug_line    0x00002e69      0x404 build/obj/stm32_dma.o
 .debug_line    0x0000326d      0x228 build/obj/hal_lld.o
 .debug_line    0x00003495      0x231 build/obj/pal_lld.o
 .debug_line    0x000036c6      0x4a2 build/obj/spi_lld.o
 .debug_line    0x00003b68      0x309 build/obj/pwm_lld.o
 .debug_line    0x00003e71      0x5a8 build/obj/uart_lld.o
 .debug_line    0x00004419      0x1c5 build/obj/board.o
 .debug_line    0x000045de      0x5fc build/obj/PodioVirtualTrayectoria.o

.debug_str      0x00000000     0x241f
 .debug_str     0x00000000      0x29e build/obj/crt0.o
                                0x2e3 (size before relaxing)
 .debug_str     0x0000029e      0x151 build/obj/vectors.o
                                0x31d (size before relaxing)
 .debug_str     0x000003ef       0x2d build/obj/chcore.o
                                0x1e5 (size before relaxing)
 .debug_str     0x0000041c      0x2e3 build/obj/chcore_v7m.o
                                0x4d9 (size before relaxing)
 .debug_str     0x000006ff       0x9e build/obj/nvic.o
                                0x2ef (size before relaxing)
 .debug_str     0x0000079d      0x202 build/obj/chsys.o
                                0x5c0 (size before relaxing)
 .debug_str     0x0000099f       0x36 build/obj/chvt.o
                                0x270 (size before relaxing)
 .debug_str     0x000009d5       0xd5 build/obj/chschd.o
                                0x4e6 (size before relaxing)
 .debug_str     0x00000aaa       0xda build/obj/chthreads.o
                                0x551 (size before relaxing)
 .debug_str     0x00000b84       0x42 build/obj/chregistry.o
                                0x4df (size before relaxing)
 .debug_str     0x00000bc6       0xc8 build/obj/chsem.o
                                0x4ca (size before relaxing)
 .debug_str     0x00000c8e       0x91 build/obj/chmtx.o
                                0x46b (size before relaxing)
 .debug_str     0x00000d1f       0xe2 build/obj/chmboxes.o
                                0x492 (size before relaxing)
 .debug_str     0x00000e01       0x70 build/obj/chmemcore.o
                                0x265 (size before relaxing)
 .debug_str     0x00000e71       0xb3 build/obj/chheap.o
                                0x45a (size before relaxing)
 .debug_str     0x00000f24      0x178 build/obj/hal.o
                                0x36b (size before relaxing)
 .debug_str     0x0000109c      0x1b6 build/obj/pwm.o
                                0x3e9 (size before relaxing)
 .debug_str     0x00001252      0x319 build/obj/spi.o
                                0x727 (size before relaxing)
 .debug_str     0x0000156b      0x27c build/obj/uart.o
                                0x569 (size before relaxing)
 .debug_str     0x000017e7      0x747 build/obj/stm32_dma.o
                                0xa3b (size before relaxing)
 .debug_str     0x00001f2e       0xbe build/obj/hal_lld.o
                                0x419 (size before relaxing)
 .debug_str     0x00001fec       0x77 build/obj/pal_lld.o
                                0x477 (size before relaxing)
 .debug_str     0x00002063       0x97 build/obj/spi_lld.o
                                0x7c7 (size before relaxing)
 .debug_str     0x000020fa       0x4a build/obj/pwm_lld.o
                                0x515 (size before relaxing)
 .debug_str     0x00002144       0xce build/obj/uart_lld.o
                                0x6e7 (size before relaxing)
 .debug_str     0x00002212       0x37 build/obj/board.o
                                0x2d1 (size before relaxing)
 .debug_str     0x00002249      0x1d6 build/obj/PodioVirtualTrayectoria.o
                                0xa0d (size before relaxing)

.comment        0x00000000       0x6e
 .comment       0x00000000       0x6e build/obj/crt0.o
                                 0x6f (size before relaxing)
 .comment       0x0000006e       0x6f build/obj/vectors.o
 .comment       0x0000006e       0x6f build/obj/chcore.o
 .comment       0x0000006e       0x6f build/obj/chcore_v7m.o
 .comment       0x0000006e       0x6f build/obj/nvic.o
 .comment       0x0000006e       0x6f build/obj/chsys.o
 .comment       0x0000006e       0x6f build/obj/chvt.o
 .comment       0x0000006e       0x6f build/obj/chschd.o
 .comment       0x0000006e       0x6f build/obj/chthreads.o
 .comment       0x0000006e       0x6f build/obj/chregistry.o
 .comment       0x0000006e       0x6f build/obj/chsem.o
 .comment       0x0000006e       0x6f build/obj/chmtx.o
 .comment       0x0000006e       0x6f build/obj/chmboxes.o
 .comment       0x0000006e       0x6f build/obj/chmemcore.o
 .comment       0x0000006e       0x6f build/obj/chheap.o
 .comment       0x0000006e       0x6f build/obj/hal.o
 .comment       0x0000006e       0x6f build/obj/pwm.o
 .comment       0x0000006e       0x6f build/obj/spi.o
 .comment       0x0000006e       0x6f build/obj/uart.o
 .comment       0x0000006e       0x6f build/obj/stm32_dma.o
 .comment       0x0000006e       0x6f build/obj/hal_lld.o
 .comment       0x0000006e       0x6f build/obj/pal_lld.o
 .comment       0x0000006e       0x6f build/obj/spi_lld.o
 .comment       0x0000006e       0x6f build/obj/pwm_lld.o
 .comment       0x0000006e       0x6f build/obj/uart_lld.o
 .comment       0x0000006e       0x6f build/obj/board.o
 .comment       0x0000006e       0x6f build/obj/PodioVirtualTrayectoria.o

.ARM.attributes
                0x00000000       0x33
 .ARM.attributes
                0x00000000       0x33 build/obj/crt0.o
 .ARM.attributes
                0x00000033       0x33 build/obj/vectors.o
 .ARM.attributes
                0x00000066       0x33 build/obj/chcore.o
 .ARM.attributes
                0x00000099       0x33 build/obj/chcore_v7m.o
 .ARM.attributes
                0x000000cc       0x33 build/obj/nvic.o
 .ARM.attributes
                0x000000ff       0x33 build/obj/chsys.o
 .ARM.attributes
                0x00000132       0x33 build/obj/chvt.o
 .ARM.attributes
                0x00000165       0x33 build/obj/chschd.o
 .ARM.attributes
                0x00000198       0x33 build/obj/chthreads.o
 .ARM.attributes
                0x000001cb       0x33 build/obj/chregistry.o
 .ARM.attributes
                0x000001fe       0x33 build/obj/chsem.o
 .ARM.attributes
                0x00000231       0x33 build/obj/chmtx.o
 .ARM.attributes
                0x00000264       0x33 build/obj/chmboxes.o
 .ARM.attributes
                0x00000297       0x33 build/obj/chmemcore.o
 .ARM.attributes
                0x000002ca       0x33 build/obj/chheap.o
 .ARM.attributes
                0x000002fd       0x33 build/obj/hal.o
 .ARM.attributes
                0x00000330       0x33 build/obj/pwm.o
 .ARM.attributes
                0x00000363       0x33 build/obj/spi.o
 .ARM.attributes
                0x00000396       0x33 build/obj/uart.o
 .ARM.attributes
                0x000003c9       0x33 build/obj/stm32_dma.o
 .ARM.attributes
                0x000003fc       0x33 build/obj/hal_lld.o
 .ARM.attributes
                0x0000042f       0x33 build/obj/pal_lld.o
 .ARM.attributes
                0x00000462       0x33 build/obj/spi_lld.o
 .ARM.attributes
                0x00000495       0x33 build/obj/pwm_lld.o
 .ARM.attributes
                0x000004c8       0x33 build/obj/uart_lld.o
 .ARM.attributes
                0x000004fb       0x33 build/obj/board.o
 .ARM.attributes
                0x0000052e       0x33 build/obj/PodioVirtualTrayectoria.o
 .ARM.attributes
                0x00000561       0x1e /home/lithium/Descargas/gcc-arm-none-eabi-5_3-2016q1/bin/../lib/gcc/arm-none-eabi/5.3.1/armv7e-m/libgcc.a(_arm_addsubdf3.o)
 .ARM.attributes
                0x0000057f       0x1e /home/lithium/Descargas/gcc-arm-none-eabi-5_3-2016q1/bin/../lib/gcc/arm-none-eabi/5.3.1/armv7e-m/libgcc.a(_arm_muldivdf3.o)
 .ARM.attributes
                0x0000059d       0x1e /home/lithium/Descargas/gcc-arm-none-eabi-5_3-2016q1/bin/../lib/gcc/arm-none-eabi/5.3.1/armv7e-m/libgcc.a(_arm_fixdfsi.o)

.debug_frame    0x00000000     0x16fc
 .debug_frame   0x00000000       0x50 build/obj/crt0.o
 .debug_frame   0x00000050       0x20 build/obj/vectors.o
 .debug_frame   0x00000070       0x20 build/obj/chcore.o
 .debug_frame   0x00000090       0xa0 build/obj/chcore_v7m.o
 .debug_frame   0x00000130       0x74 build/obj/nvic.o
 .debug_frame   0x000001a4       0x5c build/obj/chsys.o
 .debug_frame   0x00000200       0x58 build/obj/chvt.o
 .debug_frame   0x00000258      0x140 build/obj/chschd.o
 .debug_frame   0x00000398      0x178 build/obj/chthreads.o
 .debug_frame   0x00000510       0x3c build/obj/chregistry.o
 .debug_frame   0x0000054c      0x14c build/obj/chsem.o
 .debug_frame   0x00000698       0xec build/obj/chmtx.o
 .debug_frame   0x00000784      0x16c build/obj/chmboxes.o
 .debug_frame   0x000008f0       0x68 build/obj/chmemcore.o
 .debug_frame   0x00000958       0xb4 build/obj/chheap.o
 .debug_frame   0x00000a0c       0x50 build/obj/hal.o
 .debug_frame   0x00000a5c       0xb0 build/obj/pwm.o
 .debug_frame   0x00000b0c      0x1a8 build/obj/spi.o
 .debug_frame   0x00000cb4      0x148 build/obj/uart.o
 .debug_frame   0x00000dfc      0x270 build/obj/stm32_dma.o
 .debug_frame   0x0000106c       0x50 build/obj/hal_lld.o
 .debug_frame   0x000010bc       0x6c build/obj/pal_lld.o
 .debug_frame   0x00001128      0x168 build/obj/spi_lld.o
 .debug_frame   0x00001290       0xd8 build/obj/pwm_lld.o
 .debug_frame   0x00001368      0x1c4 build/obj/uart_lld.o
 .debug_frame   0x0000152c       0x30 build/obj/board.o
 .debug_frame   0x0000155c      0x1a0 build/obj/PodioVirtualTrayectoria.o

Cross Reference Table

Symbol                                            File
BusFaultVector                                    build/obj/vectors.o
ControlPWM                                        build/obj/PodioVirtualTrayectoria.o
DebugMonitorVector                                build/obj/vectors.o
HardFaultVector                                   build/obj/vectors.o
MemManageVector                                   build/obj/vectors.o
NMIVector                                         build/obj/vectors.o
PWMD1                                             build/obj/pwm_lld.o
                                                  build/obj/PodioVirtualTrayectoria.o
PendSVVector                                      build/obj/vectors.o
ResetHandler                                      build/obj/crt0.o
                                                  build/obj/vectors.o
SPID2                                             build/obj/spi_lld.o
SVCallVector                                      build/obj/chcore_v7m.o
                                                  build/obj/vectors.o
SysTickVector                                     build/obj/chcore_v7m.o
                                                  build/obj/vectors.o
UARTD2                                            build/obj/uart_lld.o
                                                  build/obj/PodioVirtualTrayectoria.o
UARTD6                                            build/obj/uart_lld.o
                                                  build/obj/PodioVirtualTrayectoria.o
UsageFaultVector                                  build/obj/vectors.o
Vector100                                         build/obj/vectors.o
Vector104                                         build/obj/vectors.o
Vector108                                         build/obj/vectors.o
Vector10C                                         build/obj/vectors.o
Vector110                                         build/obj/vectors.o
Vector114                                         build/obj/vectors.o
Vector118                                         build/obj/vectors.o
Vector11C                                         build/obj/vectors.o
Vector120                                         build/obj/stm32_dma.o
                                                  build/obj/vectors.o
Vector124                                         build/obj/stm32_dma.o
                                                  build/obj/vectors.o
Vector128                                         build/obj/stm32_dma.o
                                                  build/obj/vectors.o
Vector12C                                         build/obj/stm32_dma.o
                                                  build/obj/vectors.o
Vector130                                         build/obj/stm32_dma.o
                                                  build/obj/vectors.o
Vector134                                         build/obj/vectors.o
Vector138                                         build/obj/vectors.o
Vector13C                                         build/obj/vectors.o
Vector140                                         build/obj/vectors.o
Vector144                                         build/obj/vectors.o
Vector148                                         build/obj/vectors.o
Vector14C                                         build/obj/vectors.o
Vector150                                         build/obj/stm32_dma.o
                                                  build/obj/vectors.o
Vector154                                         build/obj/stm32_dma.o
                                                  build/obj/vectors.o
Vector158                                         build/obj/stm32_dma.o
                                                  build/obj/vectors.o
Vector15C                                         build/obj/uart_lld.o
                                                  build/obj/vectors.o
Vector160                                         build/obj/vectors.o
Vector164                                         build/obj/vectors.o
Vector168                                         build/obj/vectors.o
Vector16C                                         build/obj/vectors.o
Vector170                                         build/obj/vectors.o
Vector174                                         build/obj/vectors.o
Vector178                                         build/obj/vectors.o
Vector17C                                         build/obj/vectors.o
Vector180                                         build/obj/vectors.o
Vector184                                         build/obj/vectors.o
Vector188                                         build/obj/vectors.o
Vector18C                                         build/obj/vectors.o
Vector190                                         build/obj/vectors.o
Vector194                                         build/obj/vectors.o
Vector198                                         build/obj/vectors.o
Vector19C                                         build/obj/vectors.o
Vector1A0                                         build/obj/vectors.o
Vector1A4                                         build/obj/vectors.o
Vector1A8                                         build/obj/vectors.o
Vector1C                                          build/obj/vectors.o
Vector20                                          build/obj/vectors.o
Vector24                                          build/obj/vectors.o
Vector28                                          build/obj/vectors.o
Vector34                                          build/obj/vectors.o
Vector40                                          build/obj/vectors.o
Vector44                                          build/obj/vectors.o
Vector48                                          build/obj/vectors.o
Vector4C                                          build/obj/vectors.o
Vector50                                          build/obj/vectors.o
Vector54                                          build/obj/vectors.o
Vector58                                          build/obj/vectors.o
Vector5C                                          build/obj/vectors.o
Vector60                                          build/obj/vectors.o
Vector64                                          build/obj/vectors.o
Vector68                                          build/obj/vectors.o
Vector6C                                          build/obj/stm32_dma.o
                                                  build/obj/vectors.o
Vector70                                          build/obj/stm32_dma.o
                                                  build/obj/vectors.o
Vector74                                          build/obj/stm32_dma.o
                                                  build/obj/vectors.o
Vector78                                          build/obj/stm32_dma.o
                                                  build/obj/vectors.o
Vector7C                                          build/obj/stm32_dma.o
                                                  build/obj/vectors.o
Vector80                                          build/obj/stm32_dma.o
                                                  build/obj/vectors.o
Vector84                                          build/obj/stm32_dma.o
                                                  build/obj/vectors.o
Vector88                                          build/obj/vectors.o
Vector8C                                          build/obj/vectors.o
Vector90                                          build/obj/vectors.o
Vector94                                          build/obj/vectors.o
Vector98                                          build/obj/vectors.o
Vector9C                                          build/obj/vectors.o
VectorA0                                          build/obj/vectors.o
VectorA4                                          build/obj/pwm_lld.o
                                                  build/obj/vectors.o
VectorA8                                          build/obj/vectors.o
VectorAC                                          build/obj/pwm_lld.o
                                                  build/obj/vectors.o
VectorB0                                          build/obj/vectors.o
VectorB4                                          build/obj/vectors.o
VectorB8                                          build/obj/vectors.o
VectorBC                                          build/obj/vectors.o
VectorC0                                          build/obj/vectors.o
VectorC4                                          build/obj/vectors.o
VectorC8                                          build/obj/vectors.o
VectorCC                                          build/obj/vectors.o
VectorD0                                          build/obj/vectors.o
VectorD4                                          build/obj/vectors.o
VectorD8                                          build/obj/uart_lld.o
                                                  build/obj/vectors.o
VectorDC                                          build/obj/vectors.o
VectorE0                                          build/obj/vectors.o
VectorE4                                          build/obj/vectors.o
VectorE8                                          build/obj/vectors.o
VectorEC                                          build/obj/vectors.o
VectorF0                                          build/obj/vectors.o
VectorF4                                          build/obj/vectors.o
VectorF8                                          build/obj/vectors.o
VectorFC                                          build/obj/stm32_dma.o
                                                  build/obj/vectors.o
__adddf3                                          /home/lithium/Descargas/gcc-arm-none-eabi-5_3-2016q1/bin/../lib/gcc/arm-none-eabi/5.3.1/armv7e-m/libgcc.a(_arm_addsubdf3.o)
__aeabi_d2iz                                      /home/lithium/Descargas/gcc-arm-none-eabi-5_3-2016q1/bin/../lib/gcc/arm-none-eabi/5.3.1/armv7e-m/libgcc.a(_arm_fixdfsi.o)
                                                  build/obj/PodioVirtualTrayectoria.o
__aeabi_dadd                                      /home/lithium/Descargas/gcc-arm-none-eabi-5_3-2016q1/bin/../lib/gcc/arm-none-eabi/5.3.1/armv7e-m/libgcc.a(_arm_addsubdf3.o)
__aeabi_ddiv                                      /home/lithium/Descargas/gcc-arm-none-eabi-5_3-2016q1/bin/../lib/gcc/arm-none-eabi/5.3.1/armv7e-m/libgcc.a(_arm_muldivdf3.o)
__aeabi_dmul                                      /home/lithium/Descargas/gcc-arm-none-eabi-5_3-2016q1/bin/../lib/gcc/arm-none-eabi/5.3.1/armv7e-m/libgcc.a(_arm_muldivdf3.o)
                                                  build/obj/PodioVirtualTrayectoria.o
__aeabi_drsub                                     /home/lithium/Descargas/gcc-arm-none-eabi-5_3-2016q1/bin/../lib/gcc/arm-none-eabi/5.3.1/armv7e-m/libgcc.a(_arm_addsubdf3.o)
__aeabi_dsub                                      /home/lithium/Descargas/gcc-arm-none-eabi-5_3-2016q1/bin/../lib/gcc/arm-none-eabi/5.3.1/armv7e-m/libgcc.a(_arm_addsubdf3.o)
__aeabi_f2d                                       /home/lithium/Descargas/gcc-arm-none-eabi-5_3-2016q1/bin/../lib/gcc/arm-none-eabi/5.3.1/armv7e-m/libgcc.a(_arm_addsubdf3.o)
__aeabi_i2d                                       /home/lithium/Descargas/gcc-arm-none-eabi-5_3-2016q1/bin/../lib/gcc/arm-none-eabi/5.3.1/armv7e-m/libgcc.a(_arm_addsubdf3.o)
                                                  build/obj/PodioVirtualTrayectoria.o
__aeabi_l2d                                       /home/lithium/Descargas/gcc-arm-none-eabi-5_3-2016q1/bin/../lib/gcc/arm-none-eabi/5.3.1/armv7e-m/libgcc.a(_arm_addsubdf3.o)
__aeabi_ui2d                                      /home/lithium/Descargas/gcc-arm-none-eabi-5_3-2016q1/bin/../lib/gcc/arm-none-eabi/5.3.1/armv7e-m/libgcc.a(_arm_addsubdf3.o)
__aeabi_ul2d                                      /home/lithium/Descargas/gcc-arm-none-eabi-5_3-2016q1/bin/../lib/gcc/arm-none-eabi/5.3.1/armv7e-m/libgcc.a(_arm_addsubdf3.o)
__divdf3                                          /home/lithium/Descargas/gcc-arm-none-eabi-5_3-2016q1/bin/../lib/gcc/arm-none-eabi/5.3.1/armv7e-m/libgcc.a(_arm_muldivdf3.o)
__early_init                                      build/obj/board.o
                                                  build/obj/crt0.o
__extendsfdf2                                     /home/lithium/Descargas/gcc-arm-none-eabi-5_3-2016q1/bin/../lib/gcc/arm-none-eabi/5.3.1/armv7e-m/libgcc.a(_arm_addsubdf3.o)
__fini_array_end                                  build/obj/crt0.o
__fini_array_start                                build/obj/crt0.o
__fixdfsi                                         /home/lithium/Descargas/gcc-arm-none-eabi-5_3-2016q1/bin/../lib/gcc/arm-none-eabi/5.3.1/armv7e-m/libgcc.a(_arm_fixdfsi.o)
__floatdidf                                       /home/lithium/Descargas/gcc-arm-none-eabi-5_3-2016q1/bin/../lib/gcc/arm-none-eabi/5.3.1/armv7e-m/libgcc.a(_arm_addsubdf3.o)
__floatsidf                                       /home/lithium/Descargas/gcc-arm-none-eabi-5_3-2016q1/bin/../lib/gcc/arm-none-eabi/5.3.1/armv7e-m/libgcc.a(_arm_addsubdf3.o)
__floatundidf                                     /home/lithium/Descargas/gcc-arm-none-eabi-5_3-2016q1/bin/../lib/gcc/arm-none-eabi/5.3.1/armv7e-m/libgcc.a(_arm_addsubdf3.o)
__floatunsidf                                     /home/lithium/Descargas/gcc-arm-none-eabi-5_3-2016q1/bin/../lib/gcc/arm-none-eabi/5.3.1/armv7e-m/libgcc.a(_arm_addsubdf3.o)
__heap_base__                                     build/obj/chmemcore.o
__heap_end__                                      build/obj/chmemcore.o
__init_array_end                                  build/obj/crt0.o
__init_array_start                                build/obj/crt0.o
__late_init                                       build/obj/crt0.o
__main_stack_base__                               build/obj/crt0.o
__main_stack_end__                                build/obj/vectors.o
                                                  build/obj/crt0.o
__muldf3                                          /home/lithium/Descargas/gcc-arm-none-eabi-5_3-2016q1/bin/../lib/gcc/arm-none-eabi/5.3.1/armv7e-m/libgcc.a(_arm_muldivdf3.o)
__process_stack_base__                            build/obj/crt0.o
__process_stack_end__                             build/obj/crt0.o
__subdf3                                          /home/lithium/Descargas/gcc-arm-none-eabi-5_3-2016q1/bin/../lib/gcc/arm-none-eabi/5.3.1/armv7e-m/libgcc.a(_arm_addsubdf3.o)
_bss_end                                          build/obj/crt0.o
_bss_start                                        build/obj/crt0.o
_core_init                                        build/obj/chmemcore.o
                                                  build/obj/chsys.o
_data                                             build/obj/crt0.o
_default_exit                                     build/obj/crt0.o
_edata                                            build/obj/crt0.o
_heap_init                                        build/obj/chheap.o
                                                  build/obj/chsys.o
_idle_thread                                      build/obj/chsys.o
_idle_thread_wa                                   build/obj/chsys.o
_pal_lld_init                                     build/obj/pal_lld.o
                                                  build/obj/hal.o
_pal_lld_setgroupmode                             build/obj/pal_lld.o
                                                  build/obj/PodioVirtualTrayectoria.o
                                                  build/obj/pal.o
_port_init                                        build/obj/chcore_v7m.o
                                                  build/obj/chsys.o
_port_irq_epilogue                                build/obj/chcore_v7m.o
                                                  build/obj/uart_lld.o
                                                  build/obj/pwm_lld.o
                                                  build/obj/stm32_dma.o
_port_switch                                      build/obj/chcore_v7m.o
                                                  build/obj/chschd.o
_port_switch_from_isr                             build/obj/chcore_v7m.o
_port_thread_start                                build/obj/chcore_v7m.o
                                                  build/obj/chthreads.o
_scheduler_init                                   build/obj/chschd.o
                                                  build/obj/chsys.o
_stm32_dma_streams                                build/obj/stm32_dma.o
                                                  build/obj/uart_lld.o
                                                  build/obj/spi_lld.o
_textdata                                         build/obj/crt0.o
_thread_init                                      build/obj/chthreads.o
                                                  build/obj/chsys.o
_unhandled_exception                              build/obj/vectors.o
_vectors                                          build/obj/vectors.o
_vt_init                                          build/obj/chvt.o
                                                  build/obj/chsys.o
boardInit                                         build/obj/board.o
                                                  build/obj/hal.o
chCondBroadcast                                   build/obj/chcond.o
chCondBroadcastI                                  build/obj/chcond.o
chCondInit                                        build/obj/chcond.o
chCondSignal                                      build/obj/chcond.o
chCondSignalI                                     build/obj/chcond.o
chCondWait                                        build/obj/chcond.o
chCondWaitS                                       build/obj/chcond.o
chCondWaitTimeout                                 build/obj/chcond.o
chCondWaitTimeoutS                                build/obj/chcond.o
chCoreAlloc                                       build/obj/chmemcore.o
                                                  build/obj/chheap.o
chCoreAllocI                                      build/obj/chmemcore.o
chCoreStatus                                      build/obj/chmemcore.o
chEvtAddEvents                                    build/obj/chevents.o
chEvtBroadcastFlags                               build/obj/chevents.o
chEvtBroadcastFlagsI                              build/obj/chevents.o
chEvtDispatch                                     build/obj/chevents.o
chEvtGetAndClearEvents                            build/obj/chevents.o
chEvtGetAndClearFlags                             build/obj/chevents.o
chEvtGetAndClearFlagsI                            build/obj/chevents.o
chEvtRegisterMask                                 build/obj/chevents.o
chEvtSignal                                       build/obj/chevents.o
chEvtSignalI                                      build/obj/chevents.o
chEvtUnregister                                   build/obj/chevents.o
chEvtWaitAll                                      build/obj/chevents.o
chEvtWaitAllTimeout                               build/obj/chevents.o
chEvtWaitAny                                      build/obj/chevents.o
chEvtWaitAnyTimeout                               build/obj/chevents.o
chEvtWaitOne                                      build/obj/chevents.o
chEvtWaitOneTimeout                               build/obj/chevents.o
chHeapAlloc                                       build/obj/chheap.o
                                                  build/obj/chdynamic.o
chHeapFree                                        build/obj/chheap.o
                                                  build/obj/chdynamic.o
chHeapInit                                        build/obj/chheap.o
chHeapStatus                                      build/obj/chheap.o
chIQGetTimeout                                    build/obj/chqueues.o
chIQInit                                          build/obj/chqueues.o
chIQPutI                                          build/obj/chqueues.o
chIQReadTimeout                                   build/obj/chqueues.o
chIQResetI                                        build/obj/chqueues.o
chMBFetch                                         build/obj/chmboxes.o
                                                  build/obj/PodioVirtualTrayectoria.o
chMBFetchI                                        build/obj/chmboxes.o
chMBFetchS                                        build/obj/chmboxes.o
chMBInit                                          build/obj/chmboxes.o
                                                  build/obj/PodioVirtualTrayectoria.o
chMBPost                                          build/obj/chmboxes.o
chMBPostAhead                                     build/obj/chmboxes.o
chMBPostAheadI                                    build/obj/chmboxes.o
chMBPostAheadS                                    build/obj/chmboxes.o
chMBPostI                                         build/obj/chmboxes.o
                                                  build/obj/PodioVirtualTrayectoria.o
chMBPostS                                         build/obj/chmboxes.o
chMBReset                                         build/obj/chmboxes.o
chMsgRelease                                      build/obj/chmsg.o
chMsgSend                                         build/obj/chmsg.o
chMsgWait                                         build/obj/chmsg.o
chMtxInit                                         build/obj/chmtx.o
                                                  build/obj/spi.o
                                                  build/obj/chheap.o
chMtxLock                                         build/obj/chmtx.o
                                                  build/obj/spi.o
                                                  build/obj/chheap.o
chMtxLockS                                        build/obj/chmtx.o
                                                  build/obj/chcond.o
chMtxTryLock                                      build/obj/chmtx.o
chMtxTryLockS                                     build/obj/chmtx.o
chMtxUnlock                                       build/obj/chmtx.o
                                                  build/obj/spi.o
                                                  build/obj/chheap.o
chMtxUnlockAll                                    build/obj/chmtx.o
chMtxUnlockS                                      build/obj/chmtx.o
                                                  build/obj/chcond.o
chOQGetI                                          build/obj/chqueues.o
chOQInit                                          build/obj/chqueues.o
chOQPutTimeout                                    build/obj/chqueues.o
chOQResetI                                        build/obj/chqueues.o
chOQWriteTimeout                                  build/obj/chqueues.o
chPoolAlloc                                       build/obj/chmempools.o
                                                  build/obj/chdynamic.o
chPoolAllocI                                      build/obj/chmempools.o
chPoolFree                                        build/obj/chmempools.o
                                                  build/obj/chdynamic.o
chPoolFreeI                                       build/obj/chmempools.o
chPoolInit                                        build/obj/chmempools.o
chPoolLoadArray                                   build/obj/chmempools.o
chRegFirstThread                                  build/obj/chregistry.o
chRegNextThread                                   build/obj/chregistry.o
chSchDoReschedule                                 build/obj/chschd.o
                                                  build/obj/chcore_v7m.o
chSchDoRescheduleAhead                            build/obj/chschd.o
chSchDoRescheduleBehind                           build/obj/chschd.o
                                                  build/obj/chthreads.o
chSchGoSleepS                                     build/obj/chschd.o
                                                  build/obj/spi.o
                                                  build/obj/chmsg.o
                                                  build/obj/chevents.o
                                                  build/obj/chcond.o
                                                  build/obj/chmtx.o
                                                  build/obj/chsem.o
                                                  build/obj/chthreads.o
chSchGoSleepTimeoutS                              build/obj/chschd.o
                                                  build/obj/chqueues.o
                                                  build/obj/chevents.o
                                                  build/obj/chcond.o
                                                  build/obj/chsem.o
                                                  build/obj/chthreads.o
chSchReadyI                                       build/obj/chschd.o
                                                  build/obj/spi_lld.o
                                                  build/obj/chqueues.o
                                                  build/obj/chmsg.o
                                                  build/obj/chevents.o
                                                  build/obj/chcond.o
                                                  build/obj/chmtx.o
                                                  build/obj/chsem.o
                                                  build/obj/chthreads.o
chSchRescheduleS                                  build/obj/chschd.o
                                                  build/obj/chmboxes.o
                                                  build/obj/chevents.o
                                                  build/obj/chcond.o
                                                  build/obj/chmtx.o
                                                  build/obj/chsem.o
                                                  build/obj/chthreads.o
chSchWakeupS                                      build/obj/chschd.o
                                                  build/obj/chmsg.o
                                                  build/obj/chcond.o
                                                  build/obj/chmtx.o
                                                  build/obj/chsem.o
                                                  build/obj/chdynamic.o
                                                  build/obj/chthreads.o
chSemAddCounterI                                  build/obj/chsem.o
chSemInit                                         build/obj/chsem.o
                                                  build/obj/chmboxes.o
chSemReset                                        build/obj/chsem.o
chSemResetI                                       build/obj/chsem.o
                                                  build/obj/chmboxes.o
chSemSignal                                       build/obj/chsem.o
chSemSignalI                                      build/obj/chsem.o
                                                  build/obj/chmboxes.o
chSemSignalWait                                   build/obj/chsem.o
chSemWait                                         build/obj/chsem.o
chSemWaitS                                        build/obj/chsem.o
chSemWaitTimeout                                  build/obj/chsem.o
chSemWaitTimeoutS                                 build/obj/chsem.o
                                                  build/obj/chmboxes.o
chSysInit                                         build/obj/chsys.o
                                                  build/obj/PodioVirtualTrayectoria.o
chSysTimerHandlerI                                build/obj/chsys.o
                                                  build/obj/chcore_v7m.o
chThdAddRef                                       build/obj/chdynamic.o
chThdCreateFromHeap                               build/obj/chdynamic.o
chThdCreateFromMemoryPool                         build/obj/chdynamic.o
chThdCreateI                                      build/obj/chthreads.o
                                                  build/obj/chdynamic.o
chThdCreateStatic                                 build/obj/chthreads.o
                                                  build/obj/PodioVirtualTrayectoria.o
                                                  build/obj/chsys.o
chThdExit                                         build/obj/chthreads.o
                                                  build/obj/chcore_v7m.o
chThdExitS                                        build/obj/chthreads.o
chThdRelease                                      build/obj/chdynamic.o
                                                  build/obj/chregistry.o
                                                  build/obj/chthreads.o
chThdResume                                       build/obj/chthreads.o
chThdSetPriority                                  build/obj/chthreads.o
chThdSleep                                        build/obj/chthreads.o
                                                  build/obj/PodioVirtualTrayectoria.o
chThdSleepUntil                                   build/obj/chthreads.o
chThdTerminate                                    build/obj/chthreads.o
chThdWait                                         build/obj/chthreads.o
chThdYield                                        build/obj/chthreads.o
chVTResetI                                        build/obj/chvt.o
                                                  build/obj/chschd.o
chVTSetI                                          build/obj/chvt.o
                                                  build/obj/chschd.o
ch_debug                                          build/obj/chregistry.o
                                                  build/obj/chsys.o
chsnprintf                                        build/obj/chprintf.o
chvprintf                                         build/obj/chprintf.o
dmaInit                                           build/obj/stm32_dma.o
                                                  build/obj/hal_lld.o
dmaStreamAllocate                                 build/obj/stm32_dma.o
                                                  build/obj/uart_lld.o
                                                  build/obj/spi_lld.o
dmaStreamRelease                                  build/obj/stm32_dma.o
                                                  build/obj/uart_lld.o
                                                  build/obj/spi_lld.o
halInit                                           build/obj/hal.o
                                                  build/obj/PodioVirtualTrayectoria.o
halIsCounterWithin                                build/obj/hal.o
halPolledDelay                                    build/obj/hal.o
hal_lld_init                                      build/obj/hal_lld.o
                                                  build/obj/hal.o
lis302dlReadRegister                              build/obj/lis302dl.o
lis302dlWriteRegister                             build/obj/lis302dl.o
main                                              build/obj/PodioVirtualTrayectoria.o
                                                  build/obj/crt0.o
msObjectInit                                      build/obj/chprintf.o
nvicDisableVector                                 build/obj/nvic.o
                                                  build/obj/uart_lld.o
                                                  build/obj/pwm_lld.o
                                                  build/obj/stm32_dma.o
nvicEnableVector                                  build/obj/nvic.o
                                                  build/obj/uart_lld.o
                                                  build/obj/pwm_lld.o
                                                  build/obj/stm32_dma.o
nvicSetSystemHandlerPriority                      build/obj/nvic.o
                                                  build/obj/chcore_v7m.o
palReadBus                                        build/obj/pal.o
palSetBusMode                                     build/obj/pal.o
palWriteBus                                       build/obj/pal.o
pal_default_config                                build/obj/board.o
                                                  build/obj/hal.o
port_halt                                         build/obj/chcore.o
                                                  build/obj/uart_lld.o
                                                  build/obj/spi_lld.o
pwmChangePeriod                                   build/obj/pwm.o
pwmDisableChannel                                 build/obj/pwm.o
pwmEnableChannel                                  build/obj/pwm.o
                                                  build/obj/PodioVirtualTrayectoria.o
pwmInit                                           build/obj/pwm.o
                                                  build/obj/hal.o
pwmObjectInit                                     build/obj/pwm.o
                                                  build/obj/pwm_lld.o
pwmStart                                          build/obj/pwm.o
                                                  build/obj/PodioVirtualTrayectoria.o
pwmStop                                           build/obj/pwm.o
pwm_lld_disable_channel                           build/obj/pwm_lld.o
                                                  build/obj/pwm.o
pwm_lld_enable_channel                            build/obj/pwm_lld.o
                                                  build/obj/pwm.o
pwm_lld_init                                      build/obj/pwm_lld.o
                                                  build/obj/pwm.o
pwm_lld_start                                     build/obj/pwm_lld.o
                                                  build/obj/pwm.o
pwm_lld_stop                                      build/obj/pwm_lld.o
                                                  build/obj/pwm.o
rlist                                             build/obj/chschd.o
                                                  build/obj/spi.o
                                                  build/obj/chqueues.o
                                                  build/obj/chmsg.o
                                                  build/obj/chevents.o
                                                  build/obj/chcond.o
                                                  build/obj/chmtx.o
                                                  build/obj/chsem.o
                                                  build/obj/chregistry.o
                                                  build/obj/chthreads.o
                                                  build/obj/chsys.o
                                                  build/obj/chcore_v7m.o
spiAcquireBus                                     build/obj/spi.o
spiExchange                                       build/obj/spi.o
                                                  build/obj/lis302dl.o
spiIgnore                                         build/obj/spi.o
spiInit                                           build/obj/spi.o
                                                  build/obj/hal.o
spiObjectInit                                     build/obj/spi.o
                                                  build/obj/spi_lld.o
spiReceive                                        build/obj/spi.o
spiReleaseBus                                     build/obj/spi.o
spiSelect                                         build/obj/spi.o
                                                  build/obj/lis302dl.o
spiSend                                           build/obj/spi.o
                                                  build/obj/lis302dl.o
spiStart                                          build/obj/spi.o
spiStartExchange                                  build/obj/spi.o
spiStartIgnore                                    build/obj/spi.o
spiStartReceive                                   build/obj/spi.o
spiStartSend                                      build/obj/spi.o
spiStop                                           build/obj/spi.o
spiUnselect                                       build/obj/spi.o
                                                  build/obj/lis302dl.o
spi_lld_exchange                                  build/obj/spi_lld.o
                                                  build/obj/spi.o
spi_lld_ignore                                    build/obj/spi_lld.o
                                                  build/obj/spi.o
spi_lld_init                                      build/obj/spi_lld.o
                                                  build/obj/spi.o
spi_lld_polled_exchange                           build/obj/spi_lld.o
spi_lld_receive                                   build/obj/spi_lld.o
                                                  build/obj/spi.o
spi_lld_select                                    build/obj/spi_lld.o
                                                  build/obj/spi.o
spi_lld_send                                      build/obj/spi_lld.o
                                                  build/obj/spi.o
spi_lld_start                                     build/obj/spi_lld.o
                                                  build/obj/spi.o
spi_lld_stop                                      build/obj/spi_lld.o
                                                  build/obj/spi.o
spi_lld_unselect                                  build/obj/spi_lld.o
                                                  build/obj/spi.o
stm32_clock_init                                  build/obj/hal_lld.o
                                                  build/obj/board.o
uartInit                                          build/obj/uart.o
                                                  build/obj/hal.o
uartObjectInit                                    build/obj/uart.o
                                                  build/obj/uart_lld.o
uartStart                                         build/obj/uart.o
                                                  build/obj/PodioVirtualTrayectoria.o
uartStartReceive                                  build/obj/uart.o
                                                  build/obj/PodioVirtualTrayectoria.o
uartStartReceiveI                                 build/obj/uart.o
uartStartSend                                     build/obj/uart.o
                                                  build/obj/PodioVirtualTrayectoria.o
uartStartSendI                                    build/obj/uart.o
uartStop                                          build/obj/uart.o
uartStopReceive                                   build/obj/uart.o
                                                  build/obj/PodioVirtualTrayectoria.o
uartStopReceiveI                                  build/obj/uart.o
uartStopSend                                      build/obj/uart.o
                                                  build/obj/PodioVirtualTrayectoria.o
uartStopSendI                                     build/obj/uart.o
uart_lld_init                                     build/obj/uart_lld.o
                                                  build/obj/uart.o
uart_lld_start                                    build/obj/uart_lld.o
                                                  build/obj/uart.o
uart_lld_start_receive                            build/obj/uart_lld.o
                                                  build/obj/uart.o
uart_lld_start_send                               build/obj/uart_lld.o
                                                  build/obj/uart.o
uart_lld_stop                                     build/obj/uart_lld.o
                                                  build/obj/uart.o
uart_lld_stop_receive                             build/obj/uart_lld.o
                                                  build/obj/uart.o
uart_lld_stop_send                                build/obj/uart_lld.o
                                                  build/obj/uart.o
vtlist                                            build/obj/chvt.o
                                                  build/obj/chthreads.o
                                                  build/obj/chsys.o