Archive member included to satisfy reference by file (symbol)

/home/lithium/Descargas/gcc-arm-none-eabi-5_3-2016q1/bin/../lib/gcc/arm-none-eabi/5.3.1/../../../../arm-none-eabi/lib/armv7e-m/libg.a(lib_a-strlen.o)
                              build/obj/main.o (strlen)
/home/lithium/Descargas/gcc-arm-none-eabi-5_3-2016q1/bin/../lib/gcc/arm-none-eabi/5.3.1/../../../../arm-none-eabi/lib/armv7e-m/libg.a(lib_a-strstr.o)
                              build/obj/main.o (strstr)
/home/lithium/Descargas/gcc-arm-none-eabi-5_3-2016q1/bin/../lib/gcc/arm-none-eabi/5.3.1/../../../../arm-none-eabi/lib/armv7e-m/libg.a(lib_a-memchr.o)
                              /home/lithium/Descargas/gcc-arm-none-eabi-5_3-2016q1/bin/../lib/gcc/arm-none-eabi/5.3.1/../../../../arm-none-eabi/lib/armv7e-m/libg.a(lib_a-strstr.o) (memchr)
/home/lithium/Descargas/gcc-arm-none-eabi-5_3-2016q1/bin/../lib/gcc/arm-none-eabi/5.3.1/../../../../arm-none-eabi/lib/armv7e-m/libg.a(lib_a-memcmp.o)
                              /home/lithium/Descargas/gcc-arm-none-eabi-5_3-2016q1/bin/../lib/gcc/arm-none-eabi/5.3.1/../../../../arm-none-eabi/lib/armv7e-m/libg.a(lib_a-strstr.o) (memcmp)
/home/lithium/Descargas/gcc-arm-none-eabi-5_3-2016q1/bin/../lib/gcc/arm-none-eabi/5.3.1/../../../../arm-none-eabi/lib/armv7e-m/libg.a(lib_a-strchr.o)
                              /home/lithium/Descargas/gcc-arm-none-eabi-5_3-2016q1/bin/../lib/gcc/arm-none-eabi/5.3.1/../../../../arm-none-eabi/lib/armv7e-m/libg.a(lib_a-strstr.o) (strchr)

Discarded input sections

 .text          0x00000000        0x0 build/obj/crt0.o
 .data          0x00000000        0x0 build/obj/crt0.o
 .bss           0x00000000        0x0 build/obj/crt0.o
 .text.__early_init
                0x00000000        0x4 build/obj/crt0.o
 .text          0x00000000        0x0 build/obj/vectors.o
 .data          0x00000000        0x0 build/obj/vectors.o
 .bss           0x00000000        0x0 build/obj/vectors.o
 .text          0x00000000        0x0 build/obj/chcore.o
 .data          0x00000000        0x0 build/obj/chcore.o
 .bss           0x00000000        0x0 build/obj/chcore.o
 .text          0x00000000        0x0 build/obj/chcore_v7m.o
 .data          0x00000000        0x0 build/obj/chcore_v7m.o
 .bss           0x00000000        0x0 build/obj/chcore_v7m.o
 .text          0x00000000        0x0 build/obj/nvic.o
 .data          0x00000000        0x0 build/obj/nvic.o
 .bss           0x00000000        0x0 build/obj/nvic.o
 .text.nvicDisableVector
                0x00000000       0x40 build/obj/nvic.o
 .text          0x00000000        0x0 build/obj/chsys.o
 .data          0x00000000        0x0 build/obj/chsys.o
 .bss           0x00000000        0x0 build/obj/chsys.o
 .text          0x00000000        0x0 build/obj/chdebug.o
 .data          0x00000000        0x0 build/obj/chdebug.o
 .bss           0x00000000        0x0 build/obj/chdebug.o
 .debug_info    0x00000000       0x80 build/obj/chdebug.o
 .debug_abbrev  0x00000000       0x26 build/obj/chdebug.o
 .debug_aranges
                0x00000000       0x18 build/obj/chdebug.o
 .debug_line    0x00000000       0x1d build/obj/chdebug.o
 .debug_str     0x00000000      0x1cf build/obj/chdebug.o
 .comment       0x00000000       0x6f build/obj/chdebug.o
 .ARM.attributes
                0x00000000       0x33 build/obj/chdebug.o
 .text          0x00000000        0x0 build/obj/chlists.o
 .data          0x00000000        0x0 build/obj/chlists.o
 .bss           0x00000000        0x0 build/obj/chlists.o
 .debug_info    0x00000000       0x80 build/obj/chlists.o
 .debug_abbrev  0x00000000       0x26 build/obj/chlists.o
 .debug_aranges
                0x00000000       0x18 build/obj/chlists.o
 .debug_line    0x00000000       0x1d build/obj/chlists.o
 .debug_str     0x00000000      0x1cf build/obj/chlists.o
 .comment       0x00000000       0x6f build/obj/chlists.o
 .ARM.attributes
                0x00000000       0x33 build/obj/chlists.o
 .text          0x00000000        0x0 build/obj/chvt.o
 .data          0x00000000        0x0 build/obj/chvt.o
 .bss           0x00000000        0x0 build/obj/chvt.o
 .text          0x00000000        0x0 build/obj/chschd.o
 .data          0x00000000        0x0 build/obj/chschd.o
 .bss           0x00000000        0x0 build/obj/chschd.o
 .text.chSchRescheduleS
                0x00000000       0x18 build/obj/chschd.o
 .text          0x00000000        0x0 build/obj/chthreads.o
 .data          0x00000000        0x0 build/obj/chthreads.o
 .bss           0x00000000        0x0 build/obj/chthreads.o
 .text.chThdCreateI
                0x00000000       0x5c build/obj/chthreads.o
 .text.chThdSetPriority
                0x00000000       0x30 build/obj/chthreads.o
 .text.chThdResume
                0x00000000       0x1c build/obj/chthreads.o
 .text.chThdTerminate
                0x00000000       0x18 build/obj/chthreads.o
 .text.chThdSleepUntil
                0x00000000       0x24 build/obj/chthreads.o
 .text.chThdYield
[...]
Memory Configuration

Name             Origin             Length             Attributes
flash            0x08000000         0x00100000
ram              0x20000000         0x0001c000
ethram           0x2001c000         0x00004000
ccmram           0x10000000         0x00010000
*default*        0x00000000         0xffffffff

Linker script and memory map

LOAD build/obj/crt0.o
LOAD build/obj/vectors.o
LOAD build/obj/chcore.o
LOAD build/obj/chcore_v7m.o
LOAD build/obj/nvic.o
LOAD build/obj/chsys.o
LOAD build/obj/chdebug.o
LOAD build/obj/chlists.o
LOAD build/obj/chvt.o
LOAD build/obj/chschd.o
LOAD build/obj/chthreads.o
LOAD build/obj/chdynamic.o
LOAD build/obj/chregistry.o
LOAD build/obj/chsem.o
LOAD build/obj/chmtx.o
LOAD build/obj/chcond.o
LOAD build/obj/chevents.o
LOAD build/obj/chmsg.o
LOAD build/obj/chmboxes.o
LOAD build/obj/chqueues.o
LOAD build/obj/chmemcore.o
LOAD build/obj/chheap.o
LOAD build/obj/chmempools.o
LOAD build/obj/hal.o
LOAD build/obj/adc.o
LOAD build/obj/can.o
LOAD build/obj/ext.o
LOAD build/obj/gpt.o
LOAD build/obj/i2c.o
LOAD build/obj/icu.o
LOAD build/obj/mac.o
LOAD build/obj/mmc_spi.o
LOAD build/obj/mmcsd.o
LOAD build/obj/pal.o
LOAD build/obj/pwm.o
LOAD build/obj/rtc.o
LOAD build/obj/sdc.o
LOAD build/obj/serial.o
LOAD build/obj/serial_usb.o
LOAD build/obj/spi.o
LOAD build/obj/tm.o
LOAD build/obj/uart.o
LOAD build/obj/usb.o
LOAD build/obj/stm32_dma.o
LOAD build/obj/hal_lld.o
LOAD build/obj/adc_lld.o
LOAD build/obj/ext_lld_isr.o
LOAD build/obj/can_lld.o
LOAD build/obj/ext_lld.o
LOAD build/obj/mac_lld.o
LOAD build/obj/sdc_lld.o
LOAD build/obj/pal_lld.o
LOAD build/obj/i2c_lld.o
LOAD build/obj/usb_lld.o
LOAD build/obj/rtc_lld.o
LOAD build/obj/spi_lld.o
LOAD build/obj/gpt_lld.o
LOAD build/obj/icu_lld.o
LOAD build/obj/pwm_lld.o
LOAD build/obj/serial_lld.o
LOAD build/obj/uart_lld.o
LOAD build/obj/board.o
LOAD build/obj/chprintf.o
LOAD build/obj/main.o
                0x00000400                __main_stack_size__ = 0x400
                0x00000400                __process_stack_size__ = 0x400
                0x20000000                __ram_start__ = ORIGIN (ram)
                0x0001c000                __ram_size__ = LENGTH (ram)
                0x2001c000                __ram_end__ = (__ram_start__ + __ram_size__)
                0x00000000                . = 0x0
                0x00000000                _text = .

startup         0x08000000      0x1ac
 *(vectors)
 vectors        0x08000000      0x1ac build/obj/vectors.o
                0x08000000                _vectors

constructors    0x080001ac        0x0
                0x080001ac                PROVIDE (__init_array_start, .)
 *(SORT(.init_array.*))
 *(.init_array)
                0x080001ac                PROVIDE (__init_array_end, .)

destructors     0x080001ac        0x0
                0x080001ac                PROVIDE (__fini_array_start, .)
 *(.fini_array)
 *(SORT(.fini_array.*))
                0x080001ac                PROVIDE (__fini_array_end, .)

.text           0x080001c0     0x22fc
 *(.text.startup.*)
 .text.startup.main
                0x080001c0      0x108 build/obj/main.o
                0x080001c0                main
 *(.text)
 *fill*         0x080002c8        0x8 
 .text          0x080002d0       0xdc /home/lithium/Descargas/gcc-arm-none-eabi-5_3-2016q1/bin/../lib/gcc/arm-none-eabi/5.3.1/../../../../arm-none-eabi/lib/armv7e-m/libg.a(lib_a-strlen.o)
                0x080002d0                strlen
 *fill*         0x080003ac        0x4 
 .text          0x080003b0       0xa0 /home/lithium/Descargas/gcc-arm-none-eabi-5_3-2016q1/bin/../lib/gcc/arm-none-eabi/5.3.1/../../../../arm-none-eabi/lib/armv7e-m/libg.a(lib_a-memchr.o)
                0x080003b0                memchr
 *(.text.*)
 .text.__late_init
                0x08000450        0x4 build/obj/crt0.o
                0x08000450                __late_init
 *fill*         0x08000454        0xc 
 .text._default_exit
                0x08000460        0x4 build/obj/crt0.o
                0x08000460                _default_exit
 *fill*         0x08000464        0xc 
 .text.ResetHandler
                0x08000470       0xfc build/obj/crt0.o
                0x08000470                ResetHandler
 *fill*         0x0800056c        0x4 
 .text._unhandled_exception
                0x08000570        0x4 build/obj/vectors.o
                0x08000570                Vector58
                0x08000570                Vector9C
                0x08000570                VectorE8
                0x08000570                Vector1A0
                0x08000570                Vector5C
                0x08000570                NMIVector
                0x08000570                Vector11C
                0x08000570                Vector19C
                0x08000570                Vector8C
                0x08000570                VectorDC
                0x08000570                Vector168
                0x08000570                Vector110
                0x08000570                VectorC8
                0x08000570                Vector94
                0x08000570                VectorA8
                0x08000570                VectorB4
                0x08000570                Vector160
                0x08000570                VectorEC
                0x08000570                UsageFaultVector
                0x08000570                DebugMonitorVector
                0x08000570                Vector40
                0x08000570                VectorF8
                0x08000570                Vector108
                0x08000570                VectorBC
                0x08000570                Vector190
                0x08000570                Vector148
                0x08000570                Vector188
                0x08000570                PendSVVector
                0x08000570                Vector198
                0x08000570                Vector118
                0x08000570                Vector64
                0x08000570                VectorCC
                0x08000570                Vector54
                0x08000570                Vector98
                0x08000570                Vector138
                0x08000570                Vector24
                0x08000570                Vector178
                0x08000570                Vector1A4
                0x08000570                BusFaultVector
                0x08000570                VectorD0
                0x08000570                Vector140
                0x08000570                VectorE4
                0x08000570                VectorC0
                0x08000570                HardFaultVector
                0x08000570                Vector134
                0x08000570                VectorF0
                0x08000570                Vector13C
                0x08000570                Vector100
                0x08000570                VectorE0
                0x08000570                VectorF4
                0x08000570                MemManageVector
                0x08000570                VectorA0
                0x08000570                VectorC4
                0x08000570                Vector180
                0x08000570                VectorB0
                0x08000570                Vector90
                0x08000570                Vector114
                0x08000570                Vector60
                0x08000570                Vector164
                0x08000570                Vector1C
                0x08000570                Vector17C
                0x08000570                Vector48
                0x08000570                Vector1A8
                0x08000570                Vector16C
                0x08000570                VectorD4
                0x08000570                Vector4C
                0x08000570                Vector144
                0x08000570                Vector68
                0x08000570                _unhandled_exception
                0x08000570                Vector170
                0x08000570                Vector88
                0x08000570                Vector104
                0x08000570                Vector184
                0x08000570                Vector10C
                0x08000570                Vector14C
                0x08000570                Vector50
                0x08000570                Vector194
                0x08000570                Vector44
                0x08000570                Vector28
                0x08000570                VectorB8
                0x08000570                Vector34
                0x08000570                Vector20
                0x08000570                Vector18C
                0x08000570                Vector174
 *fill*         0x08000574        0xc 
 .text.port_halt
                0x08000580        0x4 build/obj/chcore.o
                0x08000580                port_halt
 *fill*         0x08000584        0xc 
 .text._port_switch_from_isr
                0x08000590        0x8 build/obj/chcore_v7m.o
                0x08000590                _port_switch_from_isr
 *fill*         0x08000598        0x8 
 .text.SVCallVector
                0x080005a0       0x14 build/obj/chcore_v7m.o
                0x080005a0                SVCallVector
 *fill*         0x080005b4        0xc 
 .text._port_init
                0x080005c0       0x30 build/obj/chcore_v7m.o
                0x080005c0                _port_init
 .text._port_irq_epilogue
                0x080005f0       0x74 build/obj/chcore_v7m.o
                0x080005f0                _port_irq_epilogue
 *fill*         0x08000664        0xc 
 .text.SysTickVector
                0x08000670       0x1c build/obj/chcore_v7m.o
                0x08000670                SysTickVector
 *fill*         0x0800068c        0x4 
 .text._port_switch
                0x08000690       0x10 build/obj/chcore_v7m.o
                0x08000690                _port_switch
 .text._port_thread_start
                0x080006a0       0x10 build/obj/chcore_v7m.o
                0x080006a0                _port_thread_start
 .text.nvicEnableVector
                0x080006b0       0x48 build/obj/nvic.o
                0x080006b0                nvicEnableVector
 *fill*         0x080006f8        0x8 
 .text.nvicSetSystemHandlerPriority
                0x08000700       0x28 build/obj/nvic.o
                0x08000700                nvicSetSystemHandlerPriority
 *fill*         0x08000728        0x8 
 .text._idle_thread
                0x08000730       0x14 build/obj/chsys.o
                0x08000730                _idle_thread
 *fill*         0x08000744        0xc 
 .text.chSysInit
                0x08000750       0x5c build/obj/chsys.o
                0x08000750                chSysInit
 *fill*         0x080007ac        0x4 
 .text.chSysTimerHandlerI
                0x080007b0       0x58 build/obj/chsys.o
                0x080007b0                chSysTimerHandlerI
 *fill*         0x08000808        0x8 
 .text._vt_init
                0x08000810       0x18 build/obj/chvt.o
                0x08000810                _vt_init
 *fill*         0x08000828        0x8 
 .text.chVTSetI
                0x08000830       0x38 build/obj/chvt.o
                0x08000830                chVTSetI
 *fill*         0x08000868        0x8 
 .text.chVTResetI
                0x08000870       0x24 build/obj/chvt.o
                0x08000870                chVTResetI
 *fill*         0x08000894        0xc 
 .text.wakeup   0x080008a0       0x6c build/obj/chschd.o
 *fill*         0x0800090c        0x4 
 .text._scheduler_init
                0x08000910       0x14 build/obj/chschd.o
                0x08000910                _scheduler_init
 *fill*         0x08000924        0xc 
 .text.chSchReadyI
                0x08000930       0x28 build/obj/chschd.o
                0x08000930                chSchReadyI
 *fill*         0x08000958        0x8 
 .text.chSchGoSleepS
                0x08000960       0x28 build/obj/chschd.o
                0x08000960                chSchGoSleepS
 *fill*         0x08000988        0x8 
 .text.chSchGoSleepTimeoutS
                0x08000990       0x44 build/obj/chschd.o
                0x08000990                chSchGoSleepTimeoutS
 *fill*         0x080009d4        0xc 
 .text.chSchWakeupS
                0x080009e0       0x58 build/obj/chschd.o
                0x080009e0                chSchWakeupS
 *fill*         0x08000a38        0x8 
 .text.chSchDoRescheduleBehind
                0x08000a40       0x40 build/obj/chschd.o
                0x08000a40                chSchDoRescheduleBehind
 .text.chSchDoRescheduleAhead
                0x08000a80       0x3c build/obj/chschd.o
                0x08000a80                chSchDoRescheduleAhead
 *fill*         0x08000abc        0x4 
 .text.chSchDoReschedule
                0x08000ac0       0x14 build/obj/chschd.o
                0x08000ac0                chSchDoReschedule
 *fill*         0x08000ad4        0xc 
 .text._thread_init
                0x08000ae0       0x44 build/obj/chthreads.o
                0x08000ae0                _thread_init
 *fill*         0x08000b24        0xc 
 .text.chThdCreateStatic
                0x08000b30       0x74 build/obj/chthreads.o
                0x08000b30                chThdCreateStatic
 *fill*         0x08000ba4        0xc 
 .text.chThdSleep
                0x08000bb0       0x18 build/obj/chthreads.o
                0x08000bb0                chThdSleep
 *fill*         0x08000bc8        0x8 
 .text.chThdExitS
                0x08000bd0       0x40 build/obj/chthreads.o
                0x08000bd0                chThdExitS
 .text.chThdExit
                0x08000c10        0xc build/obj/chthreads.o
                0x08000c10                chThdExit
 *fill*         0x08000c1c        0x4 
 .text.chMtxInit
                0x08000c20        0xc build/obj/chmtx.o
                0x08000c20                chMtxInit
 *fill*         0x08000c2c        0x4 
 .text._core_init
                0x08000c30       0x28 build/obj/chmemcore.o
                0x08000c30                _core_init
 *fill*         0x08000c58        0x8 
 .text.chCoreAlloc
                0x08000c60       0x38 build/obj/chmemcore.o
                0x08000c60                chCoreAlloc
 *fill*         0x08000c98        0x8 
 .text._heap_init
                0x08000ca0       0x1c build/obj/chheap.o
                0x08000ca0                _heap_init
 *fill*         0x08000cbc        0x4 
 .text.halInit  0x08000cc0       0x24 build/obj/hal.o
                0x08000cc0                halInit
 *fill*         0x08000ce4        0xc 
 .text.pwmInit  0x08000cf0        0x4 build/obj/pwm.o
                0x08000cf0                pwmInit
 *fill*         0x08000cf4        0xc 
 .text.pwmObjectInit
                0x08000d00        0xc build/obj/pwm.o
                0x08000d00                pwmObjectInit
 *fill*         0x08000d0c        0x4 
 .text.spiInit  0x08000d10        0x4 build/obj/spi.o
                0x08000d10                spiInit
 *fill*         0x08000d14        0xc 
 .text.spiObjectInit
                0x08000d20       0x10 build/obj/spi.o
                0x08000d20                spiObjectInit
 .text.uartInit
                0x08000d30        0x4 build/obj/uart.o
                0x08000d30                uartInit
 *fill*         0x08000d34        0xc 
 .text.uartObjectInit
                0x08000d40       0x10 build/obj/uart.o
                0x08000d40                uartObjectInit
 .text.uartStart
                0x08000d50       0x1c build/obj/uart.o
                0x08000d50                uartStart
 *fill*         0x08000d6c        0x4 
 .text.uartStartSend
                0x08000d70       0x1c build/obj/uart.o
                0x08000d70                uartStartSend
 *fill*         0x08000d8c        0x4 
 .text.uartStopSend
                0x08000d90       0x2c build/obj/uart.o
                0x08000d90                uartStopSend
 *fill*         0x08000dbc        0x4 
 .text.uartStartReceive
                0x08000dc0       0x1c build/obj/uart.o
                0x08000dc0                uartStartReceive
 *fill*         0x08000ddc        0x4 
 .text.uartStopReceive
                0x08000de0       0x2c build/obj/uart.o
                0x08000de0                uartStopReceive
 *fill*         0x08000e0c        0x4 
 .text.Vector6C
                0x08000e10       0x28 build/obj/stm32_dma.o
                0x08000e10                Vector6C
 *fill*         0x08000e38        0x8 
 .text.Vector70
                0x08000e40       0x2c build/obj/stm32_dma.o
                0x08000e40                Vector70
 *fill*         0x08000e6c        0x4 
 .text.Vector74
                0x08000e70       0x2c build/obj/stm32_dma.o
                0x08000e70                Vector74
 *fill*         0x08000e9c        0x4 
 .text.Vector78
                0x08000ea0       0x2c build/obj/stm32_dma.o
                0x08000ea0                Vector78
 *fill*         0x08000ecc        0x4 
 .text.Vector7C
                0x08000ed0       0x28 build/obj/stm32_dma.o
                0x08000ed0                Vector7C
 *fill*         0x08000ef8        0x8 
 .text.Vector80
                0x08000f00       0x2c build/obj/stm32_dma.o
                0x08000f00                Vector80
 *fill*         0x08000f2c        0x4 
 .text.Vector84
                0x08000f30       0x2c build/obj/stm32_dma.o
                0x08000f30                Vector84
 *fill*         0x08000f5c        0x4 
 .text.VectorFC
                0x08000f60       0x2c build/obj/stm32_dma.o
                0x08000f60                VectorFC
 *fill*         0x08000f8c        0x4 
 .text.Vector120
                0x08000f90       0x28 build/obj/stm32_dma.o
                0x08000f90                Vector120
 *fill*         0x08000fb8        0x8 
 .text.Vector124
                0x08000fc0       0x2c build/obj/stm32_dma.o
                0x08000fc0                Vector124
 *fill*         0x08000fec        0x4 
 .text.Vector128
                0x08000ff0       0x2c build/obj/stm32_dma.o
                0x08000ff0                Vector128
 *fill*         0x0800101c        0x4 
 .text.Vector12C
                0x08001020       0x2c build/obj/stm32_dma.o
                0x08001020                Vector12C
 *fill*         0x0800104c        0x4 
 .text.Vector130
                0x08001050       0x28 build/obj/stm32_dma.o
                0x08001050                Vector130
 *fill*         0x08001078        0x8 
 .text.Vector150
                0x08001080       0x2c build/obj/stm32_dma.o
                0x08001080                Vector150
 *fill*         0x080010ac        0x4 
 .text.Vector154
                0x080010b0       0x2c build/obj/stm32_dma.o
                0x080010b0                Vector154
 *fill*         0x080010dc        0x4 
 .text.Vector158
                0x080010e0       0x2c build/obj/stm32_dma.o
                0x080010e0                Vector158
 *fill*         0x0800110c        0x4 
 .text.dmaInit  0x08001110       0x54 build/obj/stm32_dma.o
                0x08001110                dmaInit
 *fill*         0x08001164        0xc 
 .text.dmaStreamAllocate
                0x08001170       0x90 build/obj/stm32_dma.o
                0x08001170                dmaStreamAllocate
 .text.hal_lld_init
                0x08001200       0x98 build/obj/hal_lld.o
                0x08001200                hal_lld_init
 *fill*         0x08001298        0x8 
 .text.stm32_clock_init
                0x080012a0       0xc8 build/obj/hal_lld.o
                0x080012a0                stm32_clock_init
 *fill*         0x08001368        0x8 
 .text._pal_lld_init
                0x08001370      0x1ac build/obj/pal_lld.o
                0x08001370                _pal_lld_init
 *fill*         0x0800151c        0x4 
 .text._pal_lld_setgroupmode
                0x08001520       0xb8 build/obj/pal_lld.o
                0x08001520                _pal_lld_setgroupmode
 *fill*         0x080015d8        0x8 
 .text.spi_lld_init
                0x080015e0       0x44 build/obj/spi_lld.o
                0x080015e0                spi_lld_init
 *fill*         0x08001624        0xc 
 .text.VectorA4
                0x08001630       0x24 build/obj/pwm_lld.o
                0x08001630                VectorA4
 *fill*         0x08001654        0xc 
 .text.VectorAC
                0x08001660       0x58 build/obj/pwm_lld.o
                0x08001660                VectorAC
 *fill*         0x080016b8        0x8 
 .text.pwm_lld_init
                0x080016c0       0x18 build/obj/pwm_lld.o
                0x080016c0                pwm_lld_init
 *fill*         0x080016d8        0x8 
 .text.usart_stop
                0x080016e0       0x48 build/obj/uart_lld.o
 *fill*         0x08001728        0x8 
 .text.serve_usart_irq
                0x08001730       0x7c build/obj/uart_lld.o
 *fill*         0x080017ac        0x4 
 .text.uart_lld_serve_tx_end_irq
                0x080017b0       0x58 build/obj/uart_lld.o
 *fill*         0x08001808        0x8 
 .text.uart_lld_serve_rx_end_irq
                0x08001810       0x88 build/obj/uart_lld.o
 *fill*         0x08001898        0x8 
 .text.VectorD8
                0x080018a0       0x14 build/obj/uart_lld.o
                0x080018a0                VectorD8
 *fill*         0x080018b4        0xc 
 .text.Vector15C
                0x080018c0       0x14 build/obj/uart_lld.o
                0x080018c0                Vector15C
 *fill*         0x080018d4        0xc 
 .text.uart_lld_init
                0x080018e0       0x48 build/obj/uart_lld.o
                0x080018e0                uart_lld_init
 *fill*         0x08001928        0x8 
 .text.uart_lld_start
                0x08001930      0x15c build/obj/uart_lld.o
                0x08001930                uart_lld_start
 *fill*         0x08001a8c        0x4 
 .text.uart_lld_start_send
                0x08001a90       0x1c build/obj/uart_lld.o
                0x08001a90                uart_lld_start_send
 *fill*         0x08001aac        0x4 
 .text.uart_lld_stop_send
                0x08001ab0       0x20 build/obj/uart_lld.o
                0x08001ab0                uart_lld_stop_send
 .text.uart_lld_start_receive
                0x08001ad0       0x38 build/obj/uart_lld.o
                0x08001ad0                uart_lld_start_receive
 *fill*         0x08001b08        0x8 
 .text.uart_lld_stop_receive
                0x08001b10       0x4c build/obj/uart_lld.o
                0x08001b10                uart_lld_stop_receive
 *fill*         0x08001b5c        0x4 
 .text.__early_init
                0x08001b60        0x4 build/obj/board.o
                0x08001b60                __early_init
 *fill*         0x08001b64        0xc 
 .text.boardInit
                0x08001b70        0x4 build/obj/board.o
                0x08001b70                boardInit
 *fill*         0x08001b74        0xc 
 .text.rxend    0x08001b80       0x18 build/obj/main.o
 *fill*         0x08001b98        0x8 
 .text.Thread1  0x08001ba0       0x30 build/obj/main.o
 .text.AT_Command2
                0x08001bd0       0xc8 build/obj/main.o
                0x08001bd0                AT_Command2
 *fill*         0x08001c98        0x8 
 .text.critical_factorization
                0x08001ca0       0xb8 /home/lithium/Descargas/gcc-arm-none-eabi-5_3-2016q1/bin/../lib/gcc/arm-none-eabi/5.3.1/../../../../arm-none-eabi/lib/armv7e-m/libg.a(lib_a-strstr.o)
 *fill*         0x08001d58        0x8 
 .text.two_way_long_needle
                0x08001d60      0x200 /home/lithium/Descargas/gcc-arm-none-eabi-5_3-2016q1/bin/../lib/gcc/arm-none-eabi/5.3.1/../../../../arm-none-eabi/lib/armv7e-m/libg.a(lib_a-strstr.o)
 .text.strstr   0x08001f60      0x220 /home/lithium/Descargas/gcc-arm-none-eabi-5_3-2016q1/bin/../lib/gcc/arm-none-eabi/5.3.1/../../../../arm-none-eabi/lib/armv7e-m/libg.a(lib_a-strstr.o)
                0x08001f60                strstr
 .text.memcmp   0x08002180       0x64 /home/lithium/Descargas/gcc-arm-none-eabi-5_3-2016q1/bin/../lib/gcc/arm-none-eabi/5.3.1/../../../../arm-none-eabi/lib/armv7e-m/libg.a(lib_a-memcmp.o)
                0x08002180                memcmp
 *fill*         0x080021e4        0xc 
 .text.strchr   0x080021f0       0xd0 /home/lithium/Descargas/gcc-arm-none-eabi-5_3-2016q1/bin/../lib/gcc/arm-none-eabi/5.3.1/../../../../arm-none-eabi/lib/armv7e-m/libg.a(lib_a-strchr.o)
                0x080021f0                strchr
 *(.rodata)
 *(.rodata.*)
 .rodata.str1.4
                0x080022c0        0x5 build/obj/chsys.o
 *fill*         0x080022c5        0xb 
 .rodata.ch_debug
                0x080022d0       0x16 build/obj/chregistry.o
                0x080022d0                ch_debug
 *fill*         0x080022e6        0xa 
 .rodata._stm32_dma_streams
                0x080022f0       0xc0 build/obj/stm32_dma.o
                0x080022f0                _stm32_dma_streams
 .rodata.pal_default_config
                0x080023b0       0xfc build/obj/board.o
                0x080023b0                pal_default_config
 *fill*         0x080024ac        0x4 
 .rodata.str1.4
                0x080024b0        0xc build/obj/main.o
                                  0x9 (size before relaxing)
 *(.glue_7t)
 .glue_7t       0x080024bc        0x0 linker stubs
 *(.glue_7)
 .glue_7        0x080024bc        0x0 linker stubs
 *(.gcc*)

.vfp11_veneer   0x080024bc        0x0
 .vfp11_veneer  0x080024bc        0x0 linker stubs

.v4_bx          0x080024bc        0x0
 .v4_bx         0x080024bc        0x0 linker stubs

.iplt           0x080024bc        0x0
 .iplt          0x080024bc        0x0 build/obj/crt0.o

.rel.dyn        0x080024bc        0x0
 .rel.iplt      0x080024bc        0x0 build/obj/crt0.o

.ARM.extab
 *(.ARM.extab* .gnu.linkonce.armextab.*)

.ARM.exidx      0x080024bc        0x0
                [!provide]                PROVIDE (__exidx_start, .)
 *(.ARM.exidx* .gnu.linkonce.armexidx.*)
                [!provide]                PROVIDE (__exidx_end, .)

.eh_frame_hdr
 *(.eh_frame_hdr)

.eh_frame
 *(.eh_frame)

.textalign      0x080024bc        0x4
                0x080024c0                . = ALIGN (0x8)
 *fill*         0x080024bc        0x4 
                0x080024c0                . = ALIGN (0x4)
                0x080024c0                _etext = .
                0x080024c0                _textdata = _etext

.stacks         0x20000000      0x800
                0x20000000                . = ALIGN (0x8)
                0x20000000                __main_stack_base__ = .
                0x20000400                . = (. + __main_stack_size__)
 *fill*         0x20000000      0x400 
                0x20000400                . = ALIGN (0x8)
                0x20000400                __main_stack_end__ = .
                0x20000400                __process_stack_base__ = .
                0x20000400                __main_thread_stack_base__ = .
                0x20000800                . = (. + __process_stack_size__)
 *fill*         0x20000400      0x400 
                0x20000800                . = ALIGN (0x8)
                0x20000800                __process_stack_end__ = .
                0x20000800                __main_thread_stack_end__ = .

.data           0x20000800       0x64 load address 0x080024c0
                0x20000800                . = ALIGN (0x4)
                0x20000800                PROVIDE (_data, .)
 *(.data)
 *(.data.*)
 .data.uart_cfg_6
                0x20000800       0x20 build/obj/main.o
 .data.message  0x20000820       0x23 build/obj/main.o
                0x20000820                message
 *fill*         0x20000843        0x1 
 .data.uart_cfg_2
                0x20000844       0x20 build/obj/main.o
 *(.ramtext)
                0x20000864                . = ALIGN (0x4)
                0x20000864                PROVIDE (_edata, .)

.igot.plt       0x20000864        0x0 load address 0x08002524
 .igot.plt      0x20000864        0x0 build/obj/crt0.o

.bss            0x20000864      0x4a8
                0x20000864                . = ALIGN (0x4)
                0x20000864                PROVIDE (_bss_start, .)
 *(.bss)
 *(.bss.*)
 .bss.mainthread.4904
                0x20000864       0x48 build/obj/chsys.o
 *fill*         0x200008ac        0x4 
 .bss._idle_thread_wa
                0x200008b0       0xe0 build/obj/chsys.o
                0x200008b0                _idle_thread_wa
 .bss.vtlist    0x20000990       0x10 build/obj/chvt.o
                0x20000990                vtlist
 .bss.rlist     0x200009a0       0x1c build/obj/chschd.o
                0x200009a0                rlist
 .bss.endmem    0x200009bc        0x4 build/obj/chmemcore.o
 .bss.nextmem   0x200009c0        0x4 build/obj/chmemcore.o
 *fill*         0x200009c4        0x4 
 .bss.default_heap
                0x200009c8       0x20 build/obj/chheap.o
 .bss.dma_isr_redir
                0x200009e8       0x80 build/obj/stm32_dma.o
 .bss.dma_streams_mask
                0x20000a68        0x4 build/obj/stm32_dma.o
 .bss.dummytx   0x20000a6c        0x2 build/obj/spi_lld.o
 *fill*         0x20000a6e        0x2 
 .bss.SPID2     0x20000a70       0x30 build/obj/spi_lld.o
                0x20000a70                SPID2
 .bss.PWMD1     0x20000aa0       0x14 build/obj/pwm_lld.o
                0x20000aa0                PWMD1
 .bss.UARTD2    0x20000ab4       0x1c build/obj/uart_lld.o
                0x20000ab4                UARTD2
 .bss.UARTD6    0x20000ad0       0x1c build/obj/uart_lld.o
                0x20000ad0                UARTD6
 *fill*         0x20000aec        0x4 
 .bss.waThread1
                0x20000af0      0x150 build/obj/main.o
 .bss.buffer    0x20000c40       0x64 build/obj/main.o
                0x20000c40                buffer
 .bss.Data      0x20000ca4       0x64 build/obj/main.o
 .bss.RX_Flag   0x20000d08        0x1 build/obj/main.o
                0x20000d08                RX_Flag
 *(COMMON)
                0x20000d0c                . = ALIGN (0x4)
 *fill*         0x20000d09        0x3 
                0x20000d0c                PROVIDE (_bss_end, .)
                [!provide]                PROVIDE (end, .)
                0x20000d0c                _end = .
                0x20000d0c                __heap_base__ = _end
                0x2001c000                __heap_end__ = __ram_end__
START GROUP
LOAD /home/lithium/Descargas/gcc-arm-none-eabi-5_3-2016q1/bin/../lib/gcc/arm-none-eabi/5.3.1/armv7e-m/libgcc.a
LOAD /home/lithium/Descargas/gcc-arm-none-eabi-5_3-2016q1/bin/../lib/gcc/arm-none-eabi/5.3.1/../../../../arm-none-eabi/lib/armv7e-m/libg.a
LOAD /home/lithium/Descargas/gcc-arm-none-eabi-5_3-2016q1/bin/../lib/gcc/arm-none-eabi/5.3.1/../../../../arm-none-eabi/lib/armv7e-m/libc.a
END GROUP
OUTPUT(build/ch.elf elf32-littlearm)

.debug_info     0x00000000     0xb45f
 .debug_info    0x00000000      0x2a8 build/obj/crt0.o
 .debug_info    0x000002a8      0x1d4 build/obj/vectors.o
 .debug_info    0x0000047c       0x99 build/obj/chcore.o
 .debug_info    0x00000515      0x81e build/obj/chcore_v7m.o
 .debug_info    0x00000d33      0x40d build/obj/nvic.o
 .debug_info    0x00001140      0x80e build/obj/chsys.o
 .debug_info    0x0000194e      0x20a build/obj/chvt.o
 .debug_info    0x00001b58      0x9c0 build/obj/chschd.o
 .debug_info    0x00002518      0xbdd build/obj/chthreads.o
 .debug_info    0x000030f5      0x62e build/obj/chregistry.o
 .debug_info    0x00003723      0x9de build/obj/chmtx.o
 .debug_info    0x00004101      0x226 build/obj/chmemcore.o
 .debug_info    0x00004327      0x6f5 build/obj/chheap.o
 .debug_info    0x00004a1c      0x3c2 build/obj/hal.o
 .debug_info    0x00004dde      0x671 build/obj/pwm.o
 .debug_info    0x0000544f     0x1070 build/obj/spi.o
 .debug_info    0x000064bf      0x9b0 build/obj/uart.o
 .debug_info    0x00006e6f      0xa6f build/obj/stm32_dma.o
 .debug_info    0x000078de      0x49c build/obj/hal_lld.o
 .debug_info    0x00007d7a      0x6ff build/obj/pal_lld.o
 .debug_info    0x00008479      0xdb8 build/obj/spi_lld.o
 .debug_info    0x00009231      0x7d8 build/obj/pwm_lld.o
 .debug_info    0x00009a09      0xd26 build/obj/uart_lld.o
 .debug_info    0x0000a72f      0x1ff build/obj/board.o
 .debug_info    0x0000a92e      0xb31 build/obj/main.o

.debug_abbrev   0x00000000     0x2d77
 .debug_abbrev  0x00000000      0x10f build/obj/crt0.o
 .debug_abbrev  0x0000010f       0xb2 build/obj/vectors.o
 .debug_abbrev  0x000001c1       0x42 build/obj/chcore.o
 .debug_abbrev  0x00000203      0x20d build/obj/chcore_v7m.o
 .debug_abbrev  0x00000410      0x10e build/obj/nvic.o
 .debug_abbrev  0x0000051e      0x203 build/obj/chsys.o
 .debug_abbrev  0x00000721      0x117 build/obj/chvt.o
 .debug_abbrev  0x00000838      0x302 build/obj/chschd.o
 .debug_abbrev  0x00000b3a      0x316 build/obj/chthreads.o
 .debug_abbrev  0x00000e50      0x180 build/obj/chregistry.o
 .debug_abbrev  0x00000fd0      0x2d2 build/obj/chmtx.o
 .debug_abbrev  0x000012a2      0x15b build/obj/chmemcore.o
 .debug_abbrev  0x000013fd      0x1d2 build/obj/chheap.o
 .debug_abbrev  0x000015cf      0x1a5 build/obj/hal.o
 .debug_abbrev  0x00001774      0x17a build/obj/pwm.o
 .debug_abbrev  0x000018ee      0x250 build/obj/spi.o
 .debug_abbrev  0x00001b3e      0x23c build/obj/uart.o
 .debug_abbrev  0x00001d7a      0x206 build/obj/stm32_dma.o
 .debug_abbrev  0x00001f80      0x12b build/obj/hal_lld.o
 .debug_abbrev  0x000020ab      0x1b2 build/obj/pal_lld.o
 .debug_abbrev  0x0000225d      0x2c9 build/obj/spi_lld.o
 .debug_abbrev  0x00002526      0x1d2 build/obj/pwm_lld.o
 .debug_abbrev  0x000026f8      0x353 build/obj/uart_lld.o
 .debug_abbrev  0x00002a4b       0xe3 build/obj/board.o
 .debug_abbrev  0x00002b2e      0x249 build/obj/main.o

.debug_loc      0x00000000     0x2b7f
 .debug_loc     0x00000000       0xba build/obj/crt0.o
 .debug_loc     0x000000ba       0x5a build/obj/chcore_v7m.o
 .debug_loc     0x00000114      0x148 build/obj/nvic.o
 .debug_loc     0x0000025c       0x31 build/obj/chsys.o
 .debug_loc     0x0000028d       0x67 build/obj/chvt.o
 .debug_loc     0x000002f4      0x33e build/obj/chschd.o
 .debug_loc     0x00000632      0x49d build/obj/chthreads.o
 .debug_loc     0x00000acf       0x3f build/obj/chregistry.o
 .debug_loc     0x00000b0e      0x39e build/obj/chmtx.o
 .debug_loc     0x00000eac       0xb0 build/obj/chmemcore.o
 .debug_loc     0x00000f5c      0x3a1 build/obj/chheap.o
 .debug_loc     0x000012fd       0xce build/obj/hal.o
 .debug_loc     0x000013cb      0x102 build/obj/pwm.o
 .debug_loc     0x000014cd      0x468 build/obj/spi.o
 .debug_loc     0x00001935      0x2f5 build/obj/uart.o
 .debug_loc     0x00001c2a      0x276 build/obj/stm32_dma.o
 .debug_loc     0x00001ea0      0x2c2 build/obj/pal_lld.o
 .debug_loc     0x00002162      0x254 build/obj/spi_lld.o
 .debug_loc     0x000023b6      0x20f build/obj/pwm_lld.o
 .debug_loc     0x000025c5      0x3fb build/obj/uart_lld.o
 .debug_loc     0x000029c0      0x1bf build/obj/main.o

.debug_aranges  0x00000000      0x760
 .debug_aranges
                0x00000000       0x30 build/obj/crt0.o
 .debug_aranges
                0x00000030       0x20 build/obj/vectors.o
 .debug_aranges
                0x00000050       0x20 build/obj/chcore.o
 .debug_aranges
                0x00000070       0x50 build/obj/chcore_v7m.o
 .debug_aranges
                0x000000c0       0x30 build/obj/nvic.o
 .debug_aranges
                0x000000f0       0x30 build/obj/chsys.o
 .debug_aranges
                0x00000120       0x30 build/obj/chvt.o
 .debug_aranges
                0x00000150       0x68 build/obj/chschd.o
 .debug_aranges
                0x000001b8       0x78 build/obj/chthreads.o
 .debug_aranges
                0x00000230       0x28 build/obj/chregistry.o
 .debug_aranges
                0x00000258       0x58 build/obj/chmtx.o
 .debug_aranges
                0x000002b0       0x38 build/obj/chmemcore.o
 .debug_aranges
                0x000002e8       0x40 build/obj/chheap.o
 .debug_aranges
                0x00000328       0x30 build/obj/hal.o
 .debug_aranges
                0x00000358       0x50 build/obj/pwm.o
 .debug_aranges
                0x000003a8       0x98 build/obj/spi.o
 .debug_aranges
                0x00000440       0x78 build/obj/uart.o
 .debug_aranges
                0x000004b8       0xb0 build/obj/stm32_dma.o
 .debug_aranges
                0x00000568       0x28 build/obj/hal_lld.o
 .debug_aranges
                0x00000590       0x28 build/obj/pal_lld.o
 .debug_aranges
                0x000005b8       0x78 build/obj/spi_lld.o
 .debug_aranges
                0x00000630       0x50 build/obj/pwm_lld.o
 .debug_aranges
                0x00000680       0x80 build/obj/uart_lld.o
 .debug_aranges
                0x00000700       0x28 build/obj/board.o
 .debug_aranges
                0x00000728       0x38 build/obj/main.o

.debug_ranges   0x00000000      0xba0
 .debug_ranges  0x00000000       0x50 build/obj/crt0.o
 .debug_ranges  0x00000050       0x10 build/obj/vectors.o
 .debug_ranges  0x00000060       0x10 build/obj/chcore.o
 .debug_ranges  0x00000070       0x58 build/obj/chcore_v7m.o
 .debug_ranges  0x000000c8       0x20 build/obj/nvic.o
 .debug_ranges  0x000000e8       0x38 build/obj/chsys.o
 .debug_ranges  0x00000120       0x20 build/obj/chvt.o
 .debug_ranges  0x00000140      0x178 build/obj/chschd.o
 .debug_ranges  0x000002b8      0x100 build/obj/chthreads.o
 .debug_ranges  0x000003b8       0x18 build/obj/chregistry.o
 .debug_ranges  0x000003d0      0x160 build/obj/chmtx.o
 .debug_ranges  0x00000530       0x28 build/obj/chmemcore.o
 .debug_ranges  0x00000558       0x30 build/obj/chheap.o
 .debug_ranges  0x00000588       0x38 build/obj/hal.o
 .debug_ranges  0x000005c0       0x70 build/obj/pwm.o
 .debug_ranges  0x00000630      0x100 build/obj/spi.o
 .debug_ranges  0x00000730       0xf8 build/obj/uart.o
 .debug_ranges  0x00000828       0xa0 build/obj/stm32_dma.o
 .debug_ranges  0x000008c8       0x30 build/obj/hal_lld.o
 .debug_ranges  0x000008f8       0xa8 build/obj/pal_lld.o
 .debug_ranges  0x000009a0       0x68 build/obj/spi_lld.o
 .debug_ranges  0x00000a08       0x40 build/obj/pwm_lld.o
 .debug_ranges  0x00000a48      0x118 build/obj/uart_lld.o
 .debug_ranges  0x00000b60       0x18 build/obj/board.o
 .debug_ranges  0x00000b78       0x28 build/obj/main.o

.debug_line     0x00000000     0x429d
 .debug_line    0x00000000      0x16c build/obj/crt0.o
 .debug_line    0x0000016c      0x121 build/obj/vectors.o
 .debug_line    0x0000028d       0x53 build/obj/chcore.o
 .debug_line    0x000002e0      0x244 build/obj/chcore_v7m.o
 .debug_line    0x00000524      0x155 build/obj/nvic.o
 .debug_line    0x00000679      0x204 build/obj/chsys.o
 .debug_line    0x0000087d      0x196 build/obj/chvt.o
 .debug_line    0x00000a13      0x370 build/obj/chschd.o
 .debug_line    0x00000d83      0x3ed build/obj/chthreads.o
 .debug_line    0x00001170      0x238 build/obj/chregistry.o
 .debug_line    0x000013a8      0x360 build/obj/chmtx.o
 .debug_line    0x00001708      0x1c6 build/obj/chmemcore.o
 .debug_line    0x000018ce      0x2da build/obj/chheap.o
 .debug_line    0x00001ba8      0x2a5 build/obj/hal.o
 .debug_line    0x00001e4d      0x21c build/obj/pwm.o
 .debug_line    0x00002069      0x418 build/obj/spi.o
 .debug_line    0x00002481      0x342 build/obj/uart.o
 .debug_line    0x000027c3      0x404 build/obj/stm32_dma.o
 .debug_line    0x00002bc7      0x228 build/obj/hal_lld.o
 .debug_line    0x00002def      0x231 build/obj/pal_lld.o
 .debug_line    0x00003020      0x4a2 build/obj/spi_lld.o
 .debug_line    0x000034c2      0x309 build/obj/pwm_lld.o
 .debug_line    0x000037cb      0x5a8 build/obj/uart_lld.o
 .debug_line    0x00003d73      0x1c5 build/obj/board.o
 .debug_line    0x00003f38      0x365 build/obj/main.o

.debug_str      0x00000000     0x212b
 .debug_str     0x00000000      0x297 build/obj/crt0.o
                                0x2dc (size before relaxing)
 .debug_str     0x00000297      0x151 build/obj/vectors.o
                                0x316 (size before relaxing)
 .debug_str     0x000003e8       0x2d build/obj/chcore.o
                                0x1de (size before relaxing)
 .debug_str     0x00000415      0x2e3 build/obj/chcore_v7m.o
                                0x4d2 (size before relaxing)
 .debug_str     0x000006f8       0x9e build/obj/nvic.o
                                0x2e8 (size before relaxing)
 .debug_str     0x00000796      0x202 build/obj/chsys.o
                                0x5b9 (size before relaxing)
 .debug_str     0x00000998       0x36 build/obj/chvt.o
                                0x269 (size before relaxing)
 .debug_str     0x000009ce       0xd5 build/obj/chschd.o
                                0x4df (size before relaxing)
 .debug_str     0x00000aa3       0xda build/obj/chthreads.o
                                0x54a (size before relaxing)
 .debug_str     0x00000b7d       0x42 build/obj/chregistry.o
                                0x4d8 (size before relaxing)
 .debug_str     0x00000bbf       0x91 build/obj/chmtx.o
                                0x464 (size before relaxing)
 .debug_str     0x00000c50       0x70 build/obj/chmemcore.o
                                0x25e (size before relaxing)
 .debug_str     0x00000cc0       0xb3 build/obj/chheap.o
                                0x453 (size before relaxing)
 .debug_str     0x00000d73      0x178 build/obj/hal.o
                                0x364 (size before relaxing)
 .debug_str     0x00000eeb      0x1b6 build/obj/pwm.o
                                0x3e2 (size before relaxing)
 .debug_str     0x000010a1      0x319 build/obj/spi.o
                                0x720 (size before relaxing)
 .debug_str     0x000013ba      0x27c build/obj/uart.o
                                0x562 (size before relaxing)
 .debug_str     0x00001636      0x747 build/obj/stm32_dma.o
                                0xa34 (size before relaxing)
 .debug_str     0x00001d7d       0xbe build/obj/hal_lld.o
                                0x412 (size before relaxing)
 .debug_str     0x00001e3b       0x77 build/obj/pal_lld.o
                                0x470 (size before relaxing)
 .debug_str     0x00001eb2       0x97 build/obj/spi_lld.o
                                0x7c0 (size before relaxing)
 .debug_str     0x00001f49       0x4a build/obj/pwm_lld.o
                                0x50e (size before relaxing)
 .debug_str     0x00001f93       0xce build/obj/uart_lld.o
                                0x6e0 (size before relaxing)
 .debug_str     0x00002061       0x37 build/obj/board.o
                                0x2ca (size before relaxing)
 .debug_str     0x00002098       0x93 build/obj/main.o
                                0x5d8 (size before relaxing)

.comment        0x00000000       0x6e
 .comment       0x00000000       0x6e build/obj/crt0.o
                                 0x6f (size before relaxing)
 .comment       0x0000006e       0x6f build/obj/vectors.o
 .comment       0x0000006e       0x6f build/obj/chcore.o
 .comment       0x0000006e       0x6f build/obj/chcore_v7m.o
 .comment       0x0000006e       0x6f build/obj/nvic.o
 .comment       0x0000006e       0x6f build/obj/chsys.o
 .comment       0x0000006e       0x6f build/obj/chvt.o
 .comment       0x0000006e       0x6f build/obj/chschd.o
 .comment       0x0000006e       0x6f build/obj/chthreads.o
 .comment       0x0000006e       0x6f build/obj/chregistry.o
 .comment       0x0000006e       0x6f build/obj/chmtx.o
 .comment       0x0000006e       0x6f build/obj/chmemcore.o
 .comment       0x0000006e       0x6f build/obj/chheap.o
 .comment       0x0000006e       0x6f build/obj/hal.o
 .comment       0x0000006e       0x6f build/obj/pwm.o
 .comment       0x0000006e       0x6f build/obj/spi.o
 .comment       0x0000006e       0x6f build/obj/uart.o
 .comment       0x0000006e       0x6f build/obj/stm32_dma.o
 .comment       0x0000006e       0x6f build/obj/hal_lld.o
 .comment       0x0000006e       0x6f build/obj/pal_lld.o
 .comment       0x0000006e       0x6f build/obj/spi_lld.o
 .comment       0x0000006e       0x6f build/obj/pwm_lld.o
 .comment       0x0000006e       0x6f build/obj/uart_lld.o
 .comment       0x0000006e       0x6f build/obj/board.o
 .comment       0x0000006e       0x6f build/obj/main.o

.ARM.attributes
                0x00000000       0x31
 .ARM.attributes
                0x00000000       0x33 build/obj/crt0.o
 .ARM.attributes
                0x00000033       0x33 build/obj/vectors.o
 .ARM.attributes
                0x00000066       0x33 build/obj/chcore.o
 .ARM.attributes
                0x00000099       0x33 build/obj/chcore_v7m.o
 .ARM.attributes
                0x000000cc       0x33 build/obj/nvic.o
 .ARM.attributes
                0x000000ff       0x33 build/obj/chsys.o
 .ARM.attributes
                0x00000132       0x33 build/obj/chvt.o
 .ARM.attributes
                0x00000165       0x33 build/obj/chschd.o
 .ARM.attributes
                0x00000198       0x33 build/obj/chthreads.o
 .ARM.attributes
                0x000001cb       0x33 build/obj/chregistry.o
 .ARM.attributes
                0x000001fe       0x33 build/obj/chmtx.o
 .ARM.attributes
                0x00000231       0x33 build/obj/chmemcore.o
 .ARM.attributes
                0x00000264       0x33 build/obj/chheap.o
 .ARM.attributes
                0x00000297       0x33 build/obj/hal.o
 .ARM.attributes
                0x000002ca       0x33 build/obj/pwm.o
 .ARM.attributes
                0x000002fd       0x33 build/obj/spi.o
 .ARM.attributes
                0x00000330       0x33 build/obj/uart.o
 .ARM.attributes
                0x00000363       0x33 build/obj/stm32_dma.o
 .ARM.attributes
                0x00000396       0x33 build/obj/hal_lld.o
 .ARM.attributes
                0x000003c9       0x33 build/obj/pal_lld.o
 .ARM.attributes
                0x000003fc       0x33 build/obj/spi_lld.o
 .ARM.attributes
                0x0000042f       0x33 build/obj/pwm_lld.o
 .ARM.attributes
                0x00000462       0x33 build/obj/uart_lld.o
 .ARM.attributes
                0x00000495       0x33 build/obj/board.o
 .ARM.attributes
                0x000004c8       0x33 build/obj/main.o
 .ARM.attributes
                0x000004fb       0x1c /home/lithium/Descargas/gcc-arm-none-eabi-5_3-2016q1/bin/../lib/gcc/arm-none-eabi/5.3.1/../../../../arm-none-eabi/lib/armv7e-m/libg.a(lib_a-strlen.o)
 .ARM.attributes
                0x00000517       0x2e /home/lithium/Descargas/gcc-arm-none-eabi-5_3-2016q1/bin/../lib/gcc/arm-none-eabi/5.3.1/../../../../arm-none-eabi/lib/armv7e-m/libg.a(lib_a-strstr.o)
 .ARM.attributes
                0x00000545       0x1c /home/lithium/Descargas/gcc-arm-none-eabi-5_3-2016q1/bin/../lib/gcc/arm-none-eabi/5.3.1/../../../../arm-none-eabi/lib/armv7e-m/libg.a(lib_a-memchr.o)
 .ARM.attributes
                0x00000561       0x2e /home/lithium/Descargas/gcc-arm-none-eabi-5_3-2016q1/bin/../lib/gcc/arm-none-eabi/5.3.1/../../../../arm-none-eabi/lib/armv7e-m/libg.a(lib_a-memcmp.o)
 .ARM.attributes
                0x0000058f       0x2e /home/lithium/Descargas/gcc-arm-none-eabi-5_3-2016q1/bin/../lib/gcc/arm-none-eabi/5.3.1/../../../../arm-none-eabi/lib/armv7e-m/libg.a(lib_a-strchr.o)

.debug_frame    0x00000000     0x148c
 .debug_frame   0x00000000       0x50 build/obj/crt0.o
 .debug_frame   0x00000050       0x20 build/obj/vectors.o
 .debug_frame   0x00000070       0x20 build/obj/chcore.o
 .debug_frame   0x00000090       0xa0 build/obj/chcore_v7m.o
 .debug_frame   0x00000130       0x74 build/obj/nvic.o
 .debug_frame   0x000001a4       0x5c build/obj/chsys.o
 .debug_frame   0x00000200       0x58 build/obj/chvt.o
 .debug_frame   0x00000258      0x140 build/obj/chschd.o
 .debug_frame   0x00000398      0x178 build/obj/chthreads.o
 .debug_frame   0x00000510       0x3c build/obj/chregistry.o
 .debug_frame   0x0000054c       0xec build/obj/chmtx.o
 .debug_frame   0x00000638       0x68 build/obj/chmemcore.o
 .debug_frame   0x000006a0       0xb4 build/obj/chheap.o
 .debug_frame   0x00000754       0x50 build/obj/hal.o
 .debug_frame   0x000007a4       0xb0 build/obj/pwm.o
 .debug_frame   0x00000854      0x1a8 build/obj/spi.o
 .debug_frame   0x000009fc      0x148 build/obj/uart.o
 .debug_frame   0x00000b44      0x270 build/obj/stm32_dma.o
 .debug_frame   0x00000db4       0x50 build/obj/hal_lld.o
 .debug_frame   0x00000e04       0x6c build/obj/pal_lld.o
 .debug_frame   0x00000e70      0x168 build/obj/spi_lld.o
 .debug_frame   0x00000fd8       0xd8 build/obj/pwm_lld.o
 .debug_frame   0x000010b0      0x1c4 build/obj/uart_lld.o
 .debug_frame   0x00001274       0x30 build/obj/board.o
 .debug_frame   0x000012a4       0x8c build/obj/main.o
 .debug_frame   0x00001330       0xd8 /home/lithium/Descargas/gcc-arm-none-eabi-5_3-2016q1/bin/../lib/gcc/arm-none-eabi/5.3.1/../../../../arm-none-eabi/lib/armv7e-m/libg.a(lib_a-strstr.o)
 .debug_frame   0x00001408       0x38 /home/lithium/Descargas/gcc-arm-none-eabi-5_3-2016q1/bin/../lib/gcc/arm-none-eabi/5.3.1/../../../../arm-none-eabi/lib/armv7e-m/libg.a(lib_a-memcmp.o)
 .debug_frame   0x00001440       0x4c /home/lithium/Descargas/gcc-arm-none-eabi-5_3-2016q1/bin/../lib/gcc/arm-none-eabi/5.3.1/../../../../arm-none-eabi/lib/armv7e-m/libg.a(lib_a-strchr.o)

Cross Reference Table

Symbol                                            File
AT_Command2                                       build/obj/main.o
BusFaultVector                                    build/obj/vectors.o
DebugMonitorVector                                build/obj/vectors.o
HardFaultVector                                   build/obj/vectors.o
MemManageVector                                   build/obj/vectors.o
NMIVector                                         build/obj/vectors.o
PWMD1                                             build/obj/pwm_lld.o
PendSVVector                                      build/obj/vectors.o
RX_Data                                           build/obj/main.o
RX_Flag                                           build/obj/main.o
ResetHandler                                      build/obj/crt0.o
                                                  build/obj/vectors.o
SPID2                                             build/obj/spi_lld.o
SVCallVector                                      build/obj/chcore_v7m.o
                                                  build/obj/vectors.o
SysTickVector                                     build/obj/chcore_v7m.o
                                                  build/obj/vectors.o
UARTD2                                            build/obj/uart_lld.o
                                                  build/obj/main.o
UARTD6                                            build/obj/uart_lld.o
                                                  build/obj/main.o
UsageFaultVector                                  build/obj/vectors.o
Vector100                                         build/obj/vectors.o
Vector104                                         build/obj/vectors.o
Vector108                                         build/obj/vectors.o
Vector10C                                         build/obj/vectors.o
Vector110                                         build/obj/vectors.o
Vector114                                         build/obj/vectors.o
Vector118                                         build/obj/vectors.o
Vector11C                                         build/obj/vectors.o
Vector120                                         build/obj/stm32_dma.o
                                                  build/obj/vectors.o
Vector124                                         build/obj/stm32_dma.o
                                                  build/obj/vectors.o
Vector128                                         build/obj/stm32_dma.o
                                                  build/obj/vectors.o
Vector12C                                         build/obj/stm32_dma.o
                                                  build/obj/vectors.o
Vector130                                         build/obj/stm32_dma.o
                                                  build/obj/vectors.o
Vector134                                         build/obj/vectors.o
Vector138                                         build/obj/vectors.o
Vector13C                                         build/obj/vectors.o
Vector140                                         build/obj/vectors.o
Vector144                                         build/obj/vectors.o
Vector148                                         build/obj/vectors.o
Vector14C                                         build/obj/vectors.o
Vector150                                         build/obj/stm32_dma.o
                                                  build/obj/vectors.o
Vector154                                         build/obj/stm32_dma.o
                                                  build/obj/vectors.o
Vector158                                         build/obj/stm32_dma.o
                                                  build/obj/vectors.o
Vector15C                                         build/obj/uart_lld.o
                                                  build/obj/vectors.o
Vector160                                         build/obj/vectors.o
Vector164                                         build/obj/vectors.o
Vector168                                         build/obj/vectors.o
Vector16C                                         build/obj/vectors.o
Vector170                                         build/obj/vectors.o
Vector174                                         build/obj/vectors.o
Vector178                                         build/obj/vectors.o
Vector17C                                         build/obj/vectors.o
Vector180                                         build/obj/vectors.o
Vector184                                         build/obj/vectors.o
Vector188                                         build/obj/vectors.o
Vector18C                                         build/obj/vectors.o
Vector190                                         build/obj/vectors.o
Vector194                                         build/obj/vectors.o
Vector198                                         build/obj/vectors.o
Vector19C                                         build/obj/vectors.o
Vector1A0                                         build/obj/vectors.o
Vector1A4                                         build/obj/vectors.o
Vector1A8                                         build/obj/vectors.o
Vector1C                                          build/obj/vectors.o
Vector20                                          build/obj/vectors.o
Vector24                                          build/obj/vectors.o
Vector28                                          build/obj/vectors.o
Vector34                                          build/obj/vectors.o
Vector40                                          build/obj/vectors.o
Vector44                                          build/obj/vectors.o
Vector48                                          build/obj/vectors.o
Vector4C                                          build/obj/vectors.o
Vector50                                          build/obj/vectors.o
Vector54                                          build/obj/vectors.o
Vector58                                          build/obj/vectors.o
Vector5C                                          build/obj/vectors.o
Vector60                                          build/obj/vectors.o
Vector64                                          build/obj/vectors.o
Vector68                                          build/obj/vectors.o
Vector6C                                          build/obj/stm32_dma.o
                                                  build/obj/vectors.o
Vector70                                          build/obj/stm32_dma.o
                                                  build/obj/vectors.o
Vector74                                          build/obj/stm32_dma.o
                                                  build/obj/vectors.o
Vector78                                          build/obj/stm32_dma.o
                                                  build/obj/vectors.o
Vector7C                                          build/obj/stm32_dma.o
                                                  build/obj/vectors.o
Vector80                                          build/obj/stm32_dma.o
                                                  build/obj/vectors.o
Vector84                                          build/obj/stm32_dma.o
                                                  build/obj/vectors.o
Vector88                                          build/obj/vectors.o
Vector8C                                          build/obj/vectors.o
Vector90                                          build/obj/vectors.o
Vector94                                          build/obj/vectors.o
Vector98                                          build/obj/vectors.o
Vector9C                                          build/obj/vectors.o
VectorA0                                          build/obj/vectors.o
VectorA4                                          build/obj/pwm_lld.o
                                                  build/obj/vectors.o
VectorA8                                          build/obj/vectors.o
VectorAC                                          build/obj/pwm_lld.o
                                                  build/obj/vectors.o
VectorB0                                          build/obj/vectors.o
VectorB4                                          build/obj/vectors.o
VectorB8                                          build/obj/vectors.o
VectorBC                                          build/obj/vectors.o
VectorC0                                          build/obj/vectors.o
VectorC4                                          build/obj/vectors.o
VectorC8                                          build/obj/vectors.o
VectorCC                                          build/obj/vectors.o
VectorD0                                          build/obj/vectors.o
VectorD4                                          build/obj/vectors.o
VectorD8                                          build/obj/uart_lld.o
                                                  build/obj/vectors.o
VectorDC                                          build/obj/vectors.o
VectorE0                                          build/obj/vectors.o
VectorE4                                          build/obj/vectors.o
VectorE8                                          build/obj/vectors.o
VectorEC                                          build/obj/vectors.o
VectorF0                                          build/obj/vectors.o
VectorF4                                          build/obj/vectors.o
VectorF8                                          build/obj/vectors.o
VectorFC                                          build/obj/stm32_dma.o
                                                  build/obj/vectors.o
__early_init                                      build/obj/board.o
                                                  build/obj/crt0.o
__fini_array_end                                  build/obj/crt0.o
__fini_array_start                                build/obj/crt0.o
__heap_base__                                     build/obj/chmemcore.o
__heap_end__                                      build/obj/chmemcore.o
__init_array_end                                  build/obj/crt0.o
__init_array_start                                build/obj/crt0.o
__late_init                                       build/obj/crt0.o
__main_stack_base__                               build/obj/crt0.o
__main_stack_end__                                build/obj/vectors.o
                                                  build/obj/crt0.o
__process_stack_base__                            build/obj/crt0.o
__process_stack_end__                             build/obj/crt0.o
_bss_end                                          build/obj/crt0.o
_bss_start                                        build/obj/crt0.o
_core_init                                        build/obj/chmemcore.o
                                                  build/obj/chsys.o
_data                                             build/obj/crt0.o
_default_exit                                     build/obj/crt0.o
_edata                                            build/obj/crt0.o
_heap_init                                        build/obj/chheap.o
                                                  build/obj/chsys.o
_idle_thread                                      build/obj/chsys.o
_idle_thread_wa                                   build/obj/chsys.o
_pal_lld_init                                     build/obj/pal_lld.o
                                                  build/obj/hal.o
_pal_lld_setgroupmode                             build/obj/pal_lld.o
                                                  build/obj/main.o
                                                  build/obj/pal.o
_port_init                                        build/obj/chcore_v7m.o
                                                  build/obj/chsys.o
_port_irq_epilogue                                build/obj/chcore_v7m.o
                                                  build/obj/uart_lld.o
                                                  build/obj/pwm_lld.o
                                                  build/obj/stm32_dma.o
_port_switch                                      build/obj/chcore_v7m.o
                                                  build/obj/chschd.o
_port_switch_from_isr                             build/obj/chcore_v7m.o
_port_thread_start                                build/obj/chcore_v7m.o
                                                  build/obj/chthreads.o
_scheduler_init                                   build/obj/chschd.o
                                                  build/obj/chsys.o
_stm32_dma_streams                                build/obj/stm32_dma.o
                                                  build/obj/uart_lld.o
                                                  build/obj/spi_lld.o
_textdata                                         build/obj/crt0.o
_thread_init                                      build/obj/chthreads.o
                                                  build/obj/chsys.o
_unhandled_exception                              build/obj/vectors.o
_vectors                                          build/obj/vectors.o
_vt_init                                          build/obj/chvt.o
                                                  build/obj/chsys.o
boardInit                                         build/obj/board.o
                                                  build/obj/hal.o
buffer                                            build/obj/main.o
chCondBroadcast                                   build/obj/chcond.o
chCondBroadcastI                                  build/obj/chcond.o
chCondInit                                        build/obj/chcond.o
chCondSignal                                      build/obj/chcond.o
chCondSignalI                                     build/obj/chcond.o
chCondWait                                        build/obj/chcond.o
chCondWaitS                                       build/obj/chcond.o
chCondWaitTimeout                                 build/obj/chcond.o
chCondWaitTimeoutS                                build/obj/chcond.o
chCoreAlloc                                       build/obj/chmemcore.o
                                                  build/obj/chheap.o
chCoreAllocI                                      build/obj/chmemcore.o
chCoreStatus                                      build/obj/chmemcore.o
chEvtAddEvents                                    build/obj/chevents.o
chEvtBroadcastFlags                               build/obj/chevents.o
chEvtBroadcastFlagsI                              build/obj/chevents.o
chEvtDispatch                                     build/obj/chevents.o
chEvtGetAndClearEvents                            build/obj/chevents.o
chEvtGetAndClearFlags                             build/obj/chevents.o
chEvtGetAndClearFlagsI                            build/obj/chevents.o
chEvtRegisterMask                                 build/obj/chevents.o
chEvtSignal                                       build/obj/chevents.o
chEvtSignalI                                      build/obj/chevents.o
chEvtUnregister                                   build/obj/chevents.o
chEvtWaitAll                                      build/obj/chevents.o
chEvtWaitAllTimeout                               build/obj/chevents.o
chEvtWaitAny                                      build/obj/chevents.o
chEvtWaitAnyTimeout                               build/obj/chevents.o
chEvtWaitOne                                      build/obj/chevents.o
chEvtWaitOneTimeout                               build/obj/chevents.o
chHeapAlloc                                       build/obj/chheap.o
                                                  build/obj/chdynamic.o
chHeapFree                                        build/obj/chheap.o
                                                  build/obj/chdynamic.o
chHeapInit                                        build/obj/chheap.o
chHeapStatus                                      build/obj/chheap.o
chIQGetTimeout                                    build/obj/chqueues.o
chIQInit                                          build/obj/chqueues.o
chIQPutI                                          build/obj/chqueues.o
chIQReadTimeout                                   build/obj/chqueues.o
chIQResetI                                        build/obj/chqueues.o
chMBFetch                                         build/obj/chmboxes.o
chMBFetchI                                        build/obj/chmboxes.o
chMBFetchS                                        build/obj/chmboxes.o
chMBInit                                          build/obj/chmboxes.o
chMBPost                                          build/obj/chmboxes.o
chMBPostAhead                                     build/obj/chmboxes.o
chMBPostAheadI                                    build/obj/chmboxes.o
chMBPostAheadS                                    build/obj/chmboxes.o
chMBPostI                                         build/obj/chmboxes.o
chMBPostS                                         build/obj/chmboxes.o
chMBReset                                         build/obj/chmboxes.o
chMsgRelease                                      build/obj/chmsg.o
chMsgSend                                         build/obj/chmsg.o
chMsgWait                                         build/obj/chmsg.o
chMtxInit                                         build/obj/chmtx.o
                                                  build/obj/spi.o
                                                  build/obj/chheap.o
chMtxLock                                         build/obj/chmtx.o
                                                  build/obj/spi.o
                                                  build/obj/chheap.o
chMtxLockS                                        build/obj/chmtx.o
                                                  build/obj/chcond.o
chMtxTryLock                                      build/obj/chmtx.o
chMtxTryLockS                                     build/obj/chmtx.o
chMtxUnlock                                       build/obj/chmtx.o
                                                  build/obj/spi.o
                                                  build/obj/chheap.o
chMtxUnlockAll                                    build/obj/chmtx.o
chMtxUnlockS                                      build/obj/chmtx.o
                                                  build/obj/chcond.o
chOQGetI                                          build/obj/chqueues.o
chOQInit                                          build/obj/chqueues.o
chOQPutTimeout                                    build/obj/chqueues.o
chOQResetI                                        build/obj/chqueues.o
chOQWriteTimeout                                  build/obj/chqueues.o
chPoolAlloc                                       build/obj/chmempools.o
                                                  build/obj/chdynamic.o
chPoolAllocI                                      build/obj/chmempools.o
chPoolFree                                        build/obj/chmempools.o
                                                  build/obj/chdynamic.o
chPoolFreeI                                       build/obj/chmempools.o
chPoolInit                                        build/obj/chmempools.o
chPoolLoadArray                                   build/obj/chmempools.o
chRegFirstThread                                  build/obj/chregistry.o
chRegNextThread                                   build/obj/chregistry.o
chSchDoReschedule                                 build/obj/chschd.o
                                                  build/obj/chcore_v7m.o
chSchDoRescheduleAhead                            build/obj/chschd.o
chSchDoRescheduleBehind                           build/obj/chschd.o
                                                  build/obj/chthreads.o
chSchGoSleepS                                     build/obj/chschd.o
                                                  build/obj/spi.o
                                                  build/obj/chmsg.o
                                                  build/obj/chevents.o
                                                  build/obj/chcond.o
                                                  build/obj/chmtx.o
                                                  build/obj/chsem.o
                                                  build/obj/chthreads.o
chSchGoSleepTimeoutS                              build/obj/chschd.o
                                                  build/obj/chqueues.o
                                                  build/obj/chevents.o
                                                  build/obj/chcond.o
                                                  build/obj/chsem.o
                                                  build/obj/chthreads.o
chSchReadyI                                       build/obj/chschd.o
                                                  build/obj/spi_lld.o
                                                  build/obj/chqueues.o
                                                  build/obj/chmsg.o
                                                  build/obj/chevents.o
                                                  build/obj/chcond.o
                                                  build/obj/chmtx.o
                                                  build/obj/chsem.o
                                                  build/obj/chthreads.o
chSchRescheduleS                                  build/obj/chschd.o
                                                  build/obj/chmboxes.o
                                                  build/obj/chevents.o
                                                  build/obj/chcond.o
                                                  build/obj/chmtx.o
                                                  build/obj/chsem.o
                                                  build/obj/chthreads.o
chSchWakeupS                                      build/obj/chschd.o
                                                  build/obj/chmsg.o
                                                  build/obj/chcond.o
                                                  build/obj/chmtx.o
                                                  build/obj/chsem.o
                                                  build/obj/chdynamic.o
                                                  build/obj/chthreads.o
chSemAddCounterI                                  build/obj/chsem.o
chSemInit                                         build/obj/chsem.o
                                                  build/obj/chmboxes.o
chSemReset                                        build/obj/chsem.o
chSemResetI                                       build/obj/chsem.o
                                                  build/obj/chmboxes.o
chSemSignal                                       build/obj/chsem.o
chSemSignalI                                      build/obj/chsem.o
                                                  build/obj/chmboxes.o
chSemSignalWait                                   build/obj/chsem.o
chSemWait                                         build/obj/chsem.o
chSemWaitS                                        build/obj/chsem.o
chSemWaitTimeout                                  build/obj/chsem.o
chSemWaitTimeoutS                                 build/obj/chsem.o
                                                  build/obj/chmboxes.o
chSysInit                                         build/obj/chsys.o
                                                  build/obj/main.o
chSysTimerHandlerI                                build/obj/chsys.o
                                                  build/obj/chcore_v7m.o
chThdAddRef                                       build/obj/chdynamic.o
chThdCreateFromHeap                               build/obj/chdynamic.o
chThdCreateFromMemoryPool                         build/obj/chdynamic.o
chThdCreateI                                      build/obj/chthreads.o
                                                  build/obj/chdynamic.o
chThdCreateStatic                                 build/obj/chthreads.o
                                                  build/obj/main.o
                                                  build/obj/chsys.o
chThdExit                                         build/obj/chthreads.o
                                                  build/obj/chcore_v7m.o
chThdExitS                                        build/obj/chthreads.o
chThdRelease                                      build/obj/chdynamic.o
                                                  build/obj/chregistry.o
                                                  build/obj/chthreads.o
chThdResume                                       build/obj/chthreads.o
chThdSetPriority                                  build/obj/chthreads.o
chThdSleep                                        build/obj/chthreads.o
                                                  build/obj/main.o
chThdSleepUntil                                   build/obj/chthreads.o
chThdTerminate                                    build/obj/chthreads.o
chThdWait                                         build/obj/chthreads.o
chThdYield                                        build/obj/chthreads.o
chVTResetI                                        build/obj/chvt.o
                                                  build/obj/chschd.o
chVTSetI                                          build/obj/chvt.o
                                                  build/obj/chschd.o
ch_debug                                          build/obj/chregistry.o
                                                  build/obj/chsys.o
chsnprintf                                        build/obj/chprintf.o
chvprintf                                         build/obj/chprintf.o
dmaInit                                           build/obj/stm32_dma.o
                                                  build/obj/hal_lld.o
dmaStreamAllocate                                 build/obj/stm32_dma.o
                                                  build/obj/uart_lld.o
                                                  build/obj/spi_lld.o
dmaStreamRelease                                  build/obj/stm32_dma.o
                                                  build/obj/uart_lld.o
                                                  build/obj/spi_lld.o
halInit                                           build/obj/hal.o
                                                  build/obj/main.o
halIsCounterWithin                                build/obj/hal.o
halPolledDelay                                    build/obj/hal.o
hal_lld_init                                      build/obj/hal_lld.o
                                                  build/obj/hal.o
main                                              build/obj/main.o
                                                  build/obj/crt0.o
memchr                                            /home/lithium/Descargas/gcc-arm-none-eabi-5_3-2016q1/bin/../lib/gcc/arm-none-eabi/5.3.1/../../../../arm-none-eabi/lib/armv7e-m/libg.a(lib_a-memchr.o)
                                                  /home/lithium/Descargas/gcc-arm-none-eabi-5_3-2016q1/bin/../lib/gcc/arm-none-eabi/5.3.1/../../../../arm-none-eabi/lib/armv7e-m/libg.a(lib_a-strstr.o)
memcmp                                            /home/lithium/Descargas/gcc-arm-none-eabi-5_3-2016q1/bin/../lib/gcc/arm-none-eabi/5.3.1/../../../../arm-none-eabi/lib/armv7e-m/libg.a(lib_a-memcmp.o)
                                                  /home/lithium/Descargas/gcc-arm-none-eabi-5_3-2016q1/bin/../lib/gcc/arm-none-eabi/5.3.1/../../../../arm-none-eabi/lib/armv7e-m/libg.a(lib_a-strstr.o)
message                                           build/obj/main.o
msObjectInit                                      build/obj/chprintf.o
nvicDisableVector                                 build/obj/nvic.o
                                                  build/obj/uart_lld.o
                                                  build/obj/pwm_lld.o
                                                  build/obj/stm32_dma.o
nvicEnableVector                                  build/obj/nvic.o
                                                  build/obj/uart_lld.o
                                                  build/obj/pwm_lld.o
                                                  build/obj/stm32_dma.o
nvicSetSystemHandlerPriority                      build/obj/nvic.o
                                                  build/obj/chcore_v7m.o
palReadBus                                        build/obj/pal.o
palSetBusMode                                     build/obj/pal.o
palWriteBus                                       build/obj/pal.o
pal_default_config                                build/obj/board.o
                                                  build/obj/hal.o
port_halt                                         build/obj/chcore.o
                                                  build/obj/uart_lld.o
                                                  build/obj/spi_lld.o
pwmChangePeriod                                   build/obj/pwm.o
pwmDisableChannel                                 build/obj/pwm.o
pwmEnableChannel                                  build/obj/pwm.o
pwmInit                                           build/obj/pwm.o
                                                  build/obj/hal.o
pwmObjectInit                                     build/obj/pwm.o
                                                  build/obj/pwm_lld.o
pwmStart                                          build/obj/pwm.o
pwmStop                                           build/obj/pwm.o
pwm_lld_disable_channel                           build/obj/pwm_lld.o
                                                  build/obj/pwm.o
pwm_lld_enable_channel                            build/obj/pwm_lld.o
                                                  build/obj/pwm.o
pwm_lld_init                                      build/obj/pwm_lld.o
                                                  build/obj/pwm.o
pwm_lld_start                                     build/obj/pwm_lld.o
                                                  build/obj/pwm.o
pwm_lld_stop                                      build/obj/pwm_lld.o
                                                  build/obj/pwm.o
rlist                                             build/obj/chschd.o
                                                  build/obj/spi.o
                                                  build/obj/chqueues.o
                                                  build/obj/chmsg.o
                                                  build/obj/chevents.o
                                                  build/obj/chcond.o
                                                  build/obj/chmtx.o
                                                  build/obj/chsem.o
                                                  build/obj/chregistry.o
                                                  build/obj/chthreads.o
                                                  build/obj/chsys.o
                                                  build/obj/chcore_v7m.o
spiAcquireBus                                     build/obj/spi.o
spiExchange                                       build/obj/spi.o
spiIgnore                                         build/obj/spi.o
spiInit                                           build/obj/spi.o
                                                  build/obj/hal.o
spiObjectInit                                     build/obj/spi.o
                                                  build/obj/spi_lld.o
spiReceive                                        build/obj/spi.o
spiReleaseBus                                     build/obj/spi.o
spiSelect                                         build/obj/spi.o
spiSend                                           build/obj/spi.o
spiStart                                          build/obj/spi.o
spiStartExchange                                  build/obj/spi.o
spiStartIgnore                                    build/obj/spi.o
spiStartReceive                                   build/obj/spi.o
spiStartSend                                      build/obj/spi.o
spiStop                                           build/obj/spi.o
spiUnselect                                       build/obj/spi.o
spi_lld_exchange                                  build/obj/spi_lld.o
                                                  build/obj/spi.o
spi_lld_ignore                                    build/obj/spi_lld.o
                                                  build/obj/spi.o
spi_lld_init                                      build/obj/spi_lld.o
                                                  build/obj/spi.o
spi_lld_polled_exchange                           build/obj/spi_lld.o
spi_lld_receive                                   build/obj/spi_lld.o
                                                  build/obj/spi.o
spi_lld_select                                    build/obj/spi_lld.o
                                                  build/obj/spi.o
spi_lld_send                                      build/obj/spi_lld.o
                                                  build/obj/spi.o
spi_lld_start                                     build/obj/spi_lld.o
                                                  build/obj/spi.o
spi_lld_stop                                      build/obj/spi_lld.o
                                                  build/obj/spi.o
spi_lld_unselect                                  build/obj/spi_lld.o
                                                  build/obj/spi.o
stm32_clock_init                                  build/obj/hal_lld.o
                                                  build/obj/board.o
strchr                                            /home/lithium/Descargas/gcc-arm-none-eabi-5_3-2016q1/bin/../lib/gcc/arm-none-eabi/5.3.1/../../../../arm-none-eabi/lib/armv7e-m/libg.a(lib_a-strchr.o)
                                                  /home/lithium/Descargas/gcc-arm-none-eabi-5_3-2016q1/bin/../lib/gcc/arm-none-eabi/5.3.1/../../../../arm-none-eabi/lib/armv7e-m/libg.a(lib_a-strstr.o)
strlen                                            /home/lithium/Descargas/gcc-arm-none-eabi-5_3-2016q1/bin/../lib/gcc/arm-none-eabi/5.3.1/../../../../arm-none-eabi/lib/armv7e-m/libg.a(lib_a-strlen.o)
                                                  build/obj/main.o
strstr                                            /home/lithium/Descargas/gcc-arm-none-eabi-5_3-2016q1/bin/../lib/gcc/arm-none-eabi/5.3.1/../../../../arm-none-eabi/lib/armv7e-m/libg.a(lib_a-strstr.o)
                                                  build/obj/main.o
uartInit                                          build/obj/uart.o
                                                  build/obj/hal.o
uartObjectInit                                    build/obj/uart.o
                                                  build/obj/uart_lld.o
uartStart                                         build/obj/uart.o
                                                  build/obj/main.o
uartStartReceive                                  build/obj/uart.o
                                                  build/obj/main.o
uartStartReceiveI                                 build/obj/uart.o
uartStartSend                                     build/obj/uart.o
                                                  build/obj/main.o
uartStartSendI                                    build/obj/uart.o
uartStop                                          build/obj/uart.o
uartStopReceive                                   build/obj/uart.o
                                                  build/obj/main.o
uartStopReceiveI                                  build/obj/uart.o
uartStopSend                                      build/obj/uart.o
                                                  build/obj/main.o
uartStopSendI                                     build/obj/uart.o
uart_lld_init                                     build/obj/uart_lld.o
                                                  build/obj/uart.o
uart_lld_start                                    build/obj/uart_lld.o
                                                  build/obj/uart.o
uart_lld_start_receive                            build/obj/uart_lld.o
                                                  build/obj/uart.o
uart_lld_start_send                               build/obj/uart_lld.o
                                                  build/obj/uart.o
uart_lld_stop                                     build/obj/uart_lld.o
                                                  build/obj/uart.o
uart_lld_stop_receive                             build/obj/uart_lld.o
                                                  build/obj/uart.o
uart_lld_stop_send                                build/obj/uart_lld.o
                                                  build/obj/uart.o
vtlist                                            build/obj/chvt.o
                                                  build/obj/chthreads.o
                                                  build/obj/chsys.o
